#-----------------------------------------------------------
# Vivado v2020.1 (64-bit)
# SW Build 2902540 on Wed May 27 19:54:49 MDT 2020
# IP Build 2902112 on Wed May 27 22:43:36 MDT 2020
# Start of session at: Sat Apr 11 12:01:42 2026
# Process ID: 21252
# Current directory: C:/Users/ha10609/Downloads/CA-Labs-T1/Lab10
# Command line: vivado.exe -gui_launcher_event rodinguilauncherevent6696 C:\Users\ha10609\Downloads\CA-Labs-T1\Lab10\LAB10.xpr
# Log file: C:/Users/ha10609/Downloads/CA-Labs-T1/Lab10/vivado.log
# Journal file: C:/Users/ha10609/Downloads/CA-Labs-T1/Lab10\vivado.jou
#-----------------------------------------------------------
start_gui
open_project C:/Users/ha10609/Downloads/CA-Labs-T1/Lab10/LAB10.xpr
CRITICAL WARNING: [Project 1-19] Could not find the file 'C:/Users/ha10609/Downloads/CA-Labs-T1/Lab10/instructions.mem'.
Scanning sources...
Finished scanning sources
INFO: [IP_Flow 19-234] Refreshing IP repositories
INFO: [IP_Flow 19-1704] No user IP repositories specified
INFO: [IP_Flow 19-2313] Loaded Vivado IP repository 'C:/Xilinx/Vivado/2020.1/data/ip'.
update_compile_order -fileset sources_1
exit
INFO: [Common 17-206] Exiting Vivado at Sat Apr 11 12:02:17 2026...
