#-----------------------------------------------------------
# Vivado v2020.1 (64-bit)
# SW Build 2902540 on Wed May 27 19:54:49 MDT 2020
# IP Build 2902112 on Wed May 27 22:43:36 MDT 2020
# Start of session at: Sat Apr 11 11:58:12 2026
# Process ID: 35536
# Current directory: C:/Users/ha10609/Downloads/CA-Labs-T1/Lab10
# Command line: vivado.exe -gui_launcher_event rodinguilauncherevent22128 C:\Users\ha10609\Downloads\CA-Labs-T1\Lab10\LAB10.xpr
# Log file: C:/Users/ha10609/Downloads/CA-Labs-T1/Lab10/vivado.log
# Journal file: C:/Users/ha10609/Downloads/CA-Labs-T1/Lab10\vivado.jou
#-----------------------------------------------------------
start_gui
open_project C:/Users/ha10609/Downloads/CA-Labs-T1/Lab10/LAB10.xpr
Scanning sources...
Finished scanning sources
INFO: [IP_Flow 19-234] Refreshing IP repositories
INFO: [IP_Flow 19-1704] No user IP repositories specified
INFO: [IP_Flow 19-2313] Loaded Vivado IP repository 'C:/Xilinx/Vivado/2020.1/data/ip'.
update_compile_order -fileset sources_1
set_property SOURCE_SET sources_1 [get_filesets sim_1]
add_files -fileset sim_1 -norecurse C:/Users/ha10609/Downloads/CA-Labs-T1/Lab10/instructions.mem
launch_simulation
Command: launch_simulation 
INFO: [Vivado 12-5682] Launching behavioral simulation in 'C:/Users/ha10609/Downloads/CA-Labs-T1/Lab10/LAB10.sim/sim_1/behav/xsim'
INFO: [SIM-utils-51] Simulation object is 'sim_1'
INFO: [SIM-utils-54] Inspecting design source files for 'instructionMemory' in fileset 'sim_1'...
INFO: [SIM-utils-43] Exported 'C:/Users/ha10609/Downloads/CA-Labs-T1/Lab10/LAB10.sim/sim_1/behav/xsim/instructions.mem'
INFO: [SIM-utils-43] Exported 'C:/Users/ha10609/Downloads/CA-Labs-T1/Lab10/LAB10.sim/sim_1/behav/xsim/instructions.mem'
INFO: [USF-XSim-97] Finding global include files...
INFO: [USF-XSim-98] Fetching design files from 'sim_1'...
INFO: [USF-XSim-2] XSim::Compile design
INFO: [USF-XSim-61] Executing 'COMPILE and ANALYZE' step in 'C:/Users/ha10609/Downloads/CA-Labs-T1/Lab10/LAB10.sim/sim_1/behav/xsim'
"xvlog --incr --relax -prj instructionMemory_vlog.prj"
INFO: [USF-XSim-69] 'compile' step finished in '2' seconds
INFO: [USF-XSim-3] XSim::Elaborate design
INFO: [USF-XSim-61] Executing 'ELABORATE' step in 'C:/Users/ha10609/Downloads/CA-Labs-T1/Lab10/LAB10.sim/sim_1/behav/xsim'
"xelab -wto 779b500f2a78441ebdb42bfb24ab673f --incr --debug typical --relax --mt 2 -L xil_defaultlib -L unisims_ver -L unimacro_ver -L secureip --snapshot instructionMemory_behav xil_defaultlib.instructionMemory xil_defaultlib.glbl -log elaborate.log"
Vivado Simulator 2020.1
Copyright 1986-1999, 2001-2020 Xilinx, Inc. All Rights Reserved.
Running: C:/Xilinx/Vivado/2020.1/bin/unwrapped/win64.o/xelab.exe -wto 779b500f2a78441ebdb42bfb24ab673f --incr --debug typical --relax --mt 2 -L xil_defaultlib -L unisims_ver -L unimacro_ver -L secureip --snapshot instructionMemory_behav xil_defaultlib.instructionMemory xil_defaultlib.glbl -log elaborate.log 
Using 2 slave threads.
Starting static elaboration
Pass Through NonSizing Optimizer
Completed static elaboration
INFO: [XSIM 43-4323] No Change in HDL. Linking previously generated obj files to create kernel
INFO: [USF-XSim-69] 'elaborate' step finished in '3' seconds
INFO: [USF-XSim-4] XSim::Simulate design
INFO: [USF-XSim-61] Executing 'SIMULATE' step in 'C:/Users/ha10609/Downloads/CA-Labs-T1/Lab10/LAB10.sim/sim_1/behav/xsim'
INFO: [USF-XSim-98] *** Running xsim
   with args "instructionMemory_behav -key {Behavioral:sim_1:Functional:instructionMemory} -tclbatch {instructionMemory.tcl} -log {simulate.log}"
INFO: [USF-XSim-8] Loading simulator feature
Vivado Simulator 2020.1
Time resolution is 1 ps
source instructionMemory.tcl
# set curr_wave [current_wave_config]
# if { [string length $curr_wave] == 0 } {
#   if { [llength [get_objects]] > 0} {
#     add_wave /
#     set_property needs_save false [current_wave_config]
#   } else {
#      send_msg_id Add_Wave-1 WARNING "No top level signals found. Simulator will start without a wave window. If you want to open a wave window go to 'File->New Waveform Configuration' or type 'create_wave_config' in the TCL console."
#   }
# }
# run 1000ns
INFO: [USF-XSim-96] XSim completed. Design snapshot 'instructionMemory_behav' loaded.
INFO: [USF-XSim-97] XSim simulation ran for 1000ns
launch_simulation: Time (s): cpu = 00:00:04 ; elapsed = 00:00:07 . Memory (MB): peak = 1026.906 ; gain = 0.000
close_sim
INFO: [Simtcl 6-16] Simulation closed
exit
INFO: [Common 17-206] Exiting Vivado at Sat Apr 11 12:01:40 2026...
