#-----------------------------------------------------------
# Vivado v2020.1 (64-bit)
# SW Build 2902540 on Wed May 27 19:54:49 MDT 2020
# IP Build 2902112 on Wed May 27 22:43:36 MDT 2020
# Start of session at: Thu Apr 16 00:06:24 2026
# Process ID: 9212
# Current directory: C:/Users/tau/Documents/Labs-CA-T1/Lab10
# Command line: vivado.exe -gui_launcher_event rodinguilauncherevent9456 C:\Users\tau\Documents\Labs-CA-T1\Lab10\LAB10.xpr
# Log file: C:/Users/tau/Documents/Labs-CA-T1/Lab10/vivado.log
# Journal file: C:/Users/tau/Documents/Labs-CA-T1/Lab10\vivado.jou
#-----------------------------------------------------------
start_gui
open_project C:/Users/tau/Documents/Labs-CA-T1/Lab10/LAB10.xpr
INFO: [Project 1-313] Project file moved from 'C:/Users/ha10609/Downloads/CA-Labs-T1/Lab10' since last save.
Scanning sources...
Finished scanning sources
INFO: [IP_Flow 19-234] Refreshing IP repositories
INFO: [IP_Flow 19-1704] No user IP repositories specified
INFO: [IP_Flow 19-2313] Loaded Vivado IP repository 'C:/Xilinx/Vivado/2020.1/data/ip'.
open_project: Time (s): cpu = 00:00:11 ; elapsed = 00:00:07 . Memory (MB): peak = 1015.520 ; gain = 0.000
update_compile_order -fileset sources_1
launch_simulation
Command: launch_simulation 
INFO: [Vivado 12-5682] Launching behavioral simulation in 'C:/Users/tau/Documents/Labs-CA-T1/Lab10/LAB10.sim/sim_1/behav/xsim'
INFO: [SIM-utils-51] Simulation object is 'sim_1'
INFO: [SIM-utils-54] Inspecting design source files for 'instructionMemory' in fileset 'sim_1'...
INFO: [SIM-utils-43] Exported 'C:/Users/tau/Documents/Labs-CA-T1/Lab10/LAB10.sim/sim_1/behav/xsim/instructions.mem'
INFO: [SIM-utils-43] Exported 'C:/Users/tau/Documents/Labs-CA-T1/Lab10/LAB10.sim/sim_1/behav/xsim/instructions.mem'
INFO: [USF-XSim-97] Finding global include files...
INFO: [USF-XSim-98] Fetching design files from 'sim_1'...
INFO: [USF-XSim-2] XSim::Compile design
INFO: [USF-XSim-61] Executing 'COMPILE and ANALYZE' step in 'C:/Users/tau/Documents/Labs-CA-T1/Lab10/LAB10.sim/sim_1/behav/xsim'
"xvlog --incr --relax -prj instructionMemory_vlog.prj"
INFO: [VRFC 10-2263] Analyzing Verilog file "C:/Users/tau/Documents/Labs-CA-T1/Lab10/LAB10.srcs/sources_1/new/InstructionMemory.v" into library xil_defaultlib
INFO: [VRFC 10-311] analyzing module instructionMemory
INFO: [VRFC 10-2263] Analyzing Verilog file "C:/Users/tau/Documents/Labs-CA-T1/Lab10/LAB10.sim/sim_1/behav/xsim/glbl.v" into library xil_defaultlib
INFO: [VRFC 10-311] analyzing module glbl
INFO: [USF-XSim-69] 'compile' step finished in '2' seconds
INFO: [USF-XSim-3] XSim::Elaborate design
INFO: [USF-XSim-61] Executing 'ELABORATE' step in 'C:/Users/tau/Documents/Labs-CA-T1/Lab10/LAB10.sim/sim_1/behav/xsim'
"xelab -wto 779b500f2a78441ebdb42bfb24ab673f --incr --debug typical --relax --mt 2 -L xil_defaultlib -L unisims_ver -L unimacro_ver -L secureip --snapshot instructionMemory_behav xil_defaultlib.instructionMemory xil_defaultlib.glbl -log elaborate.log"
Vivado Simulator 2020.1
Copyright 1986-1999, 2001-2020 Xilinx, Inc. All Rights Reserved.
Running: C:/Xilinx/Vivado/2020.1/bin/unwrapped/win64.o/xelab.exe -wto 779b500f2a78441ebdb42bfb24ab673f --incr --debug typical --relax --mt 2 -L xil_defaultlib -L unisims_ver -L unimacro_ver -L secureip --snapshot instructionMemory_behav xil_defaultlib.instructionMemory xil_defaultlib.glbl -log elaborate.log 
Using 2 slave threads.
Starting static elaboration
Pass Through NonSizing Optimizer
Completed static elaboration
Starting simulation data flow analysis
Completed simulation data flow analysis
Time Resolution for simulation is 1ps
Compiling module xil_defaultlib.instructionMemory
Compiling module xil_defaultlib.glbl
Built simulation snapshot instructionMemory_behav

****** Webtalk v2020.1 (64-bit)
  **** SW Build 2902540 on Wed May 27 19:54:49 MDT 2020
  **** IP Build 2902112 on Wed May 27 22:43:36 MDT 2020
    ** Copyright 1986-2020 Xilinx, Inc. All Rights Reserved.

source C:/Users/tau/Documents/Labs-CA-T1/Lab10/LAB10.sim/sim_1/behav/xsim/xsim.dir/instructionMemory_behav/webtalk/xsim_webtalk.tcl -notrace
INFO: [Common 17-206] Exiting Webtalk at Thu Apr 16 00:07:27 2026...
run_program: Time (s): cpu = 00:00:00 ; elapsed = 00:00:07 . Memory (MB): peak = 1015.520 ; gain = 0.000
INFO: [USF-XSim-69] 'elaborate' step finished in '7' seconds
INFO: [USF-XSim-4] XSim::Simulate design
INFO: [USF-XSim-61] Executing 'SIMULATE' step in 'C:/Users/tau/Documents/Labs-CA-T1/Lab10/LAB10.sim/sim_1/behav/xsim'
INFO: [USF-XSim-98] *** Running xsim
   with args "instructionMemory_behav -key {Behavioral:sim_1:Functional:instructionMemory} -tclbatch {instructionMemory.tcl} -log {simulate.log}"
INFO: [USF-XSim-8] Loading simulator feature
Vivado Simulator 2020.1
Time resolution is 1 ps
source instructionMemory.tcl
# set curr_wave [current_wave_config]
# if { [string length $curr_wave] == 0 } {
#   if { [llength [get_objects]] > 0} {
#     add_wave /
#     set_property needs_save false [current_wave_config]
#   } else {
#      send_msg_id Add_Wave-1 WARNING "No top level signals found. Simulator will start without a wave window. If you want to open a wave window go to 'File->New Waveform Configuration' or type 'create_wave_config' in the TCL console."
#   }
# }
# run 1000ns
INFO: [USF-XSim-96] XSim completed. Design snapshot 'instructionMemory_behav' loaded.
INFO: [USF-XSim-97] XSim simulation ran for 1000ns
launch_simulation: Time (s): cpu = 00:00:08 ; elapsed = 00:00:13 . Memory (MB): peak = 1015.520 ; gain = 0.000
close_sim
INFO: [Simtcl 6-16] Simulation closed
exit
INFO: [Common 17-206] Exiting Vivado at Thu Apr 16 00:08:29 2026...
