Vivado Simulator 2020.1
Time resolution is 1 ps
Time=0 | PC=x | Instruction=xxxxxxxx | ALUResult=x | LEDs=xxxxxxxxxxxxxxxx
Time=5000 | PC=0 | Instruction=00500093 | ALUResult=0 | LEDs=0000000000000000
Time=25000 | PC=4 | Instruction=xxxxxxxx | ALUResult=x | LEDs=xxxxxxxxxxxxxxxx
Time=35000 | PC=8 | Instruction=xxxxxxxx | ALUResult=x | LEDs=xxxxxxxxxxxxxxxx
Time=45000 | PC=12 | Instruction=xxxxxxxx | ALUResult=x | LEDs=xxxxxxxxxxxxxxxx
Time=55000 | PC=16 | Instruction=xxxxxxxx | ALUResult=x | LEDs=xxxxxxxxxxxxxxxx
Time=65000 | PC=20 | Instruction=xxxxxxxx | ALUResult=x | LEDs=xxxxxxxxxxxxxxxx
Time=75000 | PC=24 | Instruction=xxxxxxxx | ALUResult=x | LEDs=xxxxxxxxxxxxxxxx
Time=85000 | PC=28 | Instruction=xxxxxxxx | ALUResult=x | LEDs=xxxxxxxxxxxxxxxx
Time=95000 | PC=32 | Instruction=xxxxxxxx | ALUResult=x | LEDs=xxxxxxxxxxxxxxxx
Time=105000 | PC=36 | Instruction=xxxxxxxx | ALUResult=x | LEDs=xxxxxxxxxxxxxxxx
Time=115000 | PC=40 | Instruction=xxxxxxxx | ALUResult=x | LEDs=xxxxxxxxxxxxxxxx
Time=125000 | PC=44 | Instruction=xxxxxxxx | ALUResult=x | LEDs=xxxxxxxxxxxxxxxx
Time=135000 | PC=48 | Instruction=xxxxxxxx | ALUResult=x | LEDs=xxxxxxxxxxxxxxxx
Time=145000 | PC=52 | Instruction=xxxxxxxx | ALUResult=x | LEDs=xxxxxxxxxxxxxxxx
Time=155000 | PC=56 | Instruction=xxxxxxxx | ALUResult=x | LEDs=xxxxxxxxxxxxxxxx
Time=165000 | PC=60 | Instruction=xxxxxxxx | ALUResult=x | LEDs=xxxxxxxxxxxxxxxx
Time=175000 | PC=64 | Instruction=xxxxxxxx | ALUResult=x | LEDs=xxxxxxxxxxxxxxxx
Time=185000 | PC=68 | Instruction=xxxxxxxx | ALUResult=x | LEDs=xxxxxxxxxxxxxxxx
Time=195000 | PC=72 | Instruction=xxxxxxxx | ALUResult=x | LEDs=xxxxxxxxxxxxxxxx
Time=205000 | PC=76 | Instruction=xxxxxxxx | ALUResult=x | LEDs=xxxxxxxxxxxxxxxx
Time=215000 | PC=80 | Instruction=xxxxxxxx | ALUResult=x | LEDs=xxxxxxxxxxxxxxxx
Time=225000 | PC=84 | Instruction=xxxxxxxx | ALUResult=x | LEDs=xxxxxxxxxxxxxxxx
Time=235000 | PC=88 | Instruction=xxxxxxxx | ALUResult=x | LEDs=xxxxxxxxxxxxxxxx
Time=245000 | PC=92 | Instruction=xxxxxxxx | ALUResult=x | LEDs=xxxxxxxxxxxxxxxx
Time=255000 | PC=96 | Instruction=xxxxxxxx | ALUResult=x | LEDs=xxxxxxxxxxxxxxxx
Time=265000 | PC=100 | Instruction=xxxxxxxx | ALUResult=x | LEDs=xxxxxxxxxxxxxxxx
Time=275000 | PC=104 | Instruction=xxxxxxxx | ALUResult=x | LEDs=xxxxxxxxxxxxxxxx
Time=285000 | PC=108 | Instruction=xxxxxxxx | ALUResult=x | LEDs=xxxxxxxxxxxxxxxx
Time=295000 | PC=112 | Instruction=xxxxxxxx | ALUResult=x | LEDs=xxxxxxxxxxxxxxxx
Time=305000 | PC=116 | Instruction=xxxxxxxx | ALUResult=x | LEDs=xxxxxxxxxxxxxxxx
Time=315000 | PC=120 | Instruction=xxxxxxxx | ALUResult=x | LEDs=xxxxxxxxxxxxxxxx
Time=325000 | PC=124 | Instruction=xxxxxxxx | ALUResult=x | LEDs=xxxxxxxxxxxxxxxx
Time=335000 | PC=128 | Instruction=xxxxxxxx | ALUResult=x | LEDs=xxxxxxxxxxxxxxxx
Time=345000 | PC=132 | Instruction=xxxxxxxx | ALUResult=x | LEDs=xxxxxxxxxxxxxxxx
Time=355000 | PC=136 | Instruction=xxxxxxxx | ALUResult=x | LEDs=xxxxxxxxxxxxxxxx
Time=365000 | PC=140 | Instruction=xxxxxxxx | ALUResult=x | LEDs=xxxxxxxxxxxxxxxx
Time=375000 | PC=144 | Instruction=xxxxxxxx | ALUResult=x | LEDs=xxxxxxxxxxxxxxxx
Time=385000 | PC=148 | Instruction=xxxxxxxx | ALUResult=x | LEDs=xxxxxxxxxxxxxxxx
Time=395000 | PC=152 | Instruction=xxxxxxxx | ALUResult=x | LEDs=xxxxxxxxxxxxxxxx
Time=405000 | PC=156 | Instruction=xxxxxxxx | ALUResult=x | LEDs=xxxxxxxxxxxxxxxx
Time=415000 | PC=160 | Instruction=xxxxxxxx | ALUResult=x | LEDs=xxxxxxxxxxxxxxxx
Time=425000 | PC=164 | Instruction=xxxxxxxx | ALUResult=x | LEDs=xxxxxxxxxxxxxxxx
Time=435000 | PC=168 | Instruction=xxxxxxxx | ALUResult=x | LEDs=xxxxxxxxxxxxxxxx
Time=445000 | PC=172 | Instruction=xxxxxxxx | ALUResult=x | LEDs=xxxxxxxxxxxxxxxx
Time=455000 | PC=176 | Instruction=xxxxxxxx | ALUResult=x | LEDs=xxxxxxxxxxxxxxxx
Time=465000 | PC=180 | Instruction=xxxxxxxx | ALUResult=x | LEDs=xxxxxxxxxxxxxxxx
Time=475000 | PC=184 | Instruction=xxxxxxxx | ALUResult=x | LEDs=xxxxxxxxxxxxxxxx
Time=485000 | PC=188 | Instruction=xxxxxxxx | ALUResult=x | LEDs=xxxxxxxxxxxxxxxx
Time=495000 | PC=192 | Instruction=xxxxxxxx | ALUResult=x | LEDs=xxxxxxxxxxxxxxxx
Time=505000 | PC=196 | Instruction=xxxxxxxx | ALUResult=x | LEDs=xxxxxxxxxxxxxxxx
Time=515000 | PC=200 | Instruction=xxxxxxxx | ALUResult=x | LEDs=xxxxxxxxxxxxxxxx
Time=525000 | PC=204 | Instruction=xxxxxxxx | ALUResult=x | LEDs=xxxxxxxxxxxxxxxx
Time=535000 | PC=208 | Instruction=xxxxxxxx | ALUResult=x | LEDs=xxxxxxxxxxxxxxxx
Time=545000 | PC=212 | Instruction=xxxxxxxx | ALUResult=x | LEDs=xxxxxxxxxxxxxxxx
Time=555000 | PC=216 | Instruction=xxxxxxxx | ALUResult=x | LEDs=xxxxxxxxxxxxxxxx
Time=565000 | PC=220 | Instruction=xxxxxxxx | ALUResult=x | LEDs=xxxxxxxxxxxxxxxx
Time=575000 | PC=224 | Instruction=xxxxxxxx | ALUResult=x | LEDs=xxxxxxxxxxxxxxxx
Time=585000 | PC=228 | Instruction=xxxxxxxx | ALUResult=x | LEDs=xxxxxxxxxxxxxxxx
Time=595000 | PC=232 | Instruction=xxxxxxxx | ALUResult=x | LEDs=xxxxxxxxxxxxxxxx
Time=605000 | PC=236 | Instruction=xxxxxxxx | ALUResult=x | LEDs=xxxxxxxxxxxxxxxx
Time=615000 | PC=240 | Instruction=xxxxxxxx | ALUResult=x | LEDs=xxxxxxxxxxxxxxxx
Time=625000 | PC=244 | Instruction=xxxxxxxx | ALUResult=x | LEDs=xxxxxxxxxxxxxxxx
Time=635000 | PC=248 | Instruction=xxxxxxxx | ALUResult=x | LEDs=xxxxxxxxxxxxxxxx
Time=645000 | PC=252 | Instruction=xxxxxxxx | ALUResult=x | LEDs=xxxxxxxxxxxxxxxx
Time=655000 | PC=256 | Instruction=xxxxxxxx | ALUResult=x | LEDs=xxxxxxxxxxxxxxxx
Time=665000 | PC=260 | Instruction=xxxxxxxx | ALUResult=x | LEDs=xxxxxxxxxxxxxxxx
Time=675000 | PC=264 | Instruction=xxxxxxxx | ALUResult=x | LEDs=xxxxxxxxxxxxxxxx
Time=685000 | PC=268 | Instruction=xxxxxxxx | ALUResult=x | LEDs=xxxxxxxxxxxxxxxx
Time=695000 | PC=272 | Instruction=xxxxxxxx | ALUResult=x | LEDs=xxxxxxxxxxxxxxxx
Time=705000 | PC=276 | Instruction=xxxxxxxx | ALUResult=x | LEDs=xxxxxxxxxxxxxxxx
Time=715000 | PC=280 | Instruction=xxxxxxxx | ALUResult=x | LEDs=xxxxxxxxxxxxxxxx
Time=725000 | PC=284 | Instruction=xxxxxxxx | ALUResult=x | LEDs=xxxxxxxxxxxxxxxx
Time=735000 | PC=288 | Instruction=xxxxxxxx | ALUResult=x | LEDs=xxxxxxxxxxxxxxxx
Time=745000 | PC=292 | Instruction=xxxxxxxx | ALUResult=x | LEDs=xxxxxxxxxxxxxxxx
Time=755000 | PC=296 | Instruction=xxxxxxxx | ALUResult=x | LEDs=xxxxxxxxxxxxxxxx
Time=765000 | PC=300 | Instruction=xxxxxxxx | ALUResult=x | LEDs=xxxxxxxxxxxxxxxx
Time=775000 | PC=304 | Instruction=xxxxxxxx | ALUResult=x | LEDs=xxxxxxxxxxxxxxxx
Time=785000 | PC=308 | Instruction=xxxxxxxx | ALUResult=x | LEDs=xxxxxxxxxxxxxxxx
Time=795000 | PC=312 | Instruction=xxxxxxxx | ALUResult=x | LEDs=xxxxxxxxxxxxxxxx
Time=805000 | PC=316 | Instruction=xxxxxxxx | ALUResult=x | LEDs=xxxxxxxxxxxxxxxx
Time=815000 | PC=320 | Instruction=xxxxxxxx | ALUResult=x | LEDs=xxxxxxxxxxxxxxxx
Time=825000 | PC=324 | Instruction=xxxxxxxx | ALUResult=x | LEDs=xxxxxxxxxxxxxxxx
Time=835000 | PC=328 | Instruction=xxxxxxxx | ALUResult=x | LEDs=xxxxxxxxxxxxxxxx
Time=845000 | PC=332 | Instruction=xxxxxxxx | ALUResult=x | LEDs=xxxxxxxxxxxxxxxx
Time=855000 | PC=336 | Instruction=xxxxxxxx | ALUResult=x | LEDs=xxxxxxxxxxxxxxxx
Time=865000 | PC=340 | Instruction=xxxxxxxx | ALUResult=x | LEDs=xxxxxxxxxxxxxxxx
Time=875000 | PC=344 | Instruction=xxxxxxxx | ALUResult=x | LEDs=xxxxxxxxxxxxxxxx
Time=885000 | PC=348 | Instruction=xxxxxxxx | ALUResult=x | LEDs=xxxxxxxxxxxxxxxx
Time=895000 | PC=352 | Instruction=xxxxxxxx | ALUResult=x | LEDs=xxxxxxxxxxxxxxxx
Time=905000 | PC=356 | Instruction=xxxxxxxx | ALUResult=x | LEDs=xxxxxxxxxxxxxxxx
Time=915000 | PC=360 | Instruction=xxxxxxxx | ALUResult=x | LEDs=xxxxxxxxxxxxxxxx
Time=925000 | PC=364 | Instruction=xxxxxxxx | ALUResult=x | LEDs=xxxxxxxxxxxxxxxx
Time=935000 | PC=368 | Instruction=xxxxxxxx | ALUResult=x | LEDs=xxxxxxxxxxxxxxxx
Time=945000 | PC=372 | Instruction=xxxxxxxx | ALUResult=x | LEDs=xxxxxxxxxxxxxxxx
Time=955000 | PC=376 | Instruction=xxxxxxxx | ALUResult=x | LEDs=xxxxxxxxxxxxxxxx
Time=965000 | PC=380 | Instruction=xxxxxxxx | ALUResult=x | LEDs=xxxxxxxxxxxxxxxx
Time=975000 | PC=384 | Instruction=xxxxxxxx | ALUResult=x | LEDs=xxxxxxxxxxxxxxxx
Time=985000 | PC=388 | Instruction=xxxxxxxx | ALUResult=x | LEDs=xxxxxxxxxxxxxxxx
Time=995000 | PC=392 | Instruction=xxxxxxxx | ALUResult=x | LEDs=xxxxxx