#-----------------------------------------------------------
# Vivado v2020.1 (64-bit)
# SW Build 2902540 on Wed May 27 19:54:49 MDT 2020
# IP Build 2902112 on Wed May 27 22:43:36 MDT 2020
# Start of session at: Wed Apr 22 11:37:43 2026
# Process ID: 7448
# Current directory: C:/Users/ha10609/Downloads/CA-Labs-T1/LAB11
# Command line: vivado.exe -gui_launcher_event rodinguilauncherevent14608 C:\Users\ha10609\Downloads\CA-Labs-T1\LAB11\lab11.xpr
# Log file: C:/Users/ha10609/Downloads/CA-Labs-T1/LAB11/vivado.log
# Journal file: C:/Users/ha10609/Downloads/CA-Labs-T1/LAB11\vivado.jou
#-----------------------------------------------------------
start_gui
open_project C:/Users/ha10609/Downloads/CA-Labs-T1/LAB11/lab11.xpr
update_compile_order -fileset sources_1
launch_simulation
source tb_TopLevelProcessor.tcl
update_compile_order -fileset sources_1
current_wave_config {Untitled 1}
add_wave {{/tb_TopLevelProcessor/uut/clk}} {{/tb_TopLevelProcessor/uut/rst}} {{/tb_TopLevelProcessor/uut/LEDs}} {{/tb_TopLevelProcessor/uut/PCout}} {{/tb_TopLevelProcessor/uut/next}} {{/tb_TopLevelProcessor/uut/PC4}} {{/tb_TopLevelProcessor/uut/instruction}} {{/tb_TopLevelProcessor/uut/Branch}} {{/tb_TopLevelProcessor/uut/MemRead}} {{/tb_TopLevelProcessor/uut/MemtoReg}} {{/tb_TopLevelProcessor/uut/MemWrite}} {{/tb_TopLevelProcessor/uut/ALUSrc}} {{/tb_TopLevelProcessor/uut/RegWrite}} {{/tb_TopLevelProcessor/uut/ALUOp}} {{/tb_TopLevelProcessor/uut/ALUctrl}} {{/tb_TopLevelProcessor/uut/PCSrc}} {{/tb_TopLevelProcessor/uut/imm}} {{/tb_TopLevelProcessor/uut/readData1}} {{/tb_TopLevelProcessor/uut/readData2}} {{/tb_TopLevelProcessor/uut/writeData}} {{/tb_TopLevelProcessor/uut/ALU_B}} {{/tb_TopLevelProcessor/uut/ALUResult}} {{/tb_TopLevelProcessor/uut/zero}} {{/tb_TopLevelProcessor/uut/mem_readData}} {{/tb_TopLevelProcessor/uut/target}} {{/tb_TopLevelProcessor/uut/PC}} 
# Disabling source management mode.  This is to allow the top design properties to be set without GUI intervention.
set_property source_mgmt_mode None [current_project]
set_property top pc_tb [get_filesets sim_1]
set_property top_lib xil_defaultlib [get_filesets sim_1]
# Re-enabling previously disabled source management mode.
set_property source_mgmt_mode All [current_project]
update_compile_order -fileset sim_1
launch_simulation
close_sim
launch_simulation
source pc_tb.tcl
# Disabling source management mode.  This is to allow the top design properties to be set without GUI intervention.
set_property source_mgmt_mode None [current_project]
set_property top tb_TopLevelProcessor [get_filesets sim_1]
set_property top_lib xil_defaultlib [get_filesets sim_1]
# Re-enabling previously disabled source management mode.
set_property source_mgmt_mode All [current_project]
update_compile_order -fileset sim_1
launch_simulation
close_sim
launch_simulation
source tb_TopLevelProcessor.tcl
current_wave_config {Untitled 3}
add_wave {{/tb_TopLevelProcessor/uut/clk}} {{/tb_TopLevelProcessor/uut/rst}} {{/tb_TopLevelProcessor/uut/LEDs}} {{/tb_TopLevelProcessor/uut/PCout}} {{/tb_TopLevelProcessor/uut/next}} {{/tb_TopLevelProcessor/uut/PC4}} {{/tb_TopLevelProcessor/uut/instruction}} {{/tb_TopLevelProcessor/uut/Branch}} {{/tb_TopLevelProcessor/uut/MemRead}} {{/tb_TopLevelProcessor/uut/MemtoReg}} {{/tb_TopLevelProcessor/uut/MemWrite}} {{/tb_TopLevelProcessor/uut/ALUSrc}} {{/tb_TopLevelProcessor/uut/RegWrite}} {{/tb_TopLevelProcessor/uut/ALUOp}} {{/tb_TopLevelProcessor/uut/ALUctrl}} {{/tb_TopLevelProcessor/uut/PCSrc}} {{/tb_TopLevelProcessor/uut/imm}} {{/tb_TopLevelProcessor/uut/readData1}} {{/tb_TopLevelProcessor/uut/readData2}} {{/tb_TopLevelProcessor/uut/writeData}} {{/tb_TopLevelProcessor/uut/ALU_B}} {{/tb_TopLevelProcessor/uut/ALUResult}} {{/tb_TopLevelProcessor/uut/zero}} {{/tb_TopLevelProcessor/uut/mem_readData}} {{/tb_TopLevelProcessor/uut/target}} 
relaunch_sim
relaunch_sim
close_sim
