#-----------------------------------------------------------
# Vivado v2020.1 (64-bit)
# SW Build 2902540 on Wed May 27 19:54:49 MDT 2020
# IP Build 2902112 on Wed May 27 22:43:36 MDT 2020
# Start of session at: Sun Apr 19 19:16:27 2026
# Process ID: 11664
# Current directory: C:/Users/tau/Documents/Labs-CA-T1/LAB11
# Command line: vivado.exe -gui_launcher_event rodinguilauncherevent14664 C:\Users\tau\Documents\Labs-CA-T1\LAB11\lab11.xpr
# Log file: C:/Users/tau/Documents/Labs-CA-T1/LAB11/vivado.log
# Journal file: C:/Users/tau/Documents/Labs-CA-T1/LAB11\vivado.jou
#-----------------------------------------------------------
start_gui
open_project C:/Users/tau/Documents/Labs-CA-T1/LAB11/lab11.xpr
INFO: [Project 1-313] Project file moved from 'C:/Users/ha10609/Downloads/CA-Labs-T1/LAB11' since last save.
Scanning sources...
Finished scanning sources
INFO: [IP_Flow 19-234] Refreshing IP repositories
INFO: [IP_Flow 19-1704] No user IP repositories specified
INFO: [IP_Flow 19-2313] Loaded Vivado IP repository 'C:/Xilinx/Vivado/2020.1/data/ip'.
open_project: Time (s): cpu = 00:00:12 ; elapsed = 00:00:07 . Memory (MB): peak = 1015.430 ; gain = 0.000
update_compile_order -fileset sources_1
update_compile_order -fileset sources_1
launch_runs synth_1 -jobs 6
[Sun Apr 19 19:28:09 2026] Launched synth_1...
Run output will be captured here: C:/Users/tau/Documents/Labs-CA-T1/LAB11/lab11.runs/synth_1/runme.log
synth_design -rtl -name rtl_1
Command: synth_design -rtl -name rtl_1
Starting synth_design
Using part: xc7a35tcpg236-1
Top: topProcessor
INFO: [Device 21-403] Loading part xc7a35tcpg236-1
---------------------------------------------------------------------------------
Starting RTL Elaboration : Time (s): cpu = 00:00:04 ; elapsed = 00:00:04 . Memory (MB): peak = 1362.648 ; gain = 234.465
---------------------------------------------------------------------------------
INFO: [Synth 8-6157] synthesizing module 'topProcessor' [C:/Users/tau/Documents/Labs-CA-T1/LAB11/lab11.srcs/sources_1/new/TopProcessor.v:23]
INFO: [Synth 8-6157] synthesizing module 'ALU' [C:/Users/tau/Documents/Labs-CA-T1/LAB11/lab11.srcs/sources_1/new/ALU.v:23]
INFO: [Synth 8-6155] done synthesizing module 'ALU' (1#1) [C:/Users/tau/Documents/Labs-CA-T1/LAB11/lab11.srcs/sources_1/new/ALU.v:23]
INFO: [Synth 8-6157] synthesizing module 'Register' [C:/Users/tau/Documents/Labs-CA-T1/LAB11/lab11.srcs/sources_1/new/Register.v:23]
INFO: [Synth 8-6155] done synthesizing module 'Register' (2#1) [C:/Users/tau/Documents/Labs-CA-T1/LAB11/lab11.srcs/sources_1/new/Register.v:23]
INFO: [Synth 8-6157] synthesizing module 'DataMemory' [C:/Users/tau/Documents/Labs-CA-T1/LAB11/lab11.srcs/sources_1/new/DataMemory.v:22]
INFO: [Synth 8-6155] done synthesizing module 'DataMemory' (3#1) [C:/Users/tau/Documents/Labs-CA-T1/LAB11/lab11.srcs/sources_1/new/DataMemory.v:22]
INFO: [Synth 8-6157] synthesizing module 'MainControl' [C:/Users/tau/Documents/Labs-CA-T1/LAB11/lab11.srcs/sources_1/new/MainControl.v:23]
INFO: [Synth 8-155] case statement is not full and has no default [C:/Users/tau/Documents/Labs-CA-T1/LAB11/lab11.srcs/sources_1/new/MainControl.v:44]
INFO: [Synth 8-6155] done synthesizing module 'MainControl' (4#1) [C:/Users/tau/Documents/Labs-CA-T1/LAB11/lab11.srcs/sources_1/new/MainControl.v:23]
INFO: [Synth 8-6157] synthesizing module 'ALUControl' [C:/Users/tau/Documents/Labs-CA-T1/LAB11/lab11.srcs/sources_1/new/ALUControl.v:23]
INFO: [Synth 8-6155] done synthesizing module 'ALUControl' (5#1) [C:/Users/tau/Documents/Labs-CA-T1/LAB11/lab11.srcs/sources_1/new/ALUControl.v:23]
INFO: [Synth 8-6157] synthesizing module 'instructionMemory' [C:/Users/tau/Documents/Labs-CA-T1/LAB11/lab11.srcs/sources_1/new/InstructionMemory.v:23]
	Parameter OPERAND_LENGTH bound to: 31 - type: integer 
CRITICAL WARNING: [Synth 8-4445] could not open $readmem data file 'instructions.mem'; please make sure the file is added to project and has read permission, ignoring [C:/Users/tau/Documents/Labs-CA-T1/LAB11/lab11.srcs/sources_1/new/InstructionMemory.v:42]

Warning: Trying to implement RAM in registers. Block RAM or DRAM implementation is not possible for one or more of the following reasons :
	1: Unable to determine number of words or word size in RAM. 
	2: No valid read/write found for RAM. 
RAM dissolved into registers
INFO: [Synth 8-6155] done synthesizing module 'instructionMemory' (6#1) [C:/Users/tau/Documents/Labs-CA-T1/LAB11/lab11.srcs/sources_1/new/InstructionMemory.v:23]
INFO: [Synth 8-6157] synthesizing module 'branch_MUX' [C:/Users/tau/Documents/Labs-CA-T1/LAB11/lab11.srcs/sources_1/new/2_MUX.v:23]
INFO: [Synth 8-6155] done synthesizing module 'branch_MUX' (7#1) [C:/Users/tau/Documents/Labs-CA-T1/LAB11/lab11.srcs/sources_1/new/2_MUX.v:23]
INFO: [Synth 8-6157] synthesizing module 'PC' [C:/Users/tau/Documents/Labs-CA-T1/LAB11/lab11.srcs/sources_1/new/PC.v:23]
INFO: [Synth 8-6155] done synthesizing module 'PC' (8#1) [C:/Users/tau/Documents/Labs-CA-T1/LAB11/lab11.srcs/sources_1/new/PC.v:23]
INFO: [Synth 8-6157] synthesizing module 'PCAdder' [C:/Users/tau/Documents/Labs-CA-T1/LAB11/lab11.srcs/sources_1/new/PCAdder.v:23]
INFO: [Synth 8-6155] done synthesizing module 'PCAdder' (9#1) [C:/Users/tau/Documents/Labs-CA-T1/LAB11/lab11.srcs/sources_1/new/PCAdder.v:23]
INFO: [Synth 8-6157] synthesizing module 'BranchAdd' [C:/Users/tau/Documents/Labs-CA-T1/LAB11/lab11.srcs/sources_1/new/BranchAdd.v:23]
INFO: [Synth 8-6155] done synthesizing module 'BranchAdd' (10#1) [C:/Users/tau/Documents/Labs-CA-T1/LAB11/lab11.srcs/sources_1/new/BranchAdd.v:23]
INFO: [Synth 8-6157] synthesizing module 'immGen' [C:/Users/tau/Documents/Labs-CA-T1/LAB11/lab11.srcs/sources_1/new/immGen.v:23]
INFO: [Synth 8-6155] done synthesizing module 'immGen' (11#1) [C:/Users/tau/Documents/Labs-CA-T1/LAB11/lab11.srcs/sources_1/new/immGen.v:23]
INFO: [Synth 8-6155] done synthesizing module 'topProcessor' (12#1) [C:/Users/tau/Documents/Labs-CA-T1/LAB11/lab11.srcs/sources_1/new/TopProcessor.v:23]
---------------------------------------------------------------------------------
Finished RTL Elaboration : Time (s): cpu = 00:00:05 ; elapsed = 00:00:05 . Memory (MB): peak = 1419.004 ; gain = 290.820
---------------------------------------------------------------------------------
---------------------------------------------------------------------------------
Start Handling Custom Attributes
---------------------------------------------------------------------------------
---------------------------------------------------------------------------------
Finished Handling Custom Attributes : Time (s): cpu = 00:00:06 ; elapsed = 00:00:06 . Memory (MB): peak = 1419.004 ; gain = 290.820
---------------------------------------------------------------------------------
---------------------------------------------------------------------------------
Finished RTL Optimization Phase 1 : Time (s): cpu = 00:00:06 ; elapsed = 00:00:06 . Memory (MB): peak = 1419.004 ; gain = 290.820
---------------------------------------------------------------------------------
Netlist sorting complete. Time (s): cpu = 00:00:00 ; elapsed = 00:00:00.029 . Memory (MB): peak = 1419.004 ; gain = 0.000
INFO: [Project 1-570] Preparing netlist for logic optimization

Processing XDC Constraints
Initializing timing engine
Completed Processing XDC Constraints

INFO: [Opt 31-138] Pushed 0 inverter(s) to 0 load pin(s).
Netlist sorting complete. Time (s): cpu = 00:00:00 ; elapsed = 00:00:00 . Memory (MB): peak = 1525.289 ; gain = 0.000
INFO: [Project 1-111] Unisim Transformation Summary:
No Unisim elements were transformed.

RTL Elaboration Complete:  : Time (s): cpu = 00:00:16 ; elapsed = 00:00:10 . Memory (MB): peak = 1560.402 ; gain = 432.219
29 Infos, 0 Warnings, 1 Critical Warnings and 0 Errors encountered.
synth_design completed successfully
synth_design: Time (s): cpu = 00:00:21 ; elapsed = 00:00:17 . Memory (MB): peak = 1560.402 ; gain = 544.973
open_run synth_1 -name synth_1
Design is defaulting to impl run constrset: constrs_1
Design is defaulting to synth run part: xc7a35tcpg236-1
Netlist sorting complete. Time (s): cpu = 00:00:00 ; elapsed = 00:00:00 . Memory (MB): peak = 1568.926 ; gain = 0.000
INFO: [Project 1-479] Netlist was created with Vivado 2020.1
INFO: [Project 1-570] Preparing netlist for logic optimization
INFO: [Opt 31-138] Pushed 0 inverter(s) to 0 load pin(s).
Netlist sorting complete. Time (s): cpu = 00:00:00 ; elapsed = 00:00:00.001 . Memory (MB): peak = 1590.785 ; gain = 0.000
INFO: [Project 1-111] Unisim Transformation Summary:
No Unisim elements were transformed.

open_run: Time (s): cpu = 00:00:11 ; elapsed = 00:00:05 . Memory (MB): peak = 1984.055 ; gain = 417.492
report_utilization -name utilization_1
report_utilization -name utilization_2
launch_runs impl_1 -jobs 6
WARNING: [Constraints 18-5210] No constraints selected for write.
Resolution: This message can indicate that there are no constraints for the design, or it can indicate that the used_in flags are set such that the constraints are ignored. This later case is used when running synth_design to not write synthesis constraints to the resulting checkpoint. Instead, project constraints are read when the synthesized design is opened.
[Sun Apr 19 19:32:03 2026] Launched impl_1...
Run output will be captured here: C:/Users/tau/Documents/Labs-CA-T1/LAB11/lab11.runs/impl_1/runme.log
current_design rtl_1
close_design
report_utilization -name utilization_3
reset_run impl_1 -prev_step 
launch_runs impl_1 -jobs 6
[Sun Apr 19 19:33:41 2026] Launched impl_1...
Run output will be captured here: C:/Users/tau/Documents/Labs-CA-T1/LAB11/lab11.runs/impl_1/runme.log
exit
INFO: [Common 17-206] Exiting Vivado at Sun Apr 19 19:34:18 2026...
