Copyright 1986-2020 Xilinx, Inc. All Rights Reserved.
-----------------------------------------------------------------------------------------------------------------------------------------------------------------------------------------------------
| Tool Version : Vivado v.2020.1 (win64) Build 2902540 Wed May 27 19:54:49 MDT 2020
| Date         : Fri Mar 13 15:43:35 2026
| Host         : Hydra running 64-bit major release  (build 9200)
| Command      : report_timing_summary -max_paths 10 -file top_rf_alu_timing_summary_routed.rpt -pb top_rf_alu_timing_summary_routed.pb -rpx top_rf_alu_timing_summary_routed.rpx -warn_on_violation
| Design       : top_rf_alu
| Device       : 7a35t-cpg236
| Speed File   : -1  PRODUCTION 1.23 2018-06-13
-----------------------------------------------------------------------------------------------------------------------------------------------------------------------------------------------------

Timing Summary Report

------------------------------------------------------------------------------------------------
| Timer Settings
| --------------
------------------------------------------------------------------------------------------------

  Enable Multi Corner Analysis               :  Yes
  Enable Pessimism Removal                   :  Yes
  Pessimism Removal Resolution               :  Nearest Common Node
  Enable Input Delay Default Clock           :  No
  Enable Preset / Clear Arcs                 :  No
  Disable Flight Delays                      :  No
  Ignore I/O Paths                           :  No
  Timing Early Launch at Borrowing Latches   :  No
  Borrow Time for Max Delay Exceptions       :  Yes
  Merge Timing Exceptions                    :  Yes

  Corner  Analyze    Analyze    
  Name    Max Paths  Min Paths  
  ------  ---------  ---------  
  Slow    Yes        Yes        
  Fast    Yes        Yes        



check_timing report

Table of Contents
-----------------
1. checking no_clock (0)
2. checking constant_clock (0)
3. checking pulse_width_clock (0)
4. checking unconstrained_internal_endpoints (0)
5. checking no_input_delay (11)
6. checking no_output_delay (8)
7. checking multiple_clock (0)
8. checking generated_clocks (0)
9. checking loops (0)
10. checking partial_input_delay (0)
11. checking partial_output_delay (0)
12. checking latch_loops (0)

1. checking no_clock (0)
------------------------
 There are 0 register/latch pins with no clock.


2. checking constant_clock (0)
------------------------------
 There are 0 register/latch pins with constant_clock.


3. checking pulse_width_clock (0)
---------------------------------
 There are 0 register/latch pins which need pulse_width check


4. checking unconstrained_internal_endpoints (0)
------------------------------------------------
 There are 0 pins that are not constrained for maximum delay.

 There are 0 pins that are not constrained for maximum delay due to constant clock.


5. checking no_input_delay (11)
-------------------------------
 There are 11 input ports with no input delay specified. (HIGH)

 There are 0 input ports with no input delay but user has a false path constraint.


6. checking no_output_delay (8)
-------------------------------
 There are 8 ports with no output delay specified. (HIGH)

 There are 0 ports with no output delay but user has a false path constraint

 There are 0 ports with no output delay but with a timing clock defined on it or propagating through it


7. checking multiple_clock (0)
------------------------------
 There are 0 register/latch pins with multiple clocks.


8. checking generated_clocks (0)
--------------------------------
 There are 0 generated clocks that are not connected to a clock source.


9. checking loops (0)
---------------------
 There are 0 combinational loops in the design.


10. checking partial_input_delay (0)
------------------------------------
 There are 0 input ports with partial input delay specified.


11. checking partial_output_delay (0)
-------------------------------------
 There are 0 ports with partial output delay specified.


12. checking latch_loops (0)
----------------------------
 There are 0 combinational latch loops in the design through latch input



------------------------------------------------------------------------------------------------
| Design Timing Summary
| ---------------------
------------------------------------------------------------------------------------------------

    WNS(ns)      TNS(ns)  TNS Failing Endpoints  TNS Total Endpoints      WHS(ns)      THS(ns)  THS Failing Endpoints  THS Total Endpoints     WPWS(ns)     TPWS(ns)  TPWS Failing Endpoints  TPWS Total Endpoints  
    -------      -------  ---------------------  -------------------      -------      -------  ---------------------  -------------------     --------     --------  ----------------------  --------------------  
      4.057        0.000                      0                  214        0.163        0.000                      0                  214        4.500        0.000                       0                   115  


All user specified timing constraints are met.


------------------------------------------------------------------------------------------------
| Clock Summary
| -------------
------------------------------------------------------------------------------------------------

Clock    Waveform(ns)       Period(ns)      Frequency(MHz)
-----    ------------       ----------      --------------
sys_clk  {0.000 5.000}      10.000          100.000         


------------------------------------------------------------------------------------------------
| Intra Clock Table
| -----------------
------------------------------------------------------------------------------------------------

Clock             WNS(ns)      TNS(ns)  TNS Failing Endpoints  TNS Total Endpoints      WHS(ns)      THS(ns)  THS Failing Endpoints  THS Total Endpoints     WPWS(ns)     TPWS(ns)  TPWS Failing Endpoints  TPWS Total Endpoints  
-----             -------      -------  ---------------------  -------------------      -------      -------  ---------------------  -------------------     --------     --------  ----------------------  --------------------  
sys_clk             4.057        0.000                      0                  214        0.163        0.000                      0                  214        4.500        0.000                       0                   115  


------------------------------------------------------------------------------------------------
| Inter Clock Table
| -----------------
------------------------------------------------------------------------------------------------

From Clock    To Clock          WNS(ns)      TNS(ns)  TNS Failing Endpoints  TNS Total Endpoints      WHS(ns)      THS(ns)  THS Failing Endpoints  THS Total Endpoints  
----------    --------          -------      -------  ---------------------  -------------------      -------      -------  ---------------------  -------------------  


------------------------------------------------------------------------------------------------
| Other Path Groups Table
| -----------------------
------------------------------------------------------------------------------------------------

Path Group    From Clock    To Clock          WNS(ns)      TNS(ns)  TNS Failing Endpoints  TNS Total Endpoints      WHS(ns)      THS(ns)  THS Failing Endpoints  THS Total Endpoints  
----------    ----------    --------          -------      -------  ---------------------  -------------------      -------      -------  ---------------------  -------------------  


------------------------------------------------------------------------------------------------
| Timing Details
| --------------
------------------------------------------------------------------------------------------------


---------------------------------------------------------------------------------------------------
From Clock:  sys_clk
  To Clock:  sys_clk

Setup :            0  Failing Endpoints,  Worst Slack        4.057ns,  Total Violation        0.000ns
Hold  :            0  Failing Endpoints,  Worst Slack        0.163ns,  Total Violation        0.000ns
PW    :            0  Failing Endpoints,  Worst Slack        4.500ns,  Total Violation        0.000ns
---------------------------------------------------------------------------------------------------


Max Delay Paths
--------------------------------------------------------------------------------------
Slack (MET) :             4.057ns  (required time - arrival time)
  Source:                 RF/registers_reg[2][1]/C
                            (rising edge-triggered cell FDCE clocked by sys_clk  {rise@0.000ns fall@5.000ns period=10.000ns})
  Destination:            WriteData_reg[20]/D
                            (rising edge-triggered cell FDCE clocked by sys_clk  {rise@0.000ns fall@5.000ns period=10.000ns})
  Path Group:             sys_clk
  Path Type:              Setup (Max at Slow Process Corner)
  Requirement:            10.000ns  (sys_clk rise@10.000ns - sys_clk rise@0.000ns)
  Data Path Delay:        5.898ns  (logic 1.202ns (20.381%)  route 4.696ns (79.619%))
  Logic Levels:           4  (LUT2=1 LUT6=3)
  Clock Path Skew:        -0.039ns (DCD - SCD + CPR)
    Destination Clock Delay (DCD):    4.857ns = ( 14.857 - 10.000 ) 
    Source Clock Delay      (SCD):    5.156ns
    Clock Pessimism Removal (CPR):    0.260ns
  Clock Uncertainty:      0.035ns  ((TSJ^2 + TIJ^2)^1/2 + DJ) / 2 + PE
    Total System Jitter     (TSJ):    0.071ns
    Total Input Jitter      (TIJ):    0.000ns
    Discrete Jitter          (DJ):    0.000ns
    Phase Error              (PE):    0.000ns

    Location             Delay type                Incr(ns)  Path(ns)    Netlist Resource(s)
  -------------------------------------------------------------------    -------------------
                         (clock sys_clk rise edge)    0.000     0.000 r  
    W5                                                0.000     0.000 r  clk (IN)
                         net (fo=0)                   0.000     0.000    clk
    W5                   IBUF (Prop_ibuf_I_O)         1.458     1.458 r  clk_IBUF_inst/O
                         net (fo=1, routed)           1.967     3.425    clk_IBUF
    BUFGCTRL_X0Y0        BUFG (Prop_bufg_I_O)         0.096     3.521 r  clk_IBUF_BUFG_inst/O
                         net (fo=114, routed)         1.635     5.156    RF/clk_IBUF_BUFG
    SLICE_X4Y5           FDCE                                         r  RF/registers_reg[2][1]/C
  -------------------------------------------------------------------    -------------------
    SLICE_X4Y5           FDCE (Prop_fdce_C_Q)         0.456     5.612 r  RF/registers_reg[2][1]/Q
                         net (fo=36, routed)          1.285     6.897    RF/registers_reg[2][1]
    SLICE_X10Y7          LUT2 (Prop_lut2_I1_O)        0.150     7.047 r  RF/leds_OBUF[5]_inst_i_7/O
                         net (fo=47, routed)          1.869     8.916    RF/ReadData2[1]
    SLICE_X2Y11          LUT6 (Prop_lut6_I2_O)        0.348     9.264 f  RF/WriteData[20]_i_6/O
                         net (fo=2, routed)           0.825    10.090    RF/WriteData[20]_i_6_n_0
    SLICE_X2Y13          LUT6 (Prop_lut6_I0_O)        0.124    10.214 r  RF/WriteData[20]_i_3/O
                         net (fo=1, routed)           0.716    10.930    RF/WriteData[20]_i_3_n_0
    SLICE_X1Y11          LUT6 (Prop_lut6_I4_O)        0.124    11.054 r  RF/WriteData[20]_i_1/O
                         net (fo=1, routed)           0.000    11.054    RF_n_11
    SLICE_X1Y11          FDCE                                         r  WriteData_reg[20]/D
  -------------------------------------------------------------------    -------------------

                         (clock sys_clk rise edge)   10.000    10.000 r  
    W5                                                0.000    10.000 r  clk (IN)
                         net (fo=0)                   0.000    10.000    clk
    W5                   IBUF (Prop_ibuf_I_O)         1.388    11.388 r  clk_IBUF_inst/O
                         net (fo=1, routed)           1.862    13.250    clk_IBUF
    BUFGCTRL_X0Y0        BUFG (Prop_bufg_I_O)         0.091    13.341 r  clk_IBUF_BUFG_inst/O
                         net (fo=114, routed)         1.516    14.857    clk_IBUF_BUFG
    SLICE_X1Y11          FDCE                                         r  WriteData_reg[20]/C
                         clock pessimism              0.260    15.117    
                         clock uncertainty           -0.035    15.082    
    SLICE_X1Y11          FDCE (Setup_fdce_C_D)        0.029    15.111    WriteData_reg[20]
  -------------------------------------------------------------------
                         required time                         15.111    
                         arrival time                         -11.054    
  -------------------------------------------------------------------
                         slack                                  4.057    

Slack (MET) :             4.135ns  (required time - arrival time)
  Source:                 rs2_reg[1]_rep/C
                            (rising edge-triggered cell FDCE clocked by sys_clk  {rise@0.000ns fall@5.000ns period=10.000ns})
  Destination:            WriteData_reg[8]/D
                            (rising edge-triggered cell FDCE clocked by sys_clk  {rise@0.000ns fall@5.000ns period=10.000ns})
  Path Group:             sys_clk
  Path Type:              Setup (Max at Slow Process Corner)
  Requirement:            10.000ns  (sys_clk rise@10.000ns - sys_clk rise@0.000ns)
  Data Path Delay:        5.868ns  (logic 0.952ns (16.224%)  route 4.916ns (83.776%))
  Logic Levels:           4  (LUT2=1 LUT6=3)
  Clock Path Skew:        -0.039ns (DCD - SCD + CPR)
    Destination Clock Delay (DCD):    4.857ns = ( 14.857 - 10.000 ) 
    Source Clock Delay      (SCD):    5.156ns
    Clock Pessimism Removal (CPR):    0.260ns
  Clock Uncertainty:      0.035ns  ((TSJ^2 + TIJ^2)^1/2 + DJ) / 2 + PE
    Total System Jitter     (TSJ):    0.071ns
    Total Input Jitter      (TIJ):    0.000ns
    Discrete Jitter          (DJ):    0.000ns
    Phase Error              (PE):    0.000ns

    Location             Delay type                Incr(ns)  Path(ns)    Netlist Resource(s)
  -------------------------------------------------------------------    -------------------
                         (clock sys_clk rise edge)    0.000     0.000 r  
    W5                                                0.000     0.000 r  clk (IN)
                         net (fo=0)                   0.000     0.000    clk
    W5                   IBUF (Prop_ibuf_I_O)         1.458     1.458 r  clk_IBUF_inst/O
                         net (fo=1, routed)           1.967     3.425    clk_IBUF
    BUFGCTRL_X0Y0        BUFG (Prop_bufg_I_O)         0.096     3.521 r  clk_IBUF_BUFG_inst/O
                         net (fo=114, routed)         1.635     5.156    clk_IBUF_BUFG
    SLICE_X3Y11          FDCE                                         r  rs2_reg[1]_rep/C
  -------------------------------------------------------------------    -------------------
    SLICE_X3Y11          FDCE (Prop_fdce_C_Q)         0.456     5.612 r  rs2_reg[1]_rep/Q
                         net (fo=95, routed)          1.253     6.865    RF/WriteData_reg[7]_1
    SLICE_X10Y7          LUT2 (Prop_lut2_I0_O)        0.124     6.989 r  RF/leds_OBUF[5]_inst_i_9/O
                         net (fo=55, routed)          1.615     8.604    RF/ReadData2[2]
    SLICE_X3Y8           LUT6 (Prop_lut6_I3_O)        0.124     8.728 r  RF/leds_OBUF[7]_inst_i_13/O
                         net (fo=2, routed)           1.220     9.948    RF/leds_OBUF[7]_inst_i_13_n_0
    SLICE_X9Y6           LUT6 (Prop_lut6_I0_O)        0.124    10.072 r  RF/WriteData[8]_i_3/O
                         net (fo=1, routed)           0.828    10.900    RF/WriteData[8]_i_3_n_0
    SLICE_X6Y7           LUT6 (Prop_lut6_I2_O)        0.124    11.024 r  RF/WriteData[8]_i_1/O
                         net (fo=1, routed)           0.000    11.024    RF_n_23
    SLICE_X6Y7           FDCE                                         r  WriteData_reg[8]/D
  -------------------------------------------------------------------    -------------------

                         (clock sys_clk rise edge)   10.000    10.000 r  
    W5                                                0.000    10.000 r  clk (IN)
                         net (fo=0)                   0.000    10.000    clk
    W5                   IBUF (Prop_ibuf_I_O)         1.388    11.388 r  clk_IBUF_inst/O
                         net (fo=1, routed)           1.862    13.250    clk_IBUF
    BUFGCTRL_X0Y0        BUFG (Prop_bufg_I_O)         0.091    13.341 r  clk_IBUF_BUFG_inst/O
                         net (fo=114, routed)         1.516    14.857    clk_IBUF_BUFG
    SLICE_X6Y7           FDCE                                         r  WriteData_reg[8]/C
                         clock pessimism              0.260    15.117    
                         clock uncertainty           -0.035    15.082    
    SLICE_X6Y7           FDCE (Setup_fdce_C_D)        0.077    15.159    WriteData_reg[8]
  -------------------------------------------------------------------
                         required time                         15.159    
                         arrival time                         -11.024    
  -------------------------------------------------------------------
                         slack                                  4.135    

Slack (MET) :             4.222ns  (required time - arrival time)
  Source:                 RF/registers_reg[2][1]/C
                            (rising edge-triggered cell FDCE clocked by sys_clk  {rise@0.000ns fall@5.000ns period=10.000ns})
  Destination:            WriteData_reg[18]/D
                            (rising edge-triggered cell FDCE clocked by sys_clk  {rise@0.000ns fall@5.000ns period=10.000ns})
  Path Group:             sys_clk
  Path Type:              Setup (Max at Slow Process Corner)
  Requirement:            10.000ns  (sys_clk rise@10.000ns - sys_clk rise@0.000ns)
  Data Path Delay:        5.781ns  (logic 1.202ns (20.791%)  route 4.579ns (79.209%))
  Logic Levels:           4  (LUT2=1 LUT6=3)
  Clock Path Skew:        -0.038ns (DCD - SCD + CPR)
    Destination Clock Delay (DCD):    4.858ns = ( 14.858 - 10.000 ) 
    Source Clock Delay      (SCD):    5.156ns
    Clock Pessimism Removal (CPR):    0.260ns
  Clock Uncertainty:      0.035ns  ((TSJ^2 + TIJ^2)^1/2 + DJ) / 2 + PE
    Total System Jitter     (TSJ):    0.071ns
    Total Input Jitter      (TIJ):    0.000ns
    Discrete Jitter          (DJ):    0.000ns
    Phase Error              (PE):    0.000ns

    Location             Delay type                Incr(ns)  Path(ns)    Netlist Resource(s)
  -------------------------------------------------------------------    -------------------
                         (clock sys_clk rise edge)    0.000     0.000 r  
    W5                                                0.000     0.000 r  clk (IN)
                         net (fo=0)                   0.000     0.000    clk
    W5                   IBUF (Prop_ibuf_I_O)         1.458     1.458 r  clk_IBUF_inst/O
                         net (fo=1, routed)           1.967     3.425    clk_IBUF
    BUFGCTRL_X0Y0        BUFG (Prop_bufg_I_O)         0.096     3.521 r  clk_IBUF_BUFG_inst/O
                         net (fo=114, routed)         1.635     5.156    RF/clk_IBUF_BUFG
    SLICE_X4Y5           FDCE                                         r  RF/registers_reg[2][1]/C
  -------------------------------------------------------------------    -------------------
    SLICE_X4Y5           FDCE (Prop_fdce_C_Q)         0.456     5.612 r  RF/registers_reg[2][1]/Q
                         net (fo=36, routed)          1.285     6.897    RF/registers_reg[2][1]
    SLICE_X10Y7          LUT2 (Prop_lut2_I1_O)        0.150     7.047 r  RF/leds_OBUF[5]_inst_i_7/O
                         net (fo=47, routed)          1.633     8.680    RF/ReadData2[1]
    SLICE_X9Y12          LUT6 (Prop_lut6_I2_O)        0.348     9.028 f  RF/WriteData[19]_i_6/O
                         net (fo=2, routed)           0.810     9.838    RF/WriteData[19]_i_6_n_0
    SLICE_X2Y11          LUT6 (Prop_lut6_I4_O)        0.124     9.962 r  RF/WriteData[18]_i_2/O
                         net (fo=1, routed)           0.851    10.814    RF/WriteData[18]_i_2_n_0
    SLICE_X2Y10          LUT6 (Prop_lut6_I0_O)        0.124    10.938 r  RF/WriteData[18]_i_1/O
                         net (fo=1, routed)           0.000    10.938    RF_n_13
    SLICE_X2Y10          FDCE                                         r  WriteData_reg[18]/D
  -------------------------------------------------------------------    -------------------

                         (clock sys_clk rise edge)   10.000    10.000 r  
    W5                                                0.000    10.000 r  clk (IN)
                         net (fo=0)                   0.000    10.000    clk
    W5                   IBUF (Prop_ibuf_I_O)         1.388    11.388 r  clk_IBUF_inst/O
                         net (fo=1, routed)           1.862    13.250    clk_IBUF
    BUFGCTRL_X0Y0        BUFG (Prop_bufg_I_O)         0.091    13.341 r  clk_IBUF_BUFG_inst/O
                         net (fo=114, routed)         1.517    14.858    clk_IBUF_BUFG
    SLICE_X2Y10          FDCE                                         r  WriteData_reg[18]/C
                         clock pessimism              0.260    15.118    
                         clock uncertainty           -0.035    15.083    
    SLICE_X2Y10          FDCE (Setup_fdce_C_D)        0.077    15.160    WriteData_reg[18]
  -------------------------------------------------------------------
                         required time                         15.160    
                         arrival time                         -10.938    
  -------------------------------------------------------------------
                         slack                                  4.222    

Slack (MET) :             4.275ns  (required time - arrival time)
  Source:                 RF/registers_reg[2][0]/C
                            (rising edge-triggered cell FDCE clocked by sys_clk  {rise@0.000ns fall@5.000ns period=10.000ns})
  Destination:            WriteData_reg[5]/D
                            (rising edge-triggered cell FDCE clocked by sys_clk  {rise@0.000ns fall@5.000ns period=10.000ns})
  Path Group:             sys_clk
  Path Type:              Setup (Max at Slow Process Corner)
  Requirement:            10.000ns  (sys_clk rise@10.000ns - sys_clk rise@0.000ns)
  Data Path Delay:        5.662ns  (logic 1.024ns (18.086%)  route 4.638ns (81.914%))
  Logic Levels:           3  (LUT5=1 LUT6=2)
  Clock Path Skew:        -0.105ns (DCD - SCD + CPR)
    Destination Clock Delay (DCD):    4.791ns = ( 14.791 - 10.000 ) 
    Source Clock Delay      (SCD):    5.156ns
    Clock Pessimism Removal (CPR):    0.260ns
  Clock Uncertainty:      0.035ns  ((TSJ^2 + TIJ^2)^1/2 + DJ) / 2 + PE
    Total System Jitter     (TSJ):    0.071ns
    Total Input Jitter      (TIJ):    0.000ns
    Discrete Jitter          (DJ):    0.000ns
    Phase Error              (PE):    0.000ns

    Location             Delay type                Incr(ns)  Path(ns)    Netlist Resource(s)
  -------------------------------------------------------------------    -------------------
                         (clock sys_clk rise edge)    0.000     0.000 r  
    W5                                                0.000     0.000 r  clk (IN)
                         net (fo=0)                   0.000     0.000    clk
    W5                   IBUF (Prop_ibuf_I_O)         1.458     1.458 r  clk_IBUF_inst/O
                         net (fo=1, routed)           1.967     3.425    clk_IBUF
    BUFGCTRL_X0Y0        BUFG (Prop_bufg_I_O)         0.096     3.521 r  clk_IBUF_BUFG_inst/O
                         net (fo=114, routed)         1.635     5.156    RF/clk_IBUF_BUFG
    SLICE_X4Y5           FDCE                                         r  RF/registers_reg[2][0]/C
  -------------------------------------------------------------------    -------------------
    SLICE_X4Y5           FDCE (Prop_fdce_C_Q)         0.456     5.612 f  RF/registers_reg[2][0]/Q
                         net (fo=43, routed)          2.113     7.725    RF/registers_reg[2][0]
    SLICE_X2Y13          LUT5 (Prop_lut5_I1_O)        0.116     7.841 r  RF/leds_OBUF[7]_inst_i_2/O
                         net (fo=19, routed)          2.042     9.883    RF/leds_OBUF[7]_inst_i_2_n_0
    SLICE_X8Y4           LUT6 (Prop_lut6_I5_O)        0.328    10.211 r  RF/WriteData[5]_i_2/O
                         net (fo=1, routed)           0.483    10.694    RF/WriteData[5]_i_2_n_0
    SLICE_X8Y4           LUT6 (Prop_lut6_I2_O)        0.124    10.818 r  RF/WriteData[5]_i_1/O
                         net (fo=1, routed)           0.000    10.818    RF_n_26
    SLICE_X8Y4           FDCE                                         r  WriteData_reg[5]/D
  -------------------------------------------------------------------    -------------------

                         (clock sys_clk rise edge)   10.000    10.000 r  
    W5                                                0.000    10.000 r  clk (IN)
                         net (fo=0)                   0.000    10.000    clk
    W5                   IBUF (Prop_ibuf_I_O)         1.388    11.388 r  clk_IBUF_inst/O
                         net (fo=1, routed)           1.862    13.250    clk_IBUF
    BUFGCTRL_X0Y0        BUFG (Prop_bufg_I_O)         0.091    13.341 r  clk_IBUF_BUFG_inst/O
                         net (fo=114, routed)         1.450    14.791    clk_IBUF_BUFG
    SLICE_X8Y4           FDCE                                         r  WriteData_reg[5]/C
                         clock pessimism              0.260    15.051    
                         clock uncertainty           -0.035    15.016    
    SLICE_X8Y4           FDCE (Setup_fdce_C_D)        0.077    15.093    WriteData_reg[5]
  -------------------------------------------------------------------
                         required time                         15.093    
                         arrival time                         -10.818    
  -------------------------------------------------------------------
                         slack                                  4.275    

Slack (MET) :             4.339ns  (required time - arrival time)
  Source:                 rs2_reg[1]_rep__0/C
                            (rising edge-triggered cell FDCE clocked by sys_clk  {rise@0.000ns fall@5.000ns period=10.000ns})
  Destination:            WriteData_reg[9]/D
                            (rising edge-triggered cell FDCE clocked by sys_clk  {rise@0.000ns fall@5.000ns period=10.000ns})
  Path Group:             sys_clk
  Path Type:              Setup (Max at Slow Process Corner)
  Requirement:            10.000ns  (sys_clk rise@10.000ns - sys_clk rise@0.000ns)
  Data Path Delay:        5.616ns  (logic 1.204ns (21.440%)  route 4.412ns (78.560%))
  Logic Levels:           4  (LUT4=1 LUT6=3)
  Clock Path Skew:        -0.039ns (DCD - SCD + CPR)
    Destination Clock Delay (DCD):    4.857ns = ( 14.857 - 10.000 ) 
    Source Clock Delay      (SCD):    5.156ns
    Clock Pessimism Removal (CPR):    0.260ns
  Clock Uncertainty:      0.035ns  ((TSJ^2 + TIJ^2)^1/2 + DJ) / 2 + PE
    Total System Jitter     (TSJ):    0.071ns
    Total Input Jitter      (TIJ):    0.000ns
    Discrete Jitter          (DJ):    0.000ns
    Phase Error              (PE):    0.000ns

    Location             Delay type                Incr(ns)  Path(ns)    Netlist Resource(s)
  -------------------------------------------------------------------    -------------------
                         (clock sys_clk rise edge)    0.000     0.000 r  
    W5                                                0.000     0.000 r  clk (IN)
                         net (fo=0)                   0.000     0.000    clk
    W5                   IBUF (Prop_ibuf_I_O)         1.458     1.458 r  clk_IBUF_inst/O
                         net (fo=1, routed)           1.967     3.425    clk_IBUF
    BUFGCTRL_X0Y0        BUFG (Prop_bufg_I_O)         0.096     3.521 r  clk_IBUF_BUFG_inst/O
                         net (fo=114, routed)         1.635     5.156    clk_IBUF_BUFG
    SLICE_X3Y11          FDCE                                         r  rs2_reg[1]_rep__0/C
  -------------------------------------------------------------------    -------------------
    SLICE_X3Y11          FDCE (Prop_fdce_C_Q)         0.456     5.612 r  rs2_reg[1]_rep__0/Q
                         net (fo=95, routed)          1.950     7.562    RF/WriteData_reg[22]_0
    SLICE_X8Y10          LUT6 (Prop_lut6_I1_O)        0.124     7.686 f  RF/leds_OBUF[5]_inst_i_8/O
                         net (fo=4, routed)           0.825     8.511    RF/leds_OBUF[5]_inst_i_8_n_0
    SLICE_X10Y11         LUT4 (Prop_lut4_I3_O)        0.152     8.663 f  RF/leds_OBUF[7]_inst_i_7/O
                         net (fo=3, routed)           0.444     9.107    RF/leds_OBUF[7]_inst_i_7_n_0
    SLICE_X11Y9          LUT6 (Prop_lut6_I5_O)        0.348     9.455 f  RF/WriteData[9]_i_3/O
                         net (fo=2, routed)           1.193    10.648    RF/WriteData[9]_i_3_n_0
    SLICE_X7Y7           LUT6 (Prop_lut6_I3_O)        0.124    10.772 r  RF/WriteData[9]_i_1/O
                         net (fo=1, routed)           0.000    10.772    RF_n_22
    SLICE_X7Y7           FDCE                                         r  WriteData_reg[9]/D
  -------------------------------------------------------------------    -------------------

                         (clock sys_clk rise edge)   10.000    10.000 r  
    W5                                                0.000    10.000 r  clk (IN)
                         net (fo=0)                   0.000    10.000    clk
    W5                   IBUF (Prop_ibuf_I_O)         1.388    11.388 r  clk_IBUF_inst/O
                         net (fo=1, routed)           1.862    13.250    clk_IBUF
    BUFGCTRL_X0Y0        BUFG (Prop_bufg_I_O)         0.091    13.341 r  clk_IBUF_BUFG_inst/O
                         net (fo=114, routed)         1.516    14.857    clk_IBUF_BUFG
    SLICE_X7Y7           FDCE                                         r  WriteData_reg[9]/C
                         clock pessimism              0.260    15.117    
                         clock uncertainty           -0.035    15.082    
    SLICE_X7Y7           FDCE (Setup_fdce_C_D)        0.029    15.111    WriteData_reg[9]
  -------------------------------------------------------------------
                         required time                         15.111    
                         arrival time                         -10.772    
  -------------------------------------------------------------------
                         slack                                  4.339    

Slack (MET) :             4.345ns  (required time - arrival time)
  Source:                 RF/registers_reg[2][1]/C
                            (rising edge-triggered cell FDCE clocked by sys_clk  {rise@0.000ns fall@5.000ns period=10.000ns})
  Destination:            WriteData_reg[15]/D
                            (rising edge-triggered cell FDCE clocked by sys_clk  {rise@0.000ns fall@5.000ns period=10.000ns})
  Path Group:             sys_clk
  Path Type:              Setup (Max at Slow Process Corner)
  Requirement:            10.000ns  (sys_clk rise@10.000ns - sys_clk rise@0.000ns)
  Data Path Delay:        5.670ns  (logic 1.202ns (21.200%)  route 4.468ns (78.800%))
  Logic Levels:           4  (LUT2=1 LUT6=3)
  Clock Path Skew:        -0.027ns (DCD - SCD + CPR)
    Destination Clock Delay (DCD):    4.856ns = ( 14.856 - 10.000 ) 
    Source Clock Delay      (SCD):    5.156ns
    Clock Pessimism Removal (CPR):    0.273ns
  Clock Uncertainty:      0.035ns  ((TSJ^2 + TIJ^2)^1/2 + DJ) / 2 + PE
    Total System Jitter     (TSJ):    0.071ns
    Total Input Jitter      (TIJ):    0.000ns
    Discrete Jitter          (DJ):    0.000ns
    Phase Error              (PE):    0.000ns

    Location             Delay type                Incr(ns)  Path(ns)    Netlist Resource(s)
  -------------------------------------------------------------------    -------------------
                         (clock sys_clk rise edge)    0.000     0.000 r  
    W5                                                0.000     0.000 r  clk (IN)
                         net (fo=0)                   0.000     0.000    clk
    W5                   IBUF (Prop_ibuf_I_O)         1.458     1.458 r  clk_IBUF_inst/O
                         net (fo=1, routed)           1.967     3.425    clk_IBUF
    BUFGCTRL_X0Y0        BUFG (Prop_bufg_I_O)         0.096     3.521 r  clk_IBUF_BUFG_inst/O
                         net (fo=114, routed)         1.635     5.156    RF/clk_IBUF_BUFG
    SLICE_X4Y5           FDCE                                         r  RF/registers_reg[2][1]/C
  -------------------------------------------------------------------    -------------------
    SLICE_X4Y5           FDCE (Prop_fdce_C_Q)         0.456     5.612 r  RF/registers_reg[2][1]/Q
                         net (fo=36, routed)          1.285     6.897    RF/registers_reg[2][1]
    SLICE_X10Y7          LUT2 (Prop_lut2_I1_O)        0.150     7.047 r  RF/leds_OBUF[5]_inst_i_7/O
                         net (fo=47, routed)          1.486     8.533    RF/ReadData2[1]
    SLICE_X9Y10          LUT6 (Prop_lut6_I2_O)        0.348     8.881 f  RF/WriteData[14]_i_4/O
                         net (fo=2, routed)           1.233    10.114    RF/WriteData[14]_i_4_n_0
    SLICE_X7Y9           LUT6 (Prop_lut6_I0_O)        0.124    10.238 r  RF/WriteData[15]_i_3/O
                         net (fo=1, routed)           0.464    10.702    RF/WriteData[15]_i_3_n_0
    SLICE_X6Y9           LUT6 (Prop_lut6_I4_O)        0.124    10.826 r  RF/WriteData[15]_i_1/O
                         net (fo=1, routed)           0.000    10.826    RF_n_16
    SLICE_X6Y9           FDCE                                         r  WriteData_reg[15]/D
  -------------------------------------------------------------------    -------------------

                         (clock sys_clk rise edge)   10.000    10.000 r  
    W5                                                0.000    10.000 r  clk (IN)
                         net (fo=0)                   0.000    10.000    clk
    W5                   IBUF (Prop_ibuf_I_O)         1.388    11.388 r  clk_IBUF_inst/O
                         net (fo=1, routed)           1.862    13.250    clk_IBUF
    BUFGCTRL_X0Y0        BUFG (Prop_bufg_I_O)         0.091    13.341 r  clk_IBUF_BUFG_inst/O
                         net (fo=114, routed)         1.515    14.856    clk_IBUF_BUFG
    SLICE_X6Y9           FDCE                                         r  WriteData_reg[15]/C
                         clock pessimism              0.273    15.129    
                         clock uncertainty           -0.035    15.094    
    SLICE_X6Y9           FDCE (Setup_fdce_C_D)        0.077    15.171    WriteData_reg[15]
  -------------------------------------------------------------------
                         required time                         15.171    
                         arrival time                         -10.826    
  -------------------------------------------------------------------
                         slack                                  4.345    

Slack (MET) :             4.414ns  (required time - arrival time)
  Source:                 RF/registers_reg[2][1]/C
                            (rising edge-triggered cell FDCE clocked by sys_clk  {rise@0.000ns fall@5.000ns period=10.000ns})
  Destination:            WriteData_reg[23]/D
                            (rising edge-triggered cell FDCE clocked by sys_clk  {rise@0.000ns fall@5.000ns period=10.000ns})
  Path Group:             sys_clk
  Path Type:              Setup (Max at Slow Process Corner)
  Requirement:            10.000ns  (sys_clk rise@10.000ns - sys_clk rise@0.000ns)
  Data Path Delay:        5.539ns  (logic 1.202ns (21.700%)  route 4.337ns (78.300%))
  Logic Levels:           4  (LUT2=1 LUT6=3)
  Clock Path Skew:        -0.040ns (DCD - SCD + CPR)
    Destination Clock Delay (DCD):    4.856ns = ( 14.856 - 10.000 ) 
    Source Clock Delay      (SCD):    5.156ns
    Clock Pessimism Removal (CPR):    0.260ns
  Clock Uncertainty:      0.035ns  ((TSJ^2 + TIJ^2)^1/2 + DJ) / 2 + PE
    Total System Jitter     (TSJ):    0.071ns
    Total Input Jitter      (TIJ):    0.000ns
    Discrete Jitter          (DJ):    0.000ns
    Phase Error              (PE):    0.000ns

    Location             Delay type                Incr(ns)  Path(ns)    Netlist Resource(s)
  -------------------------------------------------------------------    -------------------
                         (clock sys_clk rise edge)    0.000     0.000 r  
    W5                                                0.000     0.000 r  clk (IN)
                         net (fo=0)                   0.000     0.000    clk
    W5                   IBUF (Prop_ibuf_I_O)         1.458     1.458 r  clk_IBUF_inst/O
                         net (fo=1, routed)           1.967     3.425    clk_IBUF
    BUFGCTRL_X0Y0        BUFG (Prop_bufg_I_O)         0.096     3.521 r  clk_IBUF_BUFG_inst/O
                         net (fo=114, routed)         1.635     5.156    RF/clk_IBUF_BUFG
    SLICE_X4Y5           FDCE                                         r  RF/registers_reg[2][1]/C
  -------------------------------------------------------------------    -------------------
    SLICE_X4Y5           FDCE (Prop_fdce_C_Q)         0.456     5.612 r  RF/registers_reg[2][1]/Q
                         net (fo=36, routed)          1.285     6.897    RF/registers_reg[2][1]
    SLICE_X10Y7          LUT2 (Prop_lut2_I1_O)        0.150     7.047 r  RF/leds_OBUF[5]_inst_i_7/O
                         net (fo=47, routed)          1.668     8.715    RF/ReadData2[1]
    SLICE_X8Y11          LUT6 (Prop_lut6_I2_O)        0.348     9.063 f  RF/WriteData[24]_i_8/O
                         net (fo=2, routed)           0.837     9.900    RF/WriteData[24]_i_8_n_0
    SLICE_X6Y12          LUT6 (Prop_lut6_I0_O)        0.124    10.024 r  RF/WriteData[23]_i_3/O
                         net (fo=1, routed)           0.547    10.572    RF/WriteData[23]_i_3_n_0
    SLICE_X1Y12          LUT6 (Prop_lut6_I4_O)        0.124    10.696 r  RF/WriteData[23]_i_1/O
                         net (fo=1, routed)           0.000    10.696    RF_n_8
    SLICE_X1Y12          FDCE                                         r  WriteData_reg[23]/D
  -------------------------------------------------------------------    -------------------

                         (clock sys_clk rise edge)   10.000    10.000 r  
    W5                                                0.000    10.000 r  clk (IN)
                         net (fo=0)                   0.000    10.000    clk
    W5                   IBUF (Prop_ibuf_I_O)         1.388    11.388 r  clk_IBUF_inst/O
                         net (fo=1, routed)           1.862    13.250    clk_IBUF
    BUFGCTRL_X0Y0        BUFG (Prop_bufg_I_O)         0.091    13.341 r  clk_IBUF_BUFG_inst/O
                         net (fo=114, routed)         1.515    14.856    clk_IBUF_BUFG
    SLICE_X1Y12          FDCE                                         r  WriteData_reg[23]/C
                         clock pessimism              0.260    15.116    
                         clock uncertainty           -0.035    15.081    
    SLICE_X1Y12          FDCE (Setup_fdce_C_D)        0.029    15.110    WriteData_reg[23]
  -------------------------------------------------------------------
                         required time                         15.110    
                         arrival time                         -10.696    
  -------------------------------------------------------------------
                         slack                                  4.414    

Slack (MET) :             4.437ns  (required time - arrival time)
  Source:                 RF/registers_reg[2][0]/C
                            (rising edge-triggered cell FDCE clocked by sys_clk  {rise@0.000ns fall@5.000ns period=10.000ns})
  Destination:            WriteData_reg[0]/D
                            (rising edge-triggered cell FDCE clocked by sys_clk  {rise@0.000ns fall@5.000ns period=10.000ns})
  Path Group:             sys_clk
  Path Type:              Setup (Max at Slow Process Corner)
  Requirement:            10.000ns  (sys_clk rise@10.000ns - sys_clk rise@0.000ns)
  Data Path Delay:        5.532ns  (logic 1.024ns (18.511%)  route 4.508ns (81.489%))
  Logic Levels:           3  (LUT5=1 LUT6=2)
  Clock Path Skew:        -0.025ns (DCD - SCD + CPR)
    Destination Clock Delay (DCD):    4.858ns = ( 14.858 - 10.000 ) 
    Source Clock Delay      (SCD):    5.156ns
    Clock Pessimism Removal (CPR):    0.273ns
  Clock Uncertainty:      0.035ns  ((TSJ^2 + TIJ^2)^1/2 + DJ) / 2 + PE
    Total System Jitter     (TSJ):    0.071ns
    Total Input Jitter      (TIJ):    0.000ns
    Discrete Jitter          (DJ):    0.000ns
    Phase Error              (PE):    0.000ns

    Location             Delay type                Incr(ns)  Path(ns)    Netlist Resource(s)
  -------------------------------------------------------------------    -------------------
                         (clock sys_clk rise edge)    0.000     0.000 r  
    W5                                                0.000     0.000 r  clk (IN)
                         net (fo=0)                   0.000     0.000    clk
    W5                   IBUF (Prop_ibuf_I_O)         1.458     1.458 r  clk_IBUF_inst/O
                         net (fo=1, routed)           1.967     3.425    clk_IBUF
    BUFGCTRL_X0Y0        BUFG (Prop_bufg_I_O)         0.096     3.521 r  clk_IBUF_BUFG_inst/O
                         net (fo=114, routed)         1.635     5.156    RF/clk_IBUF_BUFG
    SLICE_X4Y5           FDCE                                         r  RF/registers_reg[2][0]/C
  -------------------------------------------------------------------    -------------------
    SLICE_X4Y5           FDCE (Prop_fdce_C_Q)         0.456     5.612 f  RF/registers_reg[2][0]/Q
                         net (fo=43, routed)          2.113     7.725    RF/registers_reg[2][0]
    SLICE_X2Y13          LUT5 (Prop_lut5_I1_O)        0.116     7.841 r  RF/leds_OBUF[7]_inst_i_2/O
                         net (fo=19, routed)          1.940     9.781    RF/leds_OBUF[7]_inst_i_2_n_0
    SLICE_X4Y7           LUT6 (Prop_lut6_I0_O)        0.328    10.109 f  RF/leds_OBUF[0]_inst_i_2/O
                         net (fo=2, routed)           0.455    10.564    RF/leds_OBUF[0]_inst_i_2_n_0
    SLICE_X4Y6           LUT6 (Prop_lut6_I1_O)        0.124    10.688 r  RF/WriteData[0]_i_1/O
                         net (fo=1, routed)           0.000    10.688    RF_n_31
    SLICE_X4Y6           FDCE                                         r  WriteData_reg[0]/D
  -------------------------------------------------------------------    -------------------

                         (clock sys_clk rise edge)   10.000    10.000 r  
    W5                                                0.000    10.000 r  clk (IN)
                         net (fo=0)                   0.000    10.000    clk
    W5                   IBUF (Prop_ibuf_I_O)         1.388    11.388 r  clk_IBUF_inst/O
                         net (fo=1, routed)           1.862    13.250    clk_IBUF
    BUFGCTRL_X0Y0        BUFG (Prop_bufg_I_O)         0.091    13.341 r  clk_IBUF_BUFG_inst/O
                         net (fo=114, routed)         1.517    14.858    clk_IBUF_BUFG
    SLICE_X4Y6           FDCE                                         r  WriteData_reg[0]/C
                         clock pessimism              0.273    15.131    
                         clock uncertainty           -0.035    15.096    
    SLICE_X4Y6           FDCE (Setup_fdce_C_D)        0.029    15.125    WriteData_reg[0]
  -------------------------------------------------------------------
                         required time                         15.125    
                         arrival time                         -10.688    
  -------------------------------------------------------------------
                         slack                                  4.437    

Slack (MET) :             4.451ns  (required time - arrival time)
  Source:                 rs2_reg[1]_rep__0/C
                            (rising edge-triggered cell FDCE clocked by sys_clk  {rise@0.000ns fall@5.000ns period=10.000ns})
  Destination:            WriteData_reg[6]/D
                            (rising edge-triggered cell FDCE clocked by sys_clk  {rise@0.000ns fall@5.000ns period=10.000ns})
  Path Group:             sys_clk
  Path Type:              Setup (Max at Slow Process Corner)
  Requirement:            10.000ns  (sys_clk rise@10.000ns - sys_clk rise@0.000ns)
  Data Path Delay:        5.486ns  (logic 1.204ns (21.946%)  route 4.282ns (78.054%))
  Logic Levels:           4  (LUT4=1 LUT6=3)
  Clock Path Skew:        -0.105ns (DCD - SCD + CPR)
    Destination Clock Delay (DCD):    4.791ns = ( 14.791 - 10.000 ) 
    Source Clock Delay      (SCD):    5.156ns
    Clock Pessimism Removal (CPR):    0.260ns
  Clock Uncertainty:      0.035ns  ((TSJ^2 + TIJ^2)^1/2 + DJ) / 2 + PE
    Total System Jitter     (TSJ):    0.071ns
    Total Input Jitter      (TIJ):    0.000ns
    Discrete Jitter          (DJ):    0.000ns
    Phase Error              (PE):    0.000ns

    Location             Delay type                Incr(ns)  Path(ns)    Netlist Resource(s)
  -------------------------------------------------------------------    -------------------
                         (clock sys_clk rise edge)    0.000     0.000 r  
    W5                                                0.000     0.000 r  clk (IN)
                         net (fo=0)                   0.000     0.000    clk
    W5                   IBUF (Prop_ibuf_I_O)         1.458     1.458 r  clk_IBUF_inst/O
                         net (fo=1, routed)           1.967     3.425    clk_IBUF
    BUFGCTRL_X0Y0        BUFG (Prop_bufg_I_O)         0.096     3.521 r  clk_IBUF_BUFG_inst/O
                         net (fo=114, routed)         1.635     5.156    clk_IBUF_BUFG
    SLICE_X3Y11          FDCE                                         r  rs2_reg[1]_rep__0/C
  -------------------------------------------------------------------    -------------------
    SLICE_X3Y11          FDCE (Prop_fdce_C_Q)         0.456     5.612 r  rs2_reg[1]_rep__0/Q
                         net (fo=95, routed)          1.950     7.562    RF/WriteData_reg[22]_0
    SLICE_X8Y10          LUT6 (Prop_lut6_I1_O)        0.124     7.686 f  RF/leds_OBUF[5]_inst_i_8/O
                         net (fo=4, routed)           0.825     8.511    RF/leds_OBUF[5]_inst_i_8_n_0
    SLICE_X10Y11         LUT4 (Prop_lut4_I3_O)        0.152     8.663 f  RF/leds_OBUF[7]_inst_i_7/O
                         net (fo=3, routed)           0.905     9.568    RF/leds_OBUF[7]_inst_i_7_n_0
    SLICE_X10Y5          LUT6 (Prop_lut6_I2_O)        0.348     9.916 r  RF/WriteData[6]_i_2/O
                         net (fo=1, routed)           0.602    10.518    RF/WriteData[6]_i_2_n_0
    SLICE_X8Y5           LUT6 (Prop_lut6_I2_O)        0.124    10.642 r  RF/WriteData[6]_i_1/O
                         net (fo=1, routed)           0.000    10.642    RF_n_25
    SLICE_X8Y5           FDCE                                         r  WriteData_reg[6]/D
  -------------------------------------------------------------------    -------------------

                         (clock sys_clk rise edge)   10.000    10.000 r  
    W5                                                0.000    10.000 r  clk (IN)
                         net (fo=0)                   0.000    10.000    clk
    W5                   IBUF (Prop_ibuf_I_O)         1.388    11.388 r  clk_IBUF_inst/O
                         net (fo=1, routed)           1.862    13.250    clk_IBUF
    BUFGCTRL_X0Y0        BUFG (Prop_bufg_I_O)         0.091    13.341 r  clk_IBUF_BUFG_inst/O
                         net (fo=114, routed)         1.450    14.791    clk_IBUF_BUFG
    SLICE_X8Y5           FDCE                                         r  WriteData_reg[6]/C
                         clock pessimism              0.260    15.051    
                         clock uncertainty           -0.035    15.016    
    SLICE_X8Y5           FDCE (Setup_fdce_C_D)        0.077    15.093    WriteData_reg[6]
  -------------------------------------------------------------------
                         required time                         15.093    
                         arrival time                         -10.642    
  -------------------------------------------------------------------
                         slack                                  4.451    

Slack (MET) :             4.462ns  (required time - arrival time)
  Source:                 RF/registers_reg[2][3]/C
                            (rising edge-triggered cell FDCE clocked by sys_clk  {rise@0.000ns fall@5.000ns period=10.000ns})
  Destination:            WriteData_reg[17]/D
                            (rising edge-triggered cell FDCE clocked by sys_clk  {rise@0.000ns fall@5.000ns period=10.000ns})
  Path Group:             sys_clk
  Path Type:              Setup (Max at Slow Process Corner)
  Requirement:            10.000ns  (sys_clk rise@10.000ns - sys_clk rise@0.000ns)
  Data Path Delay:        5.494ns  (logic 0.952ns (17.328%)  route 4.542ns (82.672%))
  Logic Levels:           4  (LUT4=1 LUT5=1 LUT6=2)
  Clock Path Skew:        -0.038ns (DCD - SCD + CPR)
    Destination Clock Delay (DCD):    4.858ns = ( 14.858 - 10.000 ) 
    Source Clock Delay      (SCD):    5.156ns
    Clock Pessimism Removal (CPR):    0.260ns
  Clock Uncertainty:      0.035ns  ((TSJ^2 + TIJ^2)^1/2 + DJ) / 2 + PE
    Total System Jitter     (TSJ):    0.071ns
    Total Input Jitter      (TIJ):    0.000ns
    Discrete Jitter          (DJ):    0.000ns
    Phase Error              (PE):    0.000ns

    Location             Delay type                Incr(ns)  Path(ns)    Netlist Resource(s)
  -------------------------------------------------------------------    -------------------
                         (clock sys_clk rise edge)    0.000     0.000 r  
    W5                                                0.000     0.000 r  clk (IN)
                         net (fo=0)                   0.000     0.000    clk
    W5                   IBUF (Prop_ibuf_I_O)         1.458     1.458 r  clk_IBUF_inst/O
                         net (fo=1, routed)           1.967     3.425    clk_IBUF
    BUFGCTRL_X0Y0        BUFG (Prop_bufg_I_O)         0.096     3.521 r  clk_IBUF_BUFG_inst/O
                         net (fo=114, routed)         1.635     5.156    RF/clk_IBUF_BUFG
    SLICE_X4Y5           FDCE                                         r  RF/registers_reg[2][3]/C
  -------------------------------------------------------------------    -------------------
    SLICE_X4Y5           FDCE (Prop_fdce_C_Q)         0.456     5.612 r  RF/registers_reg[2][3]/Q
                         net (fo=93, routed)          1.789     7.401    RF/registers_reg[2][3]
    SLICE_X10Y7          LUT5 (Prop_lut5_I2_O)        0.124     7.525 f  RF/WriteData[16]_i_7/O
                         net (fo=4, routed)           0.902     8.428    RF/WriteData[16]_i_7_n_0
    SLICE_X10Y10         LUT6 (Prop_lut6_I0_O)        0.124     8.552 f  RF/WriteData[18]_i_6/O
                         net (fo=1, routed)           1.080     9.632    RF/WriteData[18]_i_6_n_0
    SLICE_X7Y6           LUT4 (Prop_lut4_I0_O)        0.124     9.756 f  RF/WriteData[18]_i_3/O
                         net (fo=2, routed)           0.770    10.526    RF/WriteData[18]_i_3_n_0
    SLICE_X1Y10          LUT6 (Prop_lut6_I3_O)        0.124    10.650 r  RF/WriteData[17]_i_1/O
                         net (fo=1, routed)           0.000    10.650    RF_n_14
    SLICE_X1Y10          FDCE                                         r  WriteData_reg[17]/D
  -------------------------------------------------------------------    -------------------

                         (clock sys_clk rise edge)   10.000    10.000 r  
    W5                                                0.000    10.000 r  clk (IN)
                         net (fo=0)                   0.000    10.000    clk
    W5                   IBUF (Prop_ibuf_I_O)         1.388    11.388 r  clk_IBUF_inst/O
                         net (fo=1, routed)           1.862    13.250    clk_IBUF
    BUFGCTRL_X0Y0        BUFG (Prop_bufg_I_O)         0.091    13.341 r  clk_IBUF_BUFG_inst/O
                         net (fo=114, routed)         1.517    14.858    clk_IBUF_BUFG
    SLICE_X1Y10          FDCE                                         r  WriteData_reg[17]/C
                         clock pessimism              0.260    15.118    
                         clock uncertainty           -0.035    15.083    
    SLICE_X1Y10          FDCE (Setup_fdce_C_D)        0.029    15.112    WriteData_reg[17]
  -------------------------------------------------------------------
                         required time                         15.112    
                         arrival time                         -10.650    
  -------------------------------------------------------------------
                         slack                                  4.462    





Min Delay Paths
--------------------------------------------------------------------------------------
Slack (MET) :             0.163ns  (arrival time - required time)
  Source:                 WriteData_reg[0]/C
                            (rising edge-triggered cell FDCE clocked by sys_clk  {rise@0.000ns fall@5.000ns period=10.000ns})
  Destination:            RF/registers_reg[1][0]/D
                            (rising edge-triggered cell FDCE clocked by sys_clk  {rise@0.000ns fall@5.000ns period=10.000ns})
  Path Group:             sys_clk
  Path Type:              Hold (Min at Fast Process Corner)
  Requirement:            0.000ns  (sys_clk rise@0.000ns - sys_clk rise@0.000ns)
  Data Path Delay:        0.272ns  (logic 0.141ns (51.886%)  route 0.131ns (48.114%))
  Logic Levels:           0  
  Clock Path Skew:        0.039ns (DCD - SCD - CPR)
    Destination Clock Delay (DCD):    1.993ns
    Source Clock Delay      (SCD):    1.476ns
    Clock Pessimism Removal (CPR):    0.478ns

    Location             Delay type                Incr(ns)  Path(ns)    Netlist Resource(s)
  -------------------------------------------------------------------    -------------------
                         (clock sys_clk rise edge)    0.000     0.000 r  
    W5                                                0.000     0.000 r  clk (IN)
                         net (fo=0)                   0.000     0.000    clk
    W5                   IBUF (Prop_ibuf_I_O)         0.226     0.226 r  clk_IBUF_inst/O
                         net (fo=1, routed)           0.631     0.858    clk_IBUF
    BUFGCTRL_X0Y0        BUFG (Prop_bufg_I_O)         0.026     0.884 r  clk_IBUF_BUFG_inst/O
                         net (fo=114, routed)         0.593     1.476    clk_IBUF_BUFG
    SLICE_X4Y6           FDCE                                         r  WriteData_reg[0]/C
  -------------------------------------------------------------------    -------------------
    SLICE_X4Y6           FDCE (Prop_fdce_C_Q)         0.141     1.617 r  WriteData_reg[0]/Q
                         net (fo=2, routed)           0.131     1.748    RF/registers_reg[2][31]_0[0]
    SLICE_X3Y5           FDCE                                         r  RF/registers_reg[1][0]/D
  -------------------------------------------------------------------    -------------------

                         (clock sys_clk rise edge)    0.000     0.000 r  
    W5                                                0.000     0.000 r  clk (IN)
                         net (fo=0)                   0.000     0.000    clk
    W5                   IBUF (Prop_ibuf_I_O)         0.414     0.414 r  clk_IBUF_inst/O
                         net (fo=1, routed)           0.685     1.099    clk_IBUF
    BUFGCTRL_X0Y0        BUFG (Prop_bufg_I_O)         0.029     1.128 r  clk_IBUF_BUFG_inst/O
                         net (fo=114, routed)         0.866     1.993    RF/clk_IBUF_BUFG
    SLICE_X3Y5           FDCE                                         r  RF/registers_reg[1][0]/C
                         clock pessimism             -0.478     1.515    
    SLICE_X3Y5           FDCE (Hold_fdce_C_D)         0.070     1.585    RF/registers_reg[1][0]
  -------------------------------------------------------------------
                         required time                         -1.585    
                         arrival time                           1.748    
  -------------------------------------------------------------------
                         slack                                  0.163    

Slack (MET) :             0.165ns  (arrival time - required time)
  Source:                 WriteData_reg[19]/C
                            (rising edge-triggered cell FDCE clocked by sys_clk  {rise@0.000ns fall@5.000ns period=10.000ns})
  Destination:            RF/registers_reg[2][19]/D
                            (rising edge-triggered cell FDCE clocked by sys_clk  {rise@0.000ns fall@5.000ns period=10.000ns})
  Path Group:             sys_clk
  Path Type:              Hold (Min at Fast Process Corner)
  Requirement:            0.000ns  (sys_clk rise@0.000ns - sys_clk rise@0.000ns)
  Data Path Delay:        0.266ns  (logic 0.141ns (52.939%)  route 0.125ns (47.061%))
  Logic Levels:           0  
  Clock Path Skew:        0.035ns (DCD - SCD - CPR)
    Destination Clock Delay (DCD):    1.989ns
    Source Clock Delay      (SCD):    1.476ns
    Clock Pessimism Removal (CPR):    0.478ns

    Location             Delay type                Incr(ns)  Path(ns)    Netlist Resource(s)
  -------------------------------------------------------------------    -------------------
                         (clock sys_clk rise edge)    0.000     0.000 r  
    W5                                                0.000     0.000 r  clk (IN)
                         net (fo=0)                   0.000     0.000    clk
    W5                   IBUF (Prop_ibuf_I_O)         0.226     0.226 r  clk_IBUF_inst/O
                         net (fo=1, routed)           0.631     0.858    clk_IBUF
    BUFGCTRL_X0Y0        BUFG (Prop_bufg_I_O)         0.026     0.884 r  clk_IBUF_BUFG_inst/O
                         net (fo=114, routed)         0.593     1.476    clk_IBUF_BUFG
    SLICE_X3Y10          FDCE                                         r  WriteData_reg[19]/C
  -------------------------------------------------------------------    -------------------
    SLICE_X3Y10          FDCE (Prop_fdce_C_Q)         0.141     1.617 r  WriteData_reg[19]/Q
                         net (fo=2, routed)           0.125     1.742    RF/registers_reg[2][31]_0[19]
    SLICE_X4Y11          FDCE                                         r  RF/registers_reg[2][19]/D
  -------------------------------------------------------------------    -------------------

                         (clock sys_clk rise edge)    0.000     0.000 r  
    W5                                                0.000     0.000 r  clk (IN)
                         net (fo=0)                   0.000     0.000    clk
    W5                   IBUF (Prop_ibuf_I_O)         0.414     0.414 r  clk_IBUF_inst/O
                         net (fo=1, routed)           0.685     1.099    clk_IBUF
    BUFGCTRL_X0Y0        BUFG (Prop_bufg_I_O)         0.029     1.128 r  clk_IBUF_BUFG_inst/O
                         net (fo=114, routed)         0.862     1.989    RF/clk_IBUF_BUFG
    SLICE_X4Y11          FDCE                                         r  RF/registers_reg[2][19]/C
                         clock pessimism             -0.478     1.511    
    SLICE_X4Y11          FDCE (Hold_fdce_C_D)         0.066     1.577    RF/registers_reg[2][19]
  -------------------------------------------------------------------
                         required time                         -1.577    
                         arrival time                           1.742    
  -------------------------------------------------------------------
                         slack                                  0.165    

Slack (MET) :             0.174ns  (arrival time - required time)
  Source:                 WriteData_reg[23]/C
                            (rising edge-triggered cell FDCE clocked by sys_clk  {rise@0.000ns fall@5.000ns period=10.000ns})
  Destination:            RF/registers_reg[1][23]/D
                            (rising edge-triggered cell FDCE clocked by sys_clk  {rise@0.000ns fall@5.000ns period=10.000ns})
  Path Group:             sys_clk
  Path Type:              Hold (Min at Fast Process Corner)
  Requirement:            0.000ns  (sys_clk rise@0.000ns - sys_clk rise@0.000ns)
  Data Path Delay:        0.254ns  (logic 0.141ns (55.481%)  route 0.113ns (44.519%))
  Logic Levels:           0  
  Clock Path Skew:        0.017ns (DCD - SCD - CPR)
    Destination Clock Delay (DCD):    1.991ns
    Source Clock Delay      (SCD):    1.475ns
    Clock Pessimism Removal (CPR):    0.499ns

    Location             Delay type                Incr(ns)  Path(ns)    Netlist Resource(s)
  -------------------------------------------------------------------    -------------------
                         (clock sys_clk rise edge)    0.000     0.000 r  
    W5                                                0.000     0.000 r  clk (IN)
                         net (fo=0)                   0.000     0.000    clk
    W5                   IBUF (Prop_ibuf_I_O)         0.226     0.226 r  clk_IBUF_inst/O
                         net (fo=1, routed)           0.631     0.858    clk_IBUF
    BUFGCTRL_X0Y0        BUFG (Prop_bufg_I_O)         0.026     0.884 r  clk_IBUF_BUFG_inst/O
                         net (fo=114, routed)         0.592     1.475    clk_IBUF_BUFG
    SLICE_X1Y12          FDCE                                         r  WriteData_reg[23]/C
  -------------------------------------------------------------------    -------------------
    SLICE_X1Y12          FDCE (Prop_fdce_C_Q)         0.141     1.616 r  WriteData_reg[23]/Q
                         net (fo=2, routed)           0.113     1.729    RF/registers_reg[2][31]_0[23]
    SLICE_X2Y11          FDCE                                         r  RF/registers_reg[1][23]/D
  -------------------------------------------------------------------    -------------------

                         (clock sys_clk rise edge)    0.000     0.000 r  
    W5                                                0.000     0.000 r  clk (IN)
                         net (fo=0)                   0.000     0.000    clk
    W5                   IBUF (Prop_ibuf_I_O)         0.414     0.414 r  clk_IBUF_inst/O
                         net (fo=1, routed)           0.685     1.099    clk_IBUF
    BUFGCTRL_X0Y0        BUFG (Prop_bufg_I_O)         0.029     1.128 r  clk_IBUF_BUFG_inst/O
                         net (fo=114, routed)         0.864     1.991    RF/clk_IBUF_BUFG
    SLICE_X2Y11          FDCE                                         r  RF/registers_reg[1][23]/C
                         clock pessimism             -0.499     1.492    
    SLICE_X2Y11          FDCE (Hold_fdce_C_D)         0.063     1.555    RF/registers_reg[1][23]
  -------------------------------------------------------------------
                         required time                         -1.555    
                         arrival time                           1.729    
  -------------------------------------------------------------------
                         slack                                  0.174    

Slack (MET) :             0.175ns  (arrival time - required time)
  Source:                 WriteData_reg[17]/C
                            (rising edge-triggered cell FDCE clocked by sys_clk  {rise@0.000ns fall@5.000ns period=10.000ns})
  Destination:            RF/registers_reg[2][17]/D
                            (rising edge-triggered cell FDCE clocked by sys_clk  {rise@0.000ns fall@5.000ns period=10.000ns})
  Path Group:             sys_clk
  Path Type:              Hold (Min at Fast Process Corner)
  Requirement:            0.000ns  (sys_clk rise@0.000ns - sys_clk rise@0.000ns)
  Data Path Delay:        0.262ns  (logic 0.141ns (53.837%)  route 0.121ns (46.163%))
  Logic Levels:           0  
  Clock Path Skew:        0.017ns (DCD - SCD - CPR)
    Destination Clock Delay (DCD):    1.992ns
    Source Clock Delay      (SCD):    1.476ns
    Clock Pessimism Removal (CPR):    0.499ns

    Location             Delay type                Incr(ns)  Path(ns)    Netlist Resource(s)
  -------------------------------------------------------------------    -------------------
                         (clock sys_clk rise edge)    0.000     0.000 r  
    W5                                                0.000     0.000 r  clk (IN)
                         net (fo=0)                   0.000     0.000    clk
    W5                   IBUF (Prop_ibuf_I_O)         0.226     0.226 r  clk_IBUF_inst/O
                         net (fo=1, routed)           0.631     0.858    clk_IBUF
    BUFGCTRL_X0Y0        BUFG (Prop_bufg_I_O)         0.026     0.884 r  clk_IBUF_BUFG_inst/O
                         net (fo=114, routed)         0.593     1.476    clk_IBUF_BUFG
    SLICE_X1Y10          FDCE                                         r  WriteData_reg[17]/C
  -------------------------------------------------------------------    -------------------
    SLICE_X1Y10          FDCE (Prop_fdce_C_Q)         0.141     1.617 r  WriteData_reg[17]/Q
                         net (fo=2, routed)           0.121     1.738    RF/registers_reg[2][31]_0[17]
    SLICE_X1Y9           FDCE                                         r  RF/registers_reg[2][17]/D
  -------------------------------------------------------------------    -------------------

                         (clock sys_clk rise edge)    0.000     0.000 r  
    W5                                                0.000     0.000 r  clk (IN)
                         net (fo=0)                   0.000     0.000    clk
    W5                   IBUF (Prop_ibuf_I_O)         0.414     0.414 r  clk_IBUF_inst/O
                         net (fo=1, routed)           0.685     1.099    clk_IBUF
    BUFGCTRL_X0Y0        BUFG (Prop_bufg_I_O)         0.029     1.128 r  clk_IBUF_BUFG_inst/O
                         net (fo=114, routed)         0.865     1.992    RF/clk_IBUF_BUFG
    SLICE_X1Y9           FDCE                                         r  RF/registers_reg[2][17]/C
                         clock pessimism             -0.499     1.493    
    SLICE_X1Y9           FDCE (Hold_fdce_C_D)         0.070     1.563    RF/registers_reg[2][17]
  -------------------------------------------------------------------
                         required time                         -1.563    
                         arrival time                           1.738    
  -------------------------------------------------------------------
                         slack                                  0.175    

Slack (MET) :             0.179ns  (arrival time - required time)
  Source:                 WriteData_reg[13]/C
                            (rising edge-triggered cell FDCE clocked by sys_clk  {rise@0.000ns fall@5.000ns period=10.000ns})
  Destination:            RF/registers_reg[2][13]/D
                            (rising edge-triggered cell FDCE clocked by sys_clk  {rise@0.000ns fall@5.000ns period=10.000ns})
  Path Group:             sys_clk
  Path Type:              Hold (Min at Fast Process Corner)
  Requirement:            0.000ns  (sys_clk rise@0.000ns - sys_clk rise@0.000ns)
  Data Path Delay:        0.264ns  (logic 0.141ns (53.429%)  route 0.123ns (46.571%))
  Logic Levels:           0  
  Clock Path Skew:        0.015ns (DCD - SCD - CPR)
    Destination Clock Delay (DCD):    1.961ns
    Source Clock Delay      (SCD):    1.448ns
    Clock Pessimism Removal (CPR):    0.498ns

    Location             Delay type                Incr(ns)  Path(ns)    Netlist Resource(s)
  -------------------------------------------------------------------    -------------------
                         (clock sys_clk rise edge)    0.000     0.000 r  
    W5                                                0.000     0.000 r  clk (IN)
                         net (fo=0)                   0.000     0.000    clk
    W5                   IBUF (Prop_ibuf_I_O)         0.226     0.226 r  clk_IBUF_inst/O
                         net (fo=1, routed)           0.631     0.858    clk_IBUF
    BUFGCTRL_X0Y0        BUFG (Prop_bufg_I_O)         0.026     0.884 r  clk_IBUF_BUFG_inst/O
                         net (fo=114, routed)         0.565     1.448    clk_IBUF_BUFG
    SLICE_X9Y9           FDCE                                         r  WriteData_reg[13]/C
  -------------------------------------------------------------------    -------------------
    SLICE_X9Y9           FDCE (Prop_fdce_C_Q)         0.141     1.589 r  WriteData_reg[13]/Q
                         net (fo=2, routed)           0.123     1.712    RF/registers_reg[2][31]_0[13]
    SLICE_X9Y10          FDCE                                         r  RF/registers_reg[2][13]/D
  -------------------------------------------------------------------    -------------------

                         (clock sys_clk rise edge)    0.000     0.000 r  
    W5                                                0.000     0.000 r  clk (IN)
                         net (fo=0)                   0.000     0.000    clk
    W5                   IBUF (Prop_ibuf_I_O)         0.414     0.414 r  clk_IBUF_inst/O
                         net (fo=1, routed)           0.685     1.099    clk_IBUF
    BUFGCTRL_X0Y0        BUFG (Prop_bufg_I_O)         0.029     1.128 r  clk_IBUF_BUFG_inst/O
                         net (fo=114, routed)         0.834     1.961    RF/clk_IBUF_BUFG
    SLICE_X9Y10          FDCE                                         r  RF/registers_reg[2][13]/C
                         clock pessimism             -0.498     1.463    
    SLICE_X9Y10          FDCE (Hold_fdce_C_D)         0.070     1.533    RF/registers_reg[2][13]
  -------------------------------------------------------------------
                         required time                         -1.533    
                         arrival time                           1.712    
  -------------------------------------------------------------------
                         slack                                  0.179    

Slack (MET) :             0.181ns  (arrival time - required time)
  Source:                 WriteData_reg[12]/C
                            (rising edge-triggered cell FDCE clocked by sys_clk  {rise@0.000ns fall@5.000ns period=10.000ns})
  Destination:            RF/registers_reg[2][12]/D
                            (rising edge-triggered cell FDCE clocked by sys_clk  {rise@0.000ns fall@5.000ns period=10.000ns})
  Path Group:             sys_clk
  Path Type:              Hold (Min at Fast Process Corner)
  Requirement:            0.000ns  (sys_clk rise@0.000ns - sys_clk rise@0.000ns)
  Data Path Delay:        0.267ns  (logic 0.141ns (52.714%)  route 0.126ns (47.286%))
  Logic Levels:           0  
  Clock Path Skew:        0.016ns (DCD - SCD - CPR)
    Destination Clock Delay (DCD):    1.990ns
    Source Clock Delay      (SCD):    1.475ns
    Clock Pessimism Removal (CPR):    0.499ns

    Location             Delay type                Incr(ns)  Path(ns)    Netlist Resource(s)
  -------------------------------------------------------------------    -------------------
                         (clock sys_clk rise edge)    0.000     0.000 r  
    W5                                                0.000     0.000 r  clk (IN)
                         net (fo=0)                   0.000     0.000    clk
    W5                   IBUF (Prop_ibuf_I_O)         0.226     0.226 r  clk_IBUF_inst/O
                         net (fo=1, routed)           0.631     0.858    clk_IBUF
    BUFGCTRL_X0Y0        BUFG (Prop_bufg_I_O)         0.026     0.884 r  clk_IBUF_BUFG_inst/O
                         net (fo=114, routed)         0.592     1.475    clk_IBUF_BUFG
    SLICE_X4Y8           FDCE                                         r  WriteData_reg[12]/C
  -------------------------------------------------------------------    -------------------
    SLICE_X4Y8           FDCE (Prop_fdce_C_Q)         0.141     1.616 r  WriteData_reg[12]/Q
                         net (fo=2, routed)           0.126     1.743    RF/registers_reg[2][31]_0[12]
    SLICE_X5Y9           FDCE                                         r  RF/registers_reg[2][12]/D
  -------------------------------------------------------------------    -------------------

                         (clock sys_clk rise edge)    0.000     0.000 r  
    W5                                                0.000     0.000 r  clk (IN)
                         net (fo=0)                   0.000     0.000    clk
    W5                   IBUF (Prop_ibuf_I_O)         0.414     0.414 r  clk_IBUF_inst/O
                         net (fo=1, routed)           0.685     1.099    clk_IBUF
    BUFGCTRL_X0Y0        BUFG (Prop_bufg_I_O)         0.029     1.128 r  clk_IBUF_BUFG_inst/O
                         net (fo=114, routed)         0.863     1.990    RF/clk_IBUF_BUFG
    SLICE_X5Y9           FDCE                                         r  RF/registers_reg[2][12]/C
                         clock pessimism             -0.499     1.491    
    SLICE_X5Y9           FDCE (Hold_fdce_C_D)         0.070     1.561    RF/registers_reg[2][12]
  -------------------------------------------------------------------
                         required time                         -1.561    
                         arrival time                           1.743    
  -------------------------------------------------------------------
                         slack                                  0.181    

Slack (MET) :             0.183ns  (arrival time - required time)
  Source:                 WriteData_reg[1]/C
                            (rising edge-triggered cell FDCE clocked by sys_clk  {rise@0.000ns fall@5.000ns period=10.000ns})
  Destination:            RF/registers_reg[1][1]/D
                            (rising edge-triggered cell FDCE clocked by sys_clk  {rise@0.000ns fall@5.000ns period=10.000ns})
  Path Group:             sys_clk
  Path Type:              Hold (Min at Fast Process Corner)
  Requirement:            0.000ns  (sys_clk rise@0.000ns - sys_clk rise@0.000ns)
  Data Path Delay:        0.269ns  (logic 0.141ns (52.459%)  route 0.128ns (47.541%))
  Logic Levels:           0  
  Clock Path Skew:        0.016ns (DCD - SCD - CPR)
    Destination Clock Delay (DCD):    1.991ns
    Source Clock Delay      (SCD):    1.476ns
    Clock Pessimism Removal (CPR):    0.499ns

    Location             Delay type                Incr(ns)  Path(ns)    Netlist Resource(s)
  -------------------------------------------------------------------    -------------------
                         (clock sys_clk rise edge)    0.000     0.000 r  
    W5                                                0.000     0.000 r  clk (IN)
                         net (fo=0)                   0.000     0.000    clk
    W5                   IBUF (Prop_ibuf_I_O)         0.226     0.226 r  clk_IBUF_inst/O
                         net (fo=1, routed)           0.631     0.858    clk_IBUF
    BUFGCTRL_X0Y0        BUFG (Prop_bufg_I_O)         0.026     0.884 r  clk_IBUF_BUFG_inst/O
                         net (fo=114, routed)         0.593     1.476    clk_IBUF_BUFG
    SLICE_X4Y4           FDCE                                         r  WriteData_reg[1]/C
  -------------------------------------------------------------------    -------------------
    SLICE_X4Y4           FDCE (Prop_fdce_C_Q)         0.141     1.617 r  WriteData_reg[1]/Q
                         net (fo=2, routed)           0.128     1.745    RF/registers_reg[2][31]_0[1]
    SLICE_X5Y5           FDCE                                         r  RF/registers_reg[1][1]/D
  -------------------------------------------------------------------    -------------------

                         (clock sys_clk rise edge)    0.000     0.000 r  
    W5                                                0.000     0.000 r  clk (IN)
                         net (fo=0)                   0.000     0.000    clk
    W5                   IBUF (Prop_ibuf_I_O)         0.414     0.414 r  clk_IBUF_inst/O
                         net (fo=1, routed)           0.685     1.099    clk_IBUF
    BUFGCTRL_X0Y0        BUFG (Prop_bufg_I_O)         0.029     1.128 r  clk_IBUF_BUFG_inst/O
                         net (fo=114, routed)         0.864     1.991    RF/clk_IBUF_BUFG
    SLICE_X5Y5           FDCE                                         r  RF/registers_reg[1][1]/C
                         clock pessimism             -0.499     1.492    
    SLICE_X5Y5           FDCE (Hold_fdce_C_D)         0.070     1.562    RF/registers_reg[1][1]
  -------------------------------------------------------------------
                         required time                         -1.562    
                         arrival time                           1.745    
  -------------------------------------------------------------------
                         slack                                  0.183    

Slack (MET) :             0.183ns  (arrival time - required time)
  Source:                 WriteData_reg[26]/C
                            (rising edge-triggered cell FDCE clocked by sys_clk  {rise@0.000ns fall@5.000ns period=10.000ns})
  Destination:            RF/registers_reg[2][26]/D
                            (rising edge-triggered cell FDCE clocked by sys_clk  {rise@0.000ns fall@5.000ns period=10.000ns})
  Path Group:             sys_clk
  Path Type:              Hold (Min at Fast Process Corner)
  Requirement:            0.000ns  (sys_clk rise@0.000ns - sys_clk rise@0.000ns)
  Data Path Delay:        0.265ns  (logic 0.141ns (53.180%)  route 0.124ns (46.820%))
  Logic Levels:           0  
  Clock Path Skew:        0.016ns (DCD - SCD - CPR)
    Destination Clock Delay (DCD):    1.959ns
    Source Clock Delay      (SCD):    1.445ns
    Clock Pessimism Removal (CPR):    0.498ns

    Location             Delay type                Incr(ns)  Path(ns)    Netlist Resource(s)
  -------------------------------------------------------------------    -------------------
                         (clock sys_clk rise edge)    0.000     0.000 r  
    W5                                                0.000     0.000 r  clk (IN)
                         net (fo=0)                   0.000     0.000    clk
    W5                   IBUF (Prop_ibuf_I_O)         0.226     0.226 r  clk_IBUF_inst/O
                         net (fo=1, routed)           0.631     0.858    clk_IBUF
    BUFGCTRL_X0Y0        BUFG (Prop_bufg_I_O)         0.026     0.884 r  clk_IBUF_BUFG_inst/O
                         net (fo=114, routed)         0.562     1.445    clk_IBUF_BUFG
    SLICE_X9Y13          FDCE                                         r  WriteData_reg[26]/C
  -------------------------------------------------------------------    -------------------
    SLICE_X9Y13          FDCE (Prop_fdce_C_Q)         0.141     1.586 r  WriteData_reg[26]/Q
                         net (fo=2, routed)           0.124     1.710    RF/registers_reg[2][31]_0[26]
    SLICE_X9Y12          FDCE                                         r  RF/registers_reg[2][26]/D
  -------------------------------------------------------------------    -------------------

                         (clock sys_clk rise edge)    0.000     0.000 r  
    W5                                                0.000     0.000 r  clk (IN)
                         net (fo=0)                   0.000     0.000    clk
    W5                   IBUF (Prop_ibuf_I_O)         0.414     0.414 r  clk_IBUF_inst/O
                         net (fo=1, routed)           0.685     1.099    clk_IBUF
    BUFGCTRL_X0Y0        BUFG (Prop_bufg_I_O)         0.029     1.128 r  clk_IBUF_BUFG_inst/O
                         net (fo=114, routed)         0.832     1.959    RF/clk_IBUF_BUFG
    SLICE_X9Y12          FDCE                                         r  RF/registers_reg[2][26]/C
                         clock pessimism             -0.498     1.461    
    SLICE_X9Y12          FDCE (Hold_fdce_C_D)         0.066     1.527    RF/registers_reg[2][26]
  -------------------------------------------------------------------
                         required time                         -1.527    
                         arrival time                           1.710    
  -------------------------------------------------------------------
                         slack                                  0.183    

Slack (MET) :             0.183ns  (arrival time - required time)
  Source:                 WriteData_reg[24]/C
                            (rising edge-triggered cell FDCE clocked by sys_clk  {rise@0.000ns fall@5.000ns period=10.000ns})
  Destination:            RF/registers_reg[2][24]/D
                            (rising edge-triggered cell FDCE clocked by sys_clk  {rise@0.000ns fall@5.000ns period=10.000ns})
  Path Group:             sys_clk
  Path Type:              Hold (Min at Fast Process Corner)
  Requirement:            0.000ns  (sys_clk rise@0.000ns - sys_clk rise@0.000ns)
  Data Path Delay:        0.267ns  (logic 0.141ns (52.714%)  route 0.126ns (47.286%))
  Logic Levels:           0  
  Clock Path Skew:        0.014ns (DCD - SCD - CPR)
    Destination Clock Delay (DCD):    1.986ns
    Source Clock Delay      (SCD):    1.473ns
    Clock Pessimism Removal (CPR):    0.499ns

    Location             Delay type                Incr(ns)  Path(ns)    Netlist Resource(s)
  -------------------------------------------------------------------    -------------------
                         (clock sys_clk rise edge)    0.000     0.000 r  
    W5                                                0.000     0.000 r  clk (IN)
                         net (fo=0)                   0.000     0.000    clk
    W5                   IBUF (Prop_ibuf_I_O)         0.226     0.226 r  clk_IBUF_inst/O
                         net (fo=1, routed)           0.631     0.858    clk_IBUF
    BUFGCTRL_X0Y0        BUFG (Prop_bufg_I_O)         0.026     0.884 r  clk_IBUF_BUFG_inst/O
                         net (fo=114, routed)         0.590     1.473    clk_IBUF_BUFG
    SLICE_X4Y12          FDCE                                         r  WriteData_reg[24]/C
  -------------------------------------------------------------------    -------------------
    SLICE_X4Y12          FDCE (Prop_fdce_C_Q)         0.141     1.614 r  WriteData_reg[24]/Q
                         net (fo=2, routed)           0.126     1.741    RF/registers_reg[2][31]_0[24]
    SLICE_X5Y13          FDCE                                         r  RF/registers_reg[2][24]/D
  -------------------------------------------------------------------    -------------------

                         (clock sys_clk rise edge)    0.000     0.000 r  
    W5                                                0.000     0.000 r  clk (IN)
                         net (fo=0)                   0.000     0.000    clk
    W5                   IBUF (Prop_ibuf_I_O)         0.414     0.414 r  clk_IBUF_inst/O
                         net (fo=1, routed)           0.685     1.099    clk_IBUF
    BUFGCTRL_X0Y0        BUFG (Prop_bufg_I_O)         0.029     1.128 r  clk_IBUF_BUFG_inst/O
                         net (fo=114, routed)         0.859     1.986    RF/clk_IBUF_BUFG
    SLICE_X5Y13          FDCE                                         r  RF/registers_reg[2][24]/C
                         clock pessimism             -0.499     1.487    
    SLICE_X5Y13          FDCE (Hold_fdce_C_D)         0.070     1.557    RF/registers_reg[2][24]
  -------------------------------------------------------------------
                         required time                         -1.557    
                         arrival time                           1.741    
  -------------------------------------------------------------------
                         slack                                  0.183    

Slack (MET) :             0.184ns  (arrival time - required time)
  Source:                 WriteData_reg[27]/C
                            (rising edge-triggered cell FDCE clocked by sys_clk  {rise@0.000ns fall@5.000ns period=10.000ns})
  Destination:            RF/registers_reg[1][27]/D
                            (rising edge-triggered cell FDCE clocked by sys_clk  {rise@0.000ns fall@5.000ns period=10.000ns})
  Path Group:             sys_clk
  Path Type:              Hold (Min at Fast Process Corner)
  Requirement:            0.000ns  (sys_clk rise@0.000ns - sys_clk rise@0.000ns)
  Data Path Delay:        0.263ns  (logic 0.141ns (53.638%)  route 0.122ns (46.362%))
  Logic Levels:           0  
  Clock Path Skew:        0.016ns (DCD - SCD - CPR)
    Destination Clock Delay (DCD):    1.959ns
    Source Clock Delay      (SCD):    1.445ns
    Clock Pessimism Removal (CPR):    0.498ns

    Location             Delay type                Incr(ns)  Path(ns)    Netlist Resource(s)
  -------------------------------------------------------------------    -------------------
                         (clock sys_clk rise edge)    0.000     0.000 r  
    W5                                                0.000     0.000 r  clk (IN)
                         net (fo=0)                   0.000     0.000    clk
    W5                   IBUF (Prop_ibuf_I_O)         0.226     0.226 r  clk_IBUF_inst/O
                         net (fo=1, routed)           0.631     0.858    clk_IBUF
    BUFGCTRL_X0Y0        BUFG (Prop_bufg_I_O)         0.026     0.884 r  clk_IBUF_BUFG_inst/O
                         net (fo=114, routed)         0.562     1.445    clk_IBUF_BUFG
    SLICE_X9Y13          FDCE                                         r  WriteData_reg[27]/C
  -------------------------------------------------------------------    -------------------
    SLICE_X9Y13          FDCE (Prop_fdce_C_Q)         0.141     1.586 r  WriteData_reg[27]/Q
                         net (fo=2, routed)           0.122     1.708    RF/registers_reg[2][31]_0[27]
    SLICE_X8Y12          FDCE                                         r  RF/registers_reg[1][27]/D
  -------------------------------------------------------------------    -------------------

                         (clock sys_clk rise edge)    0.000     0.000 r  
    W5                                                0.000     0.000 r  clk (IN)
                         net (fo=0)                   0.000     0.000    clk
    W5                   IBUF (Prop_ibuf_I_O)         0.414     0.414 r  clk_IBUF_inst/O
                         net (fo=1, routed)           0.685     1.099    clk_IBUF
    BUFGCTRL_X0Y0        BUFG (Prop_bufg_I_O)         0.029     1.128 r  clk_IBUF_BUFG_inst/O
                         net (fo=114, routed)         0.832     1.959    RF/clk_IBUF_BUFG
    SLICE_X8Y12          FDCE                                         r  RF/registers_reg[1][27]/C
                         clock pessimism             -0.498     1.461    
    SLICE_X8Y12          FDCE (Hold_fdce_C_D)         0.063     1.524    RF/registers_reg[1][27]
  -------------------------------------------------------------------
                         required time                         -1.524    
                         arrival time                           1.708    
  -------------------------------------------------------------------
                         slack                                  0.184    





Pulse Width Checks
--------------------------------------------------------------------------------------
Clock Name:         sys_clk
Waveform(ns):       { 0.000 5.000 }
Period(ns):         10.000
Sources:            { clk }

Check Type        Corner  Lib Pin  Reference Pin  Required(ns)  Actual(ns)  Slack(ns)  Location       Pin
Min Period        n/a     BUFG/I   n/a            2.155         10.000      7.845      BUFGCTRL_X0Y0  clk_IBUF_BUFG_inst/I
Min Period        n/a     FDCE/C   n/a            1.000         10.000      9.000      SLICE_X2Y8     ALUControl_reg[0]/C
Min Period        n/a     FDCE/C   n/a            1.000         10.000      9.000      SLICE_X2Y8     ALUControl_reg[1]/C
Min Period        n/a     FDCE/C   n/a            1.000         10.000      9.000      SLICE_X2Y8     ALUControl_reg[2]/C
Min Period        n/a     FDCE/C   n/a            1.000         10.000      9.000      SLICE_X2Y8     ALUControl_reg[3]/C
Min Period        n/a     FDPE/C   n/a            1.000         10.000      9.000      SLICE_X3Y11    FSM_onehot_state_reg[0]/C
Min Period        n/a     FDCE/C   n/a            1.000         10.000      9.000      SLICE_X3Y11    FSM_onehot_state_reg[1]/C
Min Period        n/a     FDCE/C   n/a            1.000         10.000      9.000      SLICE_X5Y11    FSM_onehot_state_reg[2]/C
Min Period        n/a     FDCE/C   n/a            1.000         10.000      9.000      SLICE_X1Y8     FSM_onehot_state_reg[3]/C
Min Period        n/a     FDCE/C   n/a            1.000         10.000      9.000      SLICE_X1Y8     FSM_onehot_state_reg[4]/C
Low Pulse Width   Slow    FDCE/C   n/a            0.500         5.000       4.500      SLICE_X8Y14    WriteData_reg[25]/C
Low Pulse Width   Slow    FDCE/C   n/a            0.500         5.000       4.500      SLICE_X9Y13    WriteData_reg[26]/C
Low Pulse Width   Slow    FDCE/C   n/a            0.500         5.000       4.500      SLICE_X9Y13    WriteData_reg[27]/C
Low Pulse Width   Slow    FDCE/C   n/a            0.500         5.000       4.500      SLICE_X8Y13    WriteData_reg[31]/C
Low Pulse Width   Slow    FDCE/C   n/a            0.500         5.000       4.500      SLICE_X8Y12    RF/registers_reg[1][25]/C
Low Pulse Width   Slow    FDCE/C   n/a            0.500         5.000       4.500      SLICE_X8Y12    RF/registers_reg[1][26]/C
Low Pulse Width   Slow    FDCE/C   n/a            0.500         5.000       4.500      SLICE_X8Y12    RF/registers_reg[1][27]/C
Low Pulse Width   Slow    FDCE/C   n/a            0.500         5.000       4.500      SLICE_X8Y12    RF/registers_reg[1][31]/C
Low Pulse Width   Slow    FDCE/C   n/a            0.500         5.000       4.500      SLICE_X9Y12    RF/registers_reg[2][25]/C
Low Pulse Width   Slow    FDCE/C   n/a            0.500         5.000       4.500      SLICE_X9Y12    RF/registers_reg[2][26]/C
High Pulse Width  Slow    FDCE/C   n/a            0.500         5.000       4.500      SLICE_X3Y5     RF/registers_reg[1][0]/C
High Pulse Width  Slow    FDCE/C   n/a            0.500         5.000       4.500      SLICE_X5Y13    RF/registers_reg[2][29]/C
High Pulse Width  Slow    FDCE/C   n/a            0.500         5.000       4.500      SLICE_X5Y13    RF/registers_reg[2][30]/C
High Pulse Width  Slow    FDCE/C   n/a            0.500         5.000       4.500      SLICE_X7Y13    RF/registers_reg[2][31]/C
High Pulse Width  Slow    FDCE/C   n/a            0.500         5.000       4.500      SLICE_X8Y7     WriteData_reg[10]/C
High Pulse Width  Slow    FDCE/C   n/a            0.500         5.000       4.500      SLICE_X6Y13    WriteData_reg[29]/C
High Pulse Width  Slow    FDCE/C   n/a            0.500         5.000       4.500      SLICE_X2Y6     WriteData_reg[2]/C
High Pulse Width  Slow    FDCE/C   n/a            0.500         5.000       4.500      SLICE_X6Y13    WriteData_reg[30]/C
High Pulse Width  Slow    FDCE/C   n/a            0.500         5.000       4.500      SLICE_X8Y4     WriteData_reg[5]/C
High Pulse Width  Slow    FDCE/C   n/a            0.500         5.000       4.500      SLICE_X8Y5     WriteData_reg[6]/C



