
*** Running vivado
    with args -log TopModule.vds -m64 -product Vivado -mode batch -messageDb vivado.pb -notrace -source TopModule.tcl



****** Vivado v2020.1 (64-bit)
  **** SW Build 2902540 on Wed May 27 19:54:49 MDT 2020
  **** IP Build 2902112 on Wed May 27 22:43:36 MDT 2020
    ** Copyright 1986-2020 Xilinx, Inc. All Rights Reserved.

source TopModule.tcl -notrace
Command: synth_design -top TopModule -part xc7a35tcpg236-1
Starting synth_design
Attempting to get a license for feature 'Synthesis' and/or device 'xc7a35t'
INFO: [Common 17-349] Got license for feature 'Synthesis' and/or device 'xc7a35t'
INFO: [Device 21-403] Loading part xc7a35tcpg236-1
INFO: [Synth 8-7079] Multithreading enabled for synth_design using a maximum of 2 processes.
INFO: [Synth 8-7078] Launching helper process for spawning children vivado processes
INFO: [Synth 8-7075] Helper process launched with PID 8364
---------------------------------------------------------------------------------
Starting RTL Elaboration : Time (s): cpu = 00:00:02 ; elapsed = 00:00:02 . Memory (MB): peak = 1027.660 ; gain = 0.000
---------------------------------------------------------------------------------
INFO: [Synth 8-6157] synthesizing module 'TopModule' [C:/Users/ha10609/Downloads/CA-Labs-T1/TopProcessor/lab11.srcs/sources_1/new/top_module.v:23]
INFO: [Synth 8-6157] synthesizing module 'clockdivider' [C:/Users/ha10609/Downloads/CA-Labs-T1/TopProcessor/lab11.srcs/sources_1/new/clockdivider.v:23]
INFO: [Synth 8-6155] done synthesizing module 'clockdivider' (1#1) [C:/Users/ha10609/Downloads/CA-Labs-T1/TopProcessor/lab11.srcs/sources_1/new/clockdivider.v:23]
INFO: [Synth 8-6157] synthesizing module 'topProcessor' [C:/Users/ha10609/Downloads/CA-Labs-T1/TopProcessor/lab11.srcs/sources_1/new/TopProcessor.v:23]
INFO: [Synth 8-6157] synthesizing module 'ALU' [C:/Users/ha10609/Downloads/CA-Labs-T1/TopProcessor/lab11.srcs/sources_1/new/ALU.v:23]
INFO: [Synth 8-6155] done synthesizing module 'ALU' (2#1) [C:/Users/ha10609/Downloads/CA-Labs-T1/TopProcessor/lab11.srcs/sources_1/new/ALU.v:23]
INFO: [Synth 8-6157] synthesizing module 'Register' [C:/Users/ha10609/Downloads/CA-Labs-T1/TopProcessor/lab11.srcs/sources_1/new/Register.v:23]
INFO: [Synth 8-6155] done synthesizing module 'Register' (3#1) [C:/Users/ha10609/Downloads/CA-Labs-T1/TopProcessor/lab11.srcs/sources_1/new/Register.v:23]
INFO: [Synth 8-6157] synthesizing module 'DataMemory' [C:/Users/ha10609/Downloads/CA-Labs-T1/TopProcessor/lab11.srcs/sources_1/new/DataMemory.v:121]
INFO: [Synth 8-155] case statement is not full and has no default [C:/Users/ha10609/Downloads/CA-Labs-T1/TopProcessor/lab11.srcs/sources_1/new/DataMemory.v:150]
INFO: [Synth 8-6155] done synthesizing module 'DataMemory' (4#1) [C:/Users/ha10609/Downloads/CA-Labs-T1/TopProcessor/lab11.srcs/sources_1/new/DataMemory.v:121]
INFO: [Synth 8-6157] synthesizing module 'MainControl' [C:/Users/ha10609/Downloads/CA-Labs-T1/TopProcessor/lab11.srcs/sources_1/new/MainControl.v:23]
INFO: [Synth 8-6155] done synthesizing module 'MainControl' (5#1) [C:/Users/ha10609/Downloads/CA-Labs-T1/TopProcessor/lab11.srcs/sources_1/new/MainControl.v:23]
INFO: [Synth 8-6157] synthesizing module 'ALUControl' [C:/Users/ha10609/Downloads/CA-Labs-T1/TopProcessor/lab11.srcs/sources_1/new/ALUControl.v:23]
INFO: [Synth 8-226] default block is never used [C:/Users/ha10609/Downloads/CA-Labs-T1/TopProcessor/lab11.srcs/sources_1/new/ALUControl.v:33]
INFO: [Synth 8-6155] done synthesizing module 'ALUControl' (6#1) [C:/Users/ha10609/Downloads/CA-Labs-T1/TopProcessor/lab11.srcs/sources_1/new/ALUControl.v:23]
INFO: [Synth 8-6157] synthesizing module 'instructionMemory' [C:/Users/ha10609/Downloads/CA-Labs-T1/TopProcessor/lab11.srcs/sources_1/new/InstructionMemory.v:23]
	Parameter OPERAND_LENGTH bound to: 31 - type: integer 
CRITICAL WARNING: [Synth 8-4445] could not open $readmem data file 'instructions_task1.mem'; please make sure the file is added to project and has read permission, ignoring [C:/Users/ha10609/Downloads/CA-Labs-T1/TopProcessor/lab11.srcs/sources_1/new/InstructionMemory.v:33]

Warning: Trying to implement RAM in registers. Block RAM or DRAM implementation is not possible for one or more of the following reasons :
	1: Unable to determine number of words or word size in RAM. 
	2: No valid read/write found for RAM. 
RAM dissolved into registers
INFO: [Synth 8-6155] done synthesizing module 'instructionMemory' (7#1) [C:/Users/ha10609/Downloads/CA-Labs-T1/TopProcessor/lab11.srcs/sources_1/new/InstructionMemory.v:23]
INFO: [Synth 8-6157] synthesizing module 'branch_MUX' [C:/Users/ha10609/Downloads/CA-Labs-T1/TopProcessor/lab11.srcs/sources_1/new/2_MUX.v:23]
INFO: [Synth 8-6155] done synthesizing module 'branch_MUX' (8#1) [C:/Users/ha10609/Downloads/CA-Labs-T1/TopProcessor/lab11.srcs/sources_1/new/2_MUX.v:23]
INFO: [Synth 8-6157] synthesizing module 'PC' [C:/Users/ha10609/Downloads/CA-Labs-T1/TopProcessor/lab11.srcs/sources_1/new/PC.v:23]
INFO: [Synth 8-6155] done synthesizing module 'PC' (9#1) [C:/Users/ha10609/Downloads/CA-Labs-T1/TopProcessor/lab11.srcs/sources_1/new/PC.v:23]
INFO: [Synth 8-6157] synthesizing module 'PCAdder' [C:/Users/ha10609/Downloads/CA-Labs-T1/TopProcessor/lab11.srcs/sources_1/new/PCAdder.v:23]
INFO: [Synth 8-6155] done synthesizing module 'PCAdder' (10#1) [C:/Users/ha10609/Downloads/CA-Labs-T1/TopProcessor/lab11.srcs/sources_1/new/PCAdder.v:23]
INFO: [Synth 8-6157] synthesizing module 'BranchAdd' [C:/Users/ha10609/Downloads/CA-Labs-T1/TopProcessor/lab11.srcs/sources_1/new/BranchAdd.v:23]
INFO: [Synth 8-6155] done synthesizing module 'BranchAdd' (11#1) [C:/Users/ha10609/Downloads/CA-Labs-T1/TopProcessor/lab11.srcs/sources_1/new/BranchAdd.v:23]
INFO: [Synth 8-6157] synthesizing module 'immGen' [C:/Users/ha10609/Downloads/CA-Labs-T1/TopProcessor/lab11.srcs/sources_1/new/immGen.v:23]
INFO: [Synth 8-6155] done synthesizing module 'immGen' (12#1) [C:/Users/ha10609/Downloads/CA-Labs-T1/TopProcessor/lab11.srcs/sources_1/new/immGen.v:23]
INFO: [Synth 8-6157] synthesizing module 'SevenSegment' [C:/Users/ha10609/Downloads/CA-Labs-T1/TopProcessor/lab11.srcs/sources_1/new/sevensegment.v:22]
INFO: [Synth 8-226] default block is never used [C:/Users/ha10609/Downloads/CA-Labs-T1/TopProcessor/lab11.srcs/sources_1/new/sevensegment.v:43]
INFO: [Synth 8-226] default block is never used [C:/Users/ha10609/Downloads/CA-Labs-T1/TopProcessor/lab11.srcs/sources_1/new/sevensegment.v:70]
INFO: [Synth 8-6155] done synthesizing module 'SevenSegment' (13#1) [C:/Users/ha10609/Downloads/CA-Labs-T1/TopProcessor/lab11.srcs/sources_1/new/sevensegment.v:22]
INFO: [Synth 8-6155] done synthesizing module 'topProcessor' (14#1) [C:/Users/ha10609/Downloads/CA-Labs-T1/TopProcessor/lab11.srcs/sources_1/new/TopProcessor.v:23]
INFO: [Synth 8-6155] done synthesizing module 'TopModule' (15#1) [C:/Users/ha10609/Downloads/CA-Labs-T1/TopProcessor/lab11.srcs/sources_1/new/top_module.v:23]
---------------------------------------------------------------------------------
Finished RTL Elaboration : Time (s): cpu = 00:00:43 ; elapsed = 00:00:44 . Memory (MB): peak = 4481.992 ; gain = 3454.332
---------------------------------------------------------------------------------
---------------------------------------------------------------------------------
Start Handling Custom Attributes
---------------------------------------------------------------------------------
---------------------------------------------------------------------------------
Finished Handling Custom Attributes : Time (s): cpu = 00:00:45 ; elapsed = 00:00:47 . Memory (MB): peak = 4481.992 ; gain = 3454.332
---------------------------------------------------------------------------------
---------------------------------------------------------------------------------
Finished RTL Optimization Phase 1 : Time (s): cpu = 00:00:45 ; elapsed = 00:00:47 . Memory (MB): peak = 4481.992 ; gain = 3454.332
---------------------------------------------------------------------------------
Netlist sorting complete. Time (s): cpu = 00:00:01 ; elapsed = 00:00:00.785 . Memory (MB): peak = 4481.992 ; gain = 0.000
INFO: [Project 1-570] Preparing netlist for logic optimization

Processing XDC Constraints
Initializing timing engine
Parsing XDC File [C:/Users/ha10609/Downloads/CA-Labs-T1/TopProcessor/lab11.srcs/constrs_1/new/const.xdc]
Finished Parsing XDC File [C:/Users/ha10609/Downloads/CA-Labs-T1/TopProcessor/lab11.srcs/constrs_1/new/const.xdc]
INFO: [Project 1-236] Implementation specific constraints were found while reading constraint file [C:/Users/ha10609/Downloads/CA-Labs-T1/TopProcessor/lab11.srcs/constrs_1/new/const.xdc]. These constraints will be ignored for synthesis but will be used in implementation. Impacted constraints are listed in the file [.Xil/TopModule_propImpl.xdc].
Resolution: To avoid this warning, move constraints listed in [.Xil/TopModule_propImpl.xdc] to another XDC file and exclude this new file from synthesis with the used_in_synthesis property (File Properties dialog in GUI) and re-run elaboration/synthesis.
Completed Processing XDC Constraints

Netlist sorting complete. Time (s): cpu = 00:00:00 ; elapsed = 00:00:00.005 . Memory (MB): peak = 4481.992 ; gain = 0.000
INFO: [Project 1-111] Unisim Transformation Summary:
No Unisim elements were transformed.

Constraint Validation Runtime : Time (s): cpu = 00:00:00 ; elapsed = 00:00:00.127 . Memory (MB): peak = 4481.992 ; gain = 0.000
---------------------------------------------------------------------------------
Finished Constraint Validation : Time (s): cpu = 00:00:56 ; elapsed = 00:00:58 . Memory (MB): peak = 4481.992 ; gain = 3454.332
---------------------------------------------------------------------------------
---------------------------------------------------------------------------------
Start Loading Part and Timing Information
---------------------------------------------------------------------------------
Loading part: xc7a35tcpg236-1
---------------------------------------------------------------------------------
Finished Loading Part and Timing Information : Time (s): cpu = 00:00:56 ; elapsed = 00:00:58 . Memory (MB): peak = 4481.992 ; gain = 3454.332
---------------------------------------------------------------------------------
