#-----------------------------------------------------------
# Vivado v2020.1 (64-bit)
# SW Build 2902540 on Wed May 27 19:54:49 MDT 2020
# IP Build 2902112 on Wed May 27 22:43:36 MDT 2020
# Start of session at: Thu Apr  9 10:27:42 2026
# Process ID: 27276
# Current directory: C:/Users/ha10609/Downloads/CA-Labs-T1/LAB09/lab09/lab09
# Command line: vivado.exe -gui_launcher_event rodinguilauncherevent4692 C:\Users\ha10609\Downloads\CA-Labs-T1\LAB09\lab09\lab09\lab09.xpr
# Log file: C:/Users/ha10609/Downloads/CA-Labs-T1/LAB09/lab09/lab09/vivado.log
# Journal file: C:/Users/ha10609/Downloads/CA-Labs-T1/LAB09/lab09/lab09\vivado.jou
#-----------------------------------------------------------
start_gui
open_project C:/Users/ha10609/Downloads/CA-Labs-T1/LAB09/lab09/lab09/lab09.xpr
INFO: [Project 1-313] Project file moved from 'C:/Users/ha10609/lab09' since last save.
Scanning sources...
Finished scanning sources
INFO: [IP_Flow 19-234] Refreshing IP repositories
INFO: [IP_Flow 19-1704] No user IP repositories specified
INFO: [IP_Flow 19-2313] Loaded Vivado IP repository 'C:/Xilinx/Vivado/2020.1/data/ip'.
update_compile_order -fileset sources_1
close [ open C:/Users/ha10609/Downloads/CA-Labs-T1/LAB09/lab09/lab09/lab09.srcs/sources_1/new/switches.v w ]
add_files C:/Users/ha10609/Downloads/CA-Labs-T1/LAB09/lab09/lab09/lab09.srcs/sources_1/new/switches.v
update_compile_order -fileset sources_1
close [ open C:/Users/ha10609/Downloads/CA-Labs-T1/LAB09/lab09/lab09/lab09.srcs/sources_1/new/leds.v w ]
add_files C:/Users/ha10609/Downloads/CA-Labs-T1/LAB09/lab09/lab09/lab09.srcs/sources_1/new/leds.v
update_compile_order -fileset sources_1
update_compile_order -fileset sources_1
