#-----------------------------------------------------------
# Vivado v2020.1 (64-bit)
# SW Build 2902540 on Wed May 27 19:54:49 MDT 2020
# IP Build 2902112 on Wed May 27 22:43:36 MDT 2020
# Start of session at: Tue Apr 28 17:41:33 2026
# Process ID: 5504
# Current directory: C:/Users/tau/Documents/CA-Labs-T1/TopProcessor
# Command line: vivado.exe -gui_launcher_event rodinguilauncherevent8468 C:\Users\tau\Documents\CA-Labs-T1\TopProcessor\lab11.xpr
# Log file: C:/Users/tau/Documents/CA-Labs-T1/TopProcessor/vivado.log
# Journal file: C:/Users/tau/Documents/CA-Labs-T1/TopProcessor\vivado.jou
#-----------------------------------------------------------
start_gui
open_project C:/Users/tau/Documents/CA-Labs-T1/TopProcessor/lab11.xpr
CRITICAL WARNING: [Project 1-19] Could not find the file 'C:/Users/tau/Documents/CA-Labs-T1/TopProcessor/instructions.mem'.
Scanning sources...
Finished scanning sources
INFO: [IP_Flow 19-234] Refreshing IP repositories
INFO: [IP_Flow 19-1704] No user IP repositories specified
INFO: [IP_Flow 19-2313] Loaded Vivado IP repository 'C:/Xilinx/Vivado/2020.1/data/ip'.
update_compile_order -fileset sources_1
export_ip_user_files -of_objects  [get_files C:/Users/tau/Documents/CA-Labs-T1/TopProcessor/instructions.mem] -no_script -reset -force -quiet
remove_files  -fileset sim_1 C:/Users/tau/Documents/CA-Labs-T1/TopProcessor/instructions.mem
exit
INFO: [Common 17-206] Exiting Vivado at Tue Apr 28 17:42:43 2026...
