#-----------------------------------------------------------
# Vivado v2020.1 (64-bit)
# SW Build 2902540 on Wed May 27 19:54:49 MDT 2020
# IP Build 2902112 on Wed May 27 22:43:36 MDT 2020
# Start of session at: Thu Apr 30 10:12:18 2026
# Process ID: 13292
# Current directory: C:/Users/tau/Documents/CA-Labs-T1/TopProcessor
# Command line: vivado.exe -gui_launcher_event rodinguilauncherevent13876 C:\Users\tau\Documents\CA-Labs-T1\TopProcessor\lab11.xpr
# Log file: C:/Users/tau/Documents/CA-Labs-T1/TopProcessor/vivado.log
# Journal file: C:/Users/tau/Documents/CA-Labs-T1/TopProcessor\vivado.jou
#-----------------------------------------------------------
start_gui
open_project C:/Users/tau/Documents/CA-Labs-T1/TopProcessor/lab11.xpr
INFO: [Project 1-313] Project file moved from 'C:/Users/ha10609/Downloads/CA-Labs-T1/TopProcessor' since last save.
Scanning sources...
Finished scanning sources
INFO: [IP_Flow 19-234] Refreshing IP repositories
INFO: [IP_Flow 19-1704] No user IP repositories specified
INFO: [IP_Flow 19-2313] Loaded Vivado IP repository 'C:/Xilinx/Vivado/2020.1/data/ip'.
open_project: Time (s): cpu = 00:00:12 ; elapsed = 00:00:07 . Memory (MB): peak = 1015.391 ; gain = 0.000
update_compile_order -fileset sources_1
set_property top tb_task3 [get_filesets sim_1]
set_property top_lib xil_defaultlib [get_filesets sim_1]
update_compile_order -fileset sim_1
launch_simulation
Command: launch_simulation 
INFO: [Vivado 12-5682] Launching behavioral simulation in 'C:/Users/tau/Documents/CA-Labs-T1/TopProcessor/lab11.sim/sim_1/behav/xsim'
INFO: [SIM-utils-51] Simulation object is 'sim_1'
INFO: [SIM-utils-54] Inspecting design source files for 'tb_task3' in fileset 'sim_1'...
INFO: [SIM-utils-43] Exported 'C:/Users/tau/Documents/CA-Labs-T1/TopProcessor/lab11.sim/sim_1/behav/xsim/instructions_task1.mem'
INFO: [SIM-utils-43] Exported 'C:/Users/tau/Documents/CA-Labs-T1/TopProcessor/lab11.sim/sim_1/behav/xsim/instructions_task2.mem'
INFO: [SIM-utils-43] Exported 'C:/Users/tau/Documents/CA-Labs-T1/TopProcessor/lab11.sim/sim_1/behav/xsim/instructions_task3.mem'
INFO: [USF-XSim-97] Finding global include files...
INFO: [USF-XSim-98] Fetching design files from 'sim_1'...
INFO: [USF-XSim-2] XSim::Compile design
INFO: [USF-XSim-61] Executing 'COMPILE and ANALYZE' step in 'C:/Users/tau/Documents/CA-Labs-T1/TopProcessor/lab11.sim/sim_1/behav/xsim'
"xvlog --incr --relax -prj tb_task3_vlog.prj"
INFO: [VRFC 10-2263] Analyzing Verilog file "C:/Users/tau/Documents/CA-Labs-T1/TopProcessor/lab11.srcs/sources_1/new/2_MUX.v" into library xil_defaultlib
INFO: [VRFC 10-311] analyzing module branch_MUX
INFO: [VRFC 10-2263] Analyzing Verilog file "C:/Users/tau/Documents/CA-Labs-T1/TopProcessor/lab11.srcs/sources_1/new/ALU.v" into library xil_defaultlib
INFO: [VRFC 10-311] analyzing module ALU
INFO: [VRFC 10-2263] Analyzing Verilog file "C:/Users/tau/Documents/CA-Labs-T1/TopProcessor/lab11.srcs/sources_1/new/ALUControl.v" into library xil_defaultlib
INFO: [VRFC 10-311] analyzing module ALUControl
INFO: [VRFC 10-2263] Analyzing Verilog file "C:/Users/tau/Documents/CA-Labs-T1/TopProcessor/lab11.srcs/sources_1/new/BranchAdd.v" into library xil_defaultlib
INFO: [VRFC 10-311] analyzing module BranchAdd
INFO: [VRFC 10-2263] Analyzing Verilog file "C:/Users/tau/Documents/CA-Labs-T1/TopProcessor/lab11.srcs/sources_1/new/DataMemory.v" into library xil_defaultlib
INFO: [VRFC 10-311] analyzing module DataMemory
INFO: [VRFC 10-2263] Analyzing Verilog file "C:/Users/tau/Documents/CA-Labs-T1/TopProcessor/lab11.srcs/sources_1/new/InstructionMemory.v" into library xil_defaultlib
INFO: [VRFC 10-311] analyzing module instructionMemory
INFO: [VRFC 10-2263] Analyzing Verilog file "C:/Users/tau/Documents/CA-Labs-T1/TopProcessor/lab11.srcs/sources_1/new/MainControl.v" into library xil_defaultlib
INFO: [VRFC 10-311] analyzing module MainControl
INFO: [VRFC 10-2263] Analyzing Verilog file "C:/Users/tau/Documents/CA-Labs-T1/TopProcessor/lab11.srcs/sources_1/new/PC.v" into library xil_defaultlib
INFO: [VRFC 10-311] analyzing module PC
INFO: [VRFC 10-2263] Analyzing Verilog file "C:/Users/tau/Documents/CA-Labs-T1/TopProcessor/lab11.srcs/sources_1/new/PCAdder.v" into library xil_defaultlib
INFO: [VRFC 10-311] analyzing module PCAdder
INFO: [VRFC 10-2263] Analyzing Verilog file "C:/Users/tau/Documents/CA-Labs-T1/TopProcessor/lab11.srcs/sources_1/new/Register.v" into library xil_defaultlib
INFO: [VRFC 10-311] analyzing module Register
INFO: [VRFC 10-2263] Analyzing Verilog file "C:/Users/tau/Documents/CA-Labs-T1/TopProcessor/lab11.srcs/sources_1/new/TopProcessor.v" into library xil_defaultlib
INFO: [VRFC 10-311] analyzing module topProcessor
INFO: [VRFC 10-2263] Analyzing Verilog file "C:/Users/tau/Documents/CA-Labs-T1/TopProcessor/lab11.srcs/sources_1/new/immGen.v" into library xil_defaultlib
INFO: [VRFC 10-311] analyzing module immGen
INFO: [VRFC 10-2263] Analyzing Verilog file "C:/Users/tau/Documents/CA-Labs-T1/TopProcessor/lab11.srcs/sources_1/new/sevensegment.v" into library xil_defaultlib
INFO: [VRFC 10-311] analyzing module SevenSegment
INFO: [VRFC 10-2263] Analyzing Verilog file "C:/Users/tau/Documents/CA-Labs-T1/TopProcessor/lab11.srcs/sim_1/new/tb_task3.v" into library xil_defaultlib
INFO: [VRFC 10-311] analyzing module tb_task3
INFO: [VRFC 10-2263] Analyzing Verilog file "C:/Users/tau/Documents/CA-Labs-T1/TopProcessor/lab11.sim/sim_1/behav/xsim/glbl.v" into library xil_defaultlib
INFO: [VRFC 10-311] analyzing module glbl
INFO: [USF-XSim-69] 'compile' step finished in '2' seconds
INFO: [USF-XSim-3] XSim::Elaborate design
INFO: [USF-XSim-61] Executing 'ELABORATE' step in 'C:/Users/tau/Documents/CA-Labs-T1/TopProcessor/lab11.sim/sim_1/behav/xsim'
"xelab -wto f8d01134f7dc4a89acf0d8e4e2a22205 --incr --debug typical --relax --mt 2 -L xil_defaultlib -L unisims_ver -L unimacro_ver -L secureip --snapshot tb_task3_behav xil_defaultlib.tb_task3 xil_defaultlib.glbl -log elaborate.log"
Vivado Simulator 2020.1
Copyright 1986-1999, 2001-2020 Xilinx, Inc. All Rights Reserved.
Running: C:/Xilinx/Vivado/2020.1/bin/unwrapped/win64.o/xelab.exe -wto f8d01134f7dc4a89acf0d8e4e2a22205 --incr --debug typical --relax --mt 2 -L xil_defaultlib -L unisims_ver -L unimacro_ver -L secureip --snapshot tb_task3_behav xil_defaultlib.tb_task3 xil_defaultlib.glbl -log elaborate.log 
Using 2 slave threads.
Starting static elaboration
Pass Through NonSizing Optimizer
WARNING: [VRFC 10-5021] port 'fast_clk' is not connected on this instance [C:/Users/tau/Documents/CA-Labs-T1/TopProcessor/lab11.srcs/sim_1/new/tb_task3.v:32]
Completed static elaboration
Starting simulation data flow analysis
Completed simulation data flow analysis
Time Resolution for simulation is 1ps
Compiling module xil_defaultlib.ALU
Compiling module xil_defaultlib.Register
Compiling module xil_defaultlib.DataMemory
Compiling module xil_defaultlib.MainControl
Compiling module xil_defaultlib.ALUControl
Compiling module xil_defaultlib.instructionMemory
Compiling module xil_defaultlib.branch_MUX
Compiling module xil_defaultlib.PC
Compiling module xil_defaultlib.PCAdder
Compiling module xil_defaultlib.BranchAdd
Compiling module xil_defaultlib.immGen
Compiling module xil_defaultlib.SevenSegment
Compiling module xil_defaultlib.topProcessor
Compiling module xil_defaultlib.tb_task3
Compiling module xil_defaultlib.glbl
Built simulation snapshot tb_task3_behav

****** Webtalk v2020.1 (64-bit)
  **** SW Build 2902540 on Wed May 27 19:54:49 MDT 2020
  **** IP Build 2902112 on Wed May 27 22:43:36 MDT 2020
    ** Copyright 1986-2020 Xilinx, Inc. All Rights Reserved.

source C:/Users/tau/Documents/CA-Labs-T1/TopProcessor/lab11.sim/sim_1/behav/xsim/xsim.dir/tb_task3_behav/webtalk/xsim_webtalk.tcl -notrace
INFO: [Common 17-206] Exiting Webtalk at Thu Apr 30 10:38:44 2026...
run_program: Time (s): cpu = 00:00:01 ; elapsed = 00:00:07 . Memory (MB): peak = 1015.391 ; gain = 0.000
INFO: [USF-XSim-69] 'elaborate' step finished in '7' seconds
INFO: [USF-XSim-4] XSim::Simulate design
INFO: [USF-XSim-61] Executing 'SIMULATE' step in 'C:/Users/tau/Documents/CA-Labs-T1/TopProcessor/lab11.sim/sim_1/behav/xsim'
INFO: [USF-XSim-98] *** Running xsim
   with args "tb_task3_behav -key {Behavioral:sim_1:Functional:tb_task3} -tclbatch {tb_task3.tcl} -log {simulate.log}"
INFO: [USF-XSim-8] Loading simulator feature
Vivado Simulator 2020.1
Time resolution is 1 ps
source tb_task3.tcl
# set curr_wave [current_wave_config]
# if { [string length $curr_wave] == 0 } {
#   if { [llength [get_objects]] > 0} {
#     add_wave /
#     set_property needs_save false [current_wave_config]
#   } else {
#      send_msg_id Add_Wave-1 WARNING "No top level signals found. Simulator will start without a wave window. If you want to open a wave window go to 'File->New Waveform Configuration' or type 'create_wave_config' in the TCL console."
#   }
# }
# run 1000ns
0	| 000050b7	| 00000000	| 0		| 0		| 0101000000000000	| 0
=== TASK 3 - SHIFT LEFT PROGRAM ===
PC	| inst		| x1(limit)	| x2(value)	| x5(ret)	| LEDs			| mem[8]
------------------------------------------------------------------------
4	| 00100113	| 00005000	| 0		| 0		| 0000000000000001	| 0
8	| 00111113	| 00005000	| 1		| 0		| 0000000000000010	| 0
12	| 010002ef	| 00005000	| 2		| 0		| 0000000000000000	| 0
28	| 00202423	| 00005000	| 2		| 16		| 0000000000001000	| 0
32	| fe9ff2ef	| 00005000	| 2		| 16		| 0000000000000000	| 2
8	| 00111113	| 00005000	| 2		| 36		| 0000000000000100	| 2
12	| 010002ef	| 00005000	| 4		| 36		| 0000000000000000	| 2
28	| 00202423	| 00005000	| 4		| 16		| 0000000000001000	| 2
32	| fe9ff2ef	| 00005000	| 4		| 16		| 0000000000000000	| 4
8	| 00111113	| 00005000	| 4		| 36		| 0000000000001000	| 4
12	| 010002ef	| 00005000	| 8		| 36		| 0000000000000000	| 4
28	| 00202423	| 00005000	| 8		| 16		| 0000000000001000	| 4
32	| fe9ff2ef	| 00005000	| 8		| 16		| 0000000000000000	| 8
8	| 00111113	| 00005000	| 8		| 36		| 0000000000010000	| 8
12	| 010002ef	| 00005000	| 16		| 36		| 0000000000000000	| 8
28	| 00202423	| 00005000	| 16		| 16		| 0000000000001000	| 8
32	| fe9ff2ef	| 00005000	| 16		| 16		| 0000000000000000	| 16
8	| 00111113	| 00005000	| 16		| 36		| 0000000000100000	| 16
12	| 010002ef	| 00005000	| 32		| 36		| 0000000000000000	| 16
28	| 00202423	| 00005000	| 32		| 16		| 0000000000001000	| 16
32	| fe9ff2ef	| 00005000	| 32		| 16		| 0000000000000000	| 32
8	| 00111113	| 00005000	| 32		| 36		| 0000000001000000	| 32
12	| 010002ef	| 00005000	| 64		| 36		| 0000000000000000	| 32
28	| 00202423	| 00005000	| 64		| 16		| 0000000000001000	| 32
32	| fe9ff2ef	| 00005000	| 64		| 16		| 0000000000000000	| 64
8	| 00111113	| 00005000	| 64		| 36		| 0000000010000000	| 64
12	| 010002ef	| 00005000	| 128		| 36		| 0000000000000000	| 64
28	| 00202423	| 00005000	| 128		| 16		| 0000000000001000	| 64
32	| fe9ff2ef	| 00005000	| 128		| 16		| 0000000000000000	| 128
8	| 00111113	| 00005000	| 128		| 36		| 0000000100000000	| 128
12	| 010002ef	| 00005000	| 256		| 36		| 0000000000000000	| 128
28	| 00202423	| 00005000	| 256		| 16		| 0000000000001000	| 128
32	| fe9ff2ef	| 00005000	| 256		| 16		| 0000000000000000	| 0
8	| 00111113	| 00005000	| 256		| 36		| 0000001000000000	| 0
12	| 010002ef	| 00005000	| 512		| 36		| 0000000000000000	| 0
28	| 00202423	| 00005000	| 512		| 16		| 0000000000001000	| 0
32	| fe9ff2ef	| 00005000	| 512		| 16		| 0000000000000000	| 0
8	| 00111113	| 00005000	| 512		| 36		| 0000010000000000	| 0
12	| 010002ef	| 00005000	| 1024		| 36		| 0000000000000000	| 0
28	| 00202423	| 00005000	| 1024		| 16		| 0000000000001000	| 0
32	| fe9ff2ef	| 00005000	| 1024		| 16		| 0000000000000000	| 0
8	| 00111113	| 00005000	| 1024		| 36		| 0000100000000000	| 0
12	| 010002ef	| 00005000	| 2048		| 36		| 0000000000000000	| 0
28	| 00202423	| 00005000	| 2048		| 16		| 0000000000001000	| 0
32	| fe9ff2ef	| 00005000	| 2048		| 16		| 0000000000000000	| 0
8	| 00111113	| 00005000	| 2048		| 36		| 0001000000000000	| 0
12	| 010002ef	| 00005000	| 4096		| 36		| 0000000000000000	| 0
28	| 00202423	| 00005000	| 4096		| 16		| 0000000000001000	| 0
32	| fe9ff2ef	| 00005000	| 4096		| 16		| 0000000000000000	| 0
8	| 00111113	| 00005000	| 4096		| 36		| 0010000000000000	| 0
12	| 010002ef	| 00005000	| 8192		| 36		| 0000000000000000	| 0
28	| 00202423	| 00005000	| 8192		| 16		| 0000000000001000	| 0
32	| fe9ff2ef	| 00005000	| 8192		| 16		| 0000000000000000	| 0
8	| 00111113	| 00005000	| 8192		| 36		| 0100000000000000	| 0
12	| 010002ef	| 00005000	| 16384		| 36		| 0000000000000000	| 0
28	| 00202423	| 00005000	| 16384		| 16		| 0000000000001000	| 0
32	| fe9ff2ef	| 00005000	| 16384		| 16		| 0000000000000000	| 0
8	| 00111113	| 00005000	| 16384		| 36		| 1000000000000000	| 0
12	| 010002ef	| 00005000	| 32768		| 36		| 0000000000000000	| 0
28	| 00202423	| 00005000	| 32768		| 16		| 0000000000001000	| 0
32	| fe9ff2ef	| 00005000	| 32768		| 16		| 0000000000000000	| 0
8	| 00111113	| 00005000	| 32768		| 36		| 0000000000000000	| 0
12	| 010002ef	| 00005000	| 65536		| 36		| 0000000000000000	| 0
28	| 00202423	| 00005000	| 65536		| 16		| 0000000000001000	| 0
32	| fe9ff2ef	| 00005000	| 65536		| 16		| 0000000000000000	| 0
8	| 00111113	| 00005000	| 65536		| 36		| 0000000000000000	| 0
12	| 010002ef	| 00005000	| 131072		| 36		| 0000000000000000	| 0
28	| 00202423	| 00005000	| 131072		| 16		| 0000000000001000	| 0
32	| fe9ff2ef	| 00005000	| 131072		| 16		| 0000000000000000	| 0
8	| 00111113	| 00005000	| 131072		| 36		| 0000000000000000	| 0
12	| 010002ef	| 00005000	| 262144		| 36		| 0000000000000000	| 0
28	| 00202423	| 00005000	| 262144		| 16		| 0000000000001000	| 0
32	| fe9ff2ef	| 00005000	| 262144		| 16		| 0000000000000000	| 0
8	| 00111113	| 00005000	| 262144		| 36		| 0000000000000000	| 0
12	| 010002ef	| 00005000	| 524288		| 36		| 0000000000000000	| 0
28	| 00202423	| 00005000	| 524288		| 16		| 0000000000001000	| 0
32	| fe9ff2ef	| 00005000	| 524288		| 16		| 0000000000000000	| 0
8	| 00111113	| 00005000	| 524288		| 36		| 0000000000000000	| 0
12	| 010002ef	| 00005000	| 1048576		| 36		| 0000000000000000	| 0
28	| 00202423	| 00005000	| 1048576		| 16		| 0000000000001000	| 0
32	| fe9ff2ef	| 00005000	| 1048576		| 16		| 0000000000000000	| 0
8	| 00111113	| 00005000	| 1048576		| 36		| 0000000000000000	| 0
12	| 010002ef	| 00005000	| 2097152		| 36		| 0000000000000000	| 0
28	| 00202423	| 00005000	| 2097152		| 16		| 0000000000001000	| 0
32	| fe9ff2ef	| 00005000	| 2097152		| 16		| 0000000000000000	| 0
8	| 00111113	| 00005000	| 2097152		| 36		| 0000000000000000	| 0
12	| 010002ef	| 00005000	| 4194304		| 36		| 0000000000000000	| 0
28	| 00202423	| 00005000	| 4194304		| 16		| 0000000000001000	| 0
32	| fe9ff2ef	| 00005000	| 4194304		| 16		| 0000000000000000	| 0
8	| 00111113	| 00005000	| 4194304		| 36		| 0000000000000000	| 0
12	| 010002ef	| 00005000	| 8388608		| 36		| 0000000000000000	| 0
28	| 00202423	| 00005000	| 8388608		| 16		| 0000000000001000	| 0
32	| fe9ff2ef	| 00005000	| 8388608		| 16		| 0000000000000000	| 0
8	| 00111113	| 00005000	| 8388608		| 36		| 0000000000000000	| 0
12	| 010002ef	| 00005000	| 16777216		| 36		| 0000000000000000	| 0
28	| 00202423	| 00005000	| 16777216		| 16		| 0000000000001000	| 0
32	| fe9ff2ef	| 00005000	| 16777216		| 16		| 0000000000000000	| 0
8	| 00111113	| 00005000	| 16777216		| 36		| 0000000000000000	| 0
INFO: [USF-XSim-96] XSim completed. Design snapshot 'tb_task3_behav' loaded.
INFO: [USF-XSim-97] XSim simulation ran for 1000ns
launch_simulation: Time (s): cpu = 00:00:05 ; elapsed = 00:00:14 . Memory (MB): peak = 1015.391 ; gain = 0.000
close_sim
INFO: [Simtcl 6-16] Simulation closed
launch_simulation
Command: launch_simulation 
INFO: [Vivado 12-5682] Launching behavioral simulation in 'C:/Users/tau/Documents/CA-Labs-T1/TopProcessor/lab11.sim/sim_1/behav/xsim'
INFO: [SIM-utils-51] Simulation object is 'sim_1'
INFO: [SIM-utils-54] Inspecting design source files for 'tb_task3' in fileset 'sim_1'...
INFO: [SIM-utils-43] Exported 'C:/Users/tau/Documents/CA-Labs-T1/TopProcessor/lab11.sim/sim_1/behav/xsim/instructions_task1.mem'
INFO: [SIM-utils-43] Exported 'C:/Users/tau/Documents/CA-Labs-T1/TopProcessor/lab11.sim/sim_1/behav/xsim/instructions_task2.mem'
INFO: [SIM-utils-43] Exported 'C:/Users/tau/Documents/CA-Labs-T1/TopProcessor/lab11.sim/sim_1/behav/xsim/instructions_task3.mem'
INFO: [USF-XSim-97] Finding global include files...
INFO: [USF-XSim-98] Fetching design files from 'sim_1'...
INFO: [USF-XSim-2] XSim::Compile design
INFO: [USF-XSim-61] Executing 'COMPILE and ANALYZE' step in 'C:/Users/tau/Documents/CA-Labs-T1/TopProcessor/lab11.sim/sim_1/behav/xsim'
"xvlog --incr --relax -prj tb_task3_vlog.prj"
INFO: [USF-XSim-69] 'compile' step finished in '2' seconds
INFO: [USF-XSim-3] XSim::Elaborate design
INFO: [USF-XSim-61] Executing 'ELABORATE' step in 'C:/Users/tau/Documents/CA-Labs-T1/TopProcessor/lab11.sim/sim_1/behav/xsim'
"xelab -wto f8d01134f7dc4a89acf0d8e4e2a22205 --incr --debug typical --relax --mt 2 -L xil_defaultlib -L unisims_ver -L unimacro_ver -L secureip --snapshot tb_task3_behav xil_defaultlib.tb_task3 xil_defaultlib.glbl -log elaborate.log"
Vivado Simulator 2020.1
Copyright 1986-1999, 2001-2020 Xilinx, Inc. All Rights Reserved.
Running: C:/Xilinx/Vivado/2020.1/bin/unwrapped/win64.o/xelab.exe -wto f8d01134f7dc4a89acf0d8e4e2a22205 --incr --debug typical --relax --mt 2 -L xil_defaultlib -L unisims_ver -L unimacro_ver -L secureip --snapshot tb_task3_behav xil_defaultlib.tb_task3 xil_defaultlib.glbl -log elaborate.log 
Using 2 slave threads.
Starting static elaboration
Pass Through NonSizing Optimizer
WARNING: [VRFC 10-5021] port 'fast_clk' is not connected on this instance [C:/Users/tau/Documents/CA-Labs-T1/TopProcessor/lab11.srcs/sim_1/new/tb_task3.v:32]
Completed static elaboration
INFO: [XSIM 43-4323] No Change in HDL. Linking previously generated obj files to create kernel
INFO: [USF-XSim-69] 'elaborate' step finished in '1' seconds
INFO: [USF-XSim-4] XSim::Simulate design
INFO: [USF-XSim-61] Executing 'SIMULATE' step in 'C:/Users/tau/Documents/CA-Labs-T1/TopProcessor/lab11.sim/sim_1/behav/xsim'
INFO: [USF-XSim-98] *** Running xsim
   with args "tb_task3_behav -key {Behavioral:sim_1:Functional:tb_task3} -tclbatch {tb_task3.tcl} -log {simulate.log}"
INFO: [USF-XSim-8] Loading simulator feature
Vivado Simulator 2020.1
Time resolution is 1 ps
source tb_task3.tcl
# set curr_wave [current_wave_config]
# if { [string length $curr_wave] == 0 } {
#   if { [llength [get_objects]] > 0} {
#     add_wave /
#     set_property needs_save false [current_wave_config]
#   } else {
#      send_msg_id Add_Wave-1 WARNING "No top level signals found. Simulator will start without a wave window. If you want to open a wave window go to 'File->New Waveform Configuration' or type 'create_wave_config' in the TCL console."
#   }
# }
# run 1000ns
0	| 000050b7	| 00000000	| 0		| 0		| 0101000000000000	| 0
=== TASK 3 - SHIFT LEFT PROGRAM ===
PC	| inst		| x1(limit)	| x2(value)	| x5(ret)	| LEDs			| mem[8]
------------------------------------------------------------------------
4	| 00100113	| 00005000	| 0		| 0		| 0000000000000001	| 0
8	| 00111113	| 00005000	| 1		| 0		| 0000000000000010	| 0
12	| 010002ef	| 00005000	| 2		| 0		| 0000000000000000	| 0
28	| 00202423	| 00005000	| 2		| 16		| 0000000000001000	| 0
32	| fe9ff2ef	| 00005000	| 2		| 16		| 0000000000000000	| 2
8	| 00111113	| 00005000	| 2		| 36		| 0000000000000100	| 2
12	| 010002ef	| 00005000	| 4		| 36		| 0000000000000000	| 2
28	| 00202423	| 00005000	| 4		| 16		| 0000000000001000	| 2
32	| fe9ff2ef	| 00005000	| 4		| 16		| 0000000000000000	| 4
8	| 00111113	| 00005000	| 4		| 36		| 0000000000001000	| 4
12	| 010002ef	| 00005000	| 8		| 36		| 0000000000000000	| 4
28	| 00202423	| 00005000	| 8		| 16		| 0000000000001000	| 4
32	| fe9ff2ef	| 00005000	| 8		| 16		| 0000000000000000	| 8
8	| 00111113	| 00005000	| 8		| 36		| 0000000000010000	| 8
12	| 010002ef	| 00005000	| 16		| 36		| 0000000000000000	| 8
28	| 00202423	| 00005000	| 16		| 16		| 0000000000001000	| 8
32	| fe9ff2ef	| 00005000	| 16		| 16		| 0000000000000000	| 16
8	| 00111113	| 00005000	| 16		| 36		| 0000000000100000	| 16
12	| 010002ef	| 00005000	| 32		| 36		| 0000000000000000	| 16
28	| 00202423	| 00005000	| 32		| 16		| 0000000000001000	| 16
32	| fe9ff2ef	| 00005000	| 32		| 16		| 0000000000000000	| 32
8	| 00111113	| 00005000	| 32		| 36		| 0000000001000000	| 32
12	| 010002ef	| 00005000	| 64		| 36		| 0000000000000000	| 32
28	| 00202423	| 00005000	| 64		| 16		| 0000000000001000	| 32
32	| fe9ff2ef	| 00005000	| 64		| 16		| 0000000000000000	| 64
8	| 00111113	| 00005000	| 64		| 36		| 0000000010000000	| 64
12	| 010002ef	| 00005000	| 128		| 36		| 0000000000000000	| 64
28	| 00202423	| 00005000	| 128		| 16		| 0000000000001000	| 64
32	| fe9ff2ef	| 00005000	| 128		| 16		| 0000000000000000	| 128
8	| 00111113	| 00005000	| 128		| 36		| 0000000100000000	| 128
12	| 010002ef	| 00005000	| 256		| 36		| 0000000000000000	| 128
28	| 00202423	| 00005000	| 256		| 16		| 0000000000001000	| 128
32	| fe9ff2ef	| 00005000	| 256		| 16		| 0000000000000000	| 0
8	| 00111113	| 00005000	| 256		| 36		| 0000001000000000	| 0
12	| 010002ef	| 00005000	| 512		| 36		| 0000000000000000	| 0
28	| 00202423	| 00005000	| 512		| 16		| 0000000000001000	| 0
32	| fe9ff2ef	| 00005000	| 512		| 16		| 0000000000000000	| 0
8	| 00111113	| 00005000	| 512		| 36		| 0000010000000000	| 0
12	| 010002ef	| 00005000	| 1024		| 36		| 0000000000000000	| 0
28	| 00202423	| 00005000	| 1024		| 16		| 0000000000001000	| 0
32	| fe9ff2ef	| 00005000	| 1024		| 16		| 0000000000000000	| 0
8	| 00111113	| 00005000	| 1024		| 36		| 0000100000000000	| 0
12	| 010002ef	| 00005000	| 2048		| 36		| 0000000000000000	| 0
28	| 00202423	| 00005000	| 2048		| 16		| 0000000000001000	| 0
32	| fe9ff2ef	| 00005000	| 2048		| 16		| 0000000000000000	| 0
8	| 00111113	| 00005000	| 2048		| 36		| 0001000000000000	| 0
12	| 010002ef	| 00005000	| 4096		| 36		| 0000000000000000	| 0
28	| 00202423	| 00005000	| 4096		| 16		| 0000000000001000	| 0
32	| fe9ff2ef	| 00005000	| 4096		| 16		| 0000000000000000	| 0
8	| 00111113	| 00005000	| 4096		| 36		| 0010000000000000	| 0
12	| 010002ef	| 00005000	| 8192		| 36		| 0000000000000000	| 0
28	| 00202423	| 00005000	| 8192		| 16		| 0000000000001000	| 0
32	| fe9ff2ef	| 00005000	| 8192		| 16		| 0000000000000000	| 0
8	| 00111113	| 00005000	| 8192		| 36		| 0100000000000000	| 0
12	| 010002ef	| 00005000	| 16384		| 36		| 0000000000000000	| 0
28	| 00202423	| 00005000	| 16384		| 16		| 0000000000001000	| 0
32	| fe9ff2ef	| 00005000	| 16384		| 16		| 0000000000000000	| 0
8	| 00111113	| 00005000	| 16384		| 36		| 1000000000000000	| 0
12	| 010002ef	| 00005000	| 32768		| 36		| 0000000000000000	| 0
28	| 00202423	| 00005000	| 32768		| 16		| 0000000000001000	| 0
32	| fe9ff2ef	| 00005000	| 32768		| 16		| 0000000000000000	| 0
8	| 00111113	| 00005000	| 32768		| 36		| 0000000000000000	| 0
12	| 010002ef	| 00005000	| 65536		| 36		| 0000000000000000	| 0
28	| 00202423	| 00005000	| 65536		| 16		| 0000000000001000	| 0
32	| fe9ff2ef	| 00005000	| 65536		| 16		| 0000000000000000	| 0
8	| 00111113	| 00005000	| 65536		| 36		| 0000000000000000	| 0
12	| 010002ef	| 00005000	| 131072		| 36		| 0000000000000000	| 0
28	| 00202423	| 00005000	| 131072		| 16		| 0000000000001000	| 0
32	| fe9ff2ef	| 00005000	| 131072		| 16		| 0000000000000000	| 0
8	| 00111113	| 00005000	| 131072		| 36		| 0000000000000000	| 0
12	| 010002ef	| 00005000	| 262144		| 36		| 0000000000000000	| 0
28	| 00202423	| 00005000	| 262144		| 16		| 0000000000001000	| 0
32	| fe9ff2ef	| 00005000	| 262144		| 16		| 0000000000000000	| 0
8	| 00111113	| 00005000	| 262144		| 36		| 0000000000000000	| 0
12	| 010002ef	| 00005000	| 524288		| 36		| 0000000000000000	| 0
28	| 00202423	| 00005000	| 524288		| 16		| 0000000000001000	| 0
32	| fe9ff2ef	| 00005000	| 524288		| 16		| 0000000000000000	| 0
8	| 00111113	| 00005000	| 524288		| 36		| 0000000000000000	| 0
12	| 010002ef	| 00005000	| 1048576		| 36		| 0000000000000000	| 0
28	| 00202423	| 00005000	| 1048576		| 16		| 0000000000001000	| 0
32	| fe9ff2ef	| 00005000	| 1048576		| 16		| 0000000000000000	| 0
8	| 00111113	| 00005000	| 1048576		| 36		| 0000000000000000	| 0
12	| 010002ef	| 00005000	| 2097152		| 36		| 0000000000000000	| 0
28	| 00202423	| 00005000	| 2097152		| 16		| 0000000000001000	| 0
32	| fe9ff2ef	| 00005000	| 2097152		| 16		| 0000000000000000	| 0
8	| 00111113	| 00005000	| 2097152		| 36		| 0000000000000000	| 0
12	| 010002ef	| 00005000	| 4194304		| 36		| 0000000000000000	| 0
28	| 00202423	| 00005000	| 4194304		| 16		| 0000000000001000	| 0
32	| fe9ff2ef	| 00005000	| 4194304		| 16		| 0000000000000000	| 0
8	| 00111113	| 00005000	| 4194304		| 36		| 0000000000000000	| 0
12	| 010002ef	| 00005000	| 8388608		| 36		| 0000000000000000	| 0
28	| 00202423	| 00005000	| 8388608		| 16		| 0000000000001000	| 0
32	| fe9ff2ef	| 00005000	| 8388608		| 16		| 0000000000000000	| 0
8	| 00111113	| 00005000	| 8388608		| 36		| 0000000000000000	| 0
12	| 010002ef	| 00005000	| 16777216		| 36		| 0000000000000000	| 0
28	| 00202423	| 00005000	| 16777216		| 16		| 0000000000001000	| 0
32	| fe9ff2ef	| 00005000	| 16777216		| 16		| 0000000000000000	| 0
8	| 00111113	| 00005000	| 16777216		| 36		| 0000000000000000	| 0
INFO: [USF-XSim-96] XSim completed. Design snapshot 'tb_task3_behav' loaded.
INFO: [USF-XSim-97] XSim simulation ran for 1000ns
launch_simulation: Time (s): cpu = 00:00:04 ; elapsed = 00:00:05 . Memory (MB): peak = 1015.391 ; gain = 0.000
close_sim
INFO: [Simtcl 6-16] Simulation closed
reset_run synth_1
launch_runs impl_1 -to_step write_bitstream -jobs 6
[Thu Apr 30 10:52:09 2026] Launched synth_1...
Run output will be captured here: C:/Users/tau/Documents/CA-Labs-T1/TopProcessor/lab11.runs/synth_1/runme.log
[Thu Apr 30 10:52:09 2026] Launched impl_1...
Run output will be captured here: C:/Users/tau/Documents/CA-Labs-T1/TopProcessor/lab11.runs/impl_1/runme.log
reset_run synth_1
launch_runs impl_1 -to_step write_bitstream -jobs 6
[Thu Apr 30 10:54:03 2026] Launched synth_1...
Run output will be captured here: C:/Users/tau/Documents/CA-Labs-T1/TopProcessor/lab11.runs/synth_1/runme.log
[Thu Apr 30 10:54:03 2026] Launched impl_1...
Run output will be captured here: C:/Users/tau/Documents/CA-Labs-T1/TopProcessor/lab11.runs/impl_1/runme.log
open_run impl_1
INFO: [Device 21-403] Loading part xc7a35tcpg236-1
Netlist sorting complete. Time (s): cpu = 00:00:00 ; elapsed = 00:00:00.033 . Memory (MB): peak = 1222.777 ; gain = 0.000
INFO: [Netlist 29-17] Analyzing 663 Unisim elements for replacement
INFO: [Netlist 29-28] Unisim Transformation completed in 0 CPU seconds
INFO: [Project 1-479] Netlist was created with Vivado 2020.1
INFO: [Project 1-570] Preparing netlist for logic optimization
INFO: [Timing 38-478] Restoring timing data from binary archive.
INFO: [Timing 38-479] Binary timing data restore complete.
INFO: [Project 1-856] Restoring constraints from binary archive.
INFO: [Project 1-853] Binary constraint restore complete.
Reading XDEF placement.
Reading placer database...
Reading XDEF routing.
Read XDEF File: Time (s): cpu = 00:00:00 ; elapsed = 00:00:00.522 . Memory (MB): peak = 1911.672 ; gain = 0.000
Restored from archive | CPU: 0.000000 secs | Memory: 0.000000 MB |
Finished XDEF File Restore: Time (s): cpu = 00:00:00 ; elapsed = 00:00:00.522 . Memory (MB): peak = 1911.672 ; gain = 0.000
Netlist sorting complete. Time (s): cpu = 00:00:00 ; elapsed = 00:00:00.001 . Memory (MB): peak = 1911.672 ; gain = 0.000
INFO: [Project 1-111] Unisim Transformation Summary:
No Unisim elements were transformed.

open_run: Time (s): cpu = 00:00:25 ; elapsed = 00:00:21 . Memory (MB): peak = 2022.137 ; gain = 1006.746
open_hw_manager
connect_hw_server -allow_non_jtag
INFO: [Labtools 27-2285] Connecting to hw_server url TCP:localhost:3121
INFO: [Labtools 27-2222] Launching hw_server...
INFO: [Labtools 27-2221] Launch Output:

****** Xilinx hw_server v2020.1
  **** Build date : May 27 2020 at 20:24:38
    ** Copyright 1986-2020 Xilinx, Inc. All Rights Reserved.


INFO: [Labtools 27-3415] Connecting to cs_server url TCP:localhost:3042
INFO: [Labtools 27-3417] Launching cs_server...
INFO: [Labtools 27-2221] Launch Output:


****** Xilinx cs_server v2020.1.0
  **** Build date : May 14 2020-06:10:29
    ** Copyright 2017-2020 Xilinx, Inc. All Rights Reserved.



connect_hw_server: Time (s): cpu = 00:00:02 ; elapsed = 00:00:09 . Memory (MB): peak = 2104.348 ; gain = 13.559
open_hw_target
INFO: [Labtoolstcl 44-466] Opening hw_target localhost:3121/xilinx_tcf/Digilent/210183AF305AA
set_property PROGRAM.FILE {C:/Users/tau/Documents/CA-Labs-T1/TopProcessor/lab11.runs/impl_1/TopModule.bit} [get_hw_devices xc7a35t_0]
current_hw_device [get_hw_devices xc7a35t_0]
refresh_hw_device -update_hw_probes false [lindex [get_hw_devices xc7a35t_0] 0]
INFO: [Labtools 27-1435] Device xc7a35t (JTAG device index = 0) is not programmed (DONE status = 0).
set_property PROBES.FILE {} [get_hw_devices xc7a35t_0]
set_property FULL_PROBES.FILE {} [get_hw_devices xc7a35t_0]
set_property PROGRAM.FILE {C:/Users/tau/Documents/CA-Labs-T1/TopProcessor/lab11.runs/impl_1/TopModule.bit} [get_hw_devices xc7a35t_0]
program_hw_devices [get_hw_devices xc7a35t_0]
INFO: [Labtools 27-3164] End of startup status: HIGH
refresh_hw_device [lindex [get_hw_devices xc7a35t_0] 0]
INFO: [Labtools 27-1434] Device xc7a35t (JTAG device index = 0) is programmed with a design that has no supported debug core(s) in it.
ERROR: [Labtoolstcl 44-513] HW Target shutdown. Closing target: localhost:3121/xilinx_tcf/Digilent/210183AF305AA
INFO: [Labtoolstcl 44-466] Opening hw_target localhost:3121/xilinx_tcf/Digilent/210183AF305AA
INFO: [Labtools 27-1434] Device xc7a35t (JTAG device index = 0) is programmed with a design that has no supported debug core(s) in it.
WARNING: [Labtoolstcl 44-129] No matching hw_ila_data was found.
set_property PROBES.FILE {} [get_hw_devices xc7a35t_0]
set_property FULL_PROBES.FILE {} [get_hw_devices xc7a35t_0]
set_property PROGRAM.FILE {C:/Users/tau/Documents/CA-Labs-T1/TopProcessor/lab11.runs/impl_1/TopModule.bit} [get_hw_devices xc7a35t_0]
program_hw_devices [get_hw_devices xc7a35t_0]
INFO: [Labtools 27-3164] End of startup status: HIGH
refresh_hw_device [lindex [get_hw_devices xc7a35t_0] 0]
INFO: [Labtools 27-1434] Device xc7a35t (JTAG device index = 0) is programmed with a design that has no supported debug core(s) in it.
set_property PROBES.FILE {} [get_hw_devices xc7a35t_0]
set_property FULL_PROBES.FILE {} [get_hw_devices xc7a35t_0]
set_property PROGRAM.FILE {C:/Users/tau/Documents/CA-Labs-T1/TopProcessor/lab11.runs/impl_1/TopModule.bit} [get_hw_devices xc7a35t_0]
program_hw_devices [get_hw_devices xc7a35t_0]
INFO: [Labtools 27-3164] End of startup status: HIGH
refresh_hw_device [lindex [get_hw_devices xc7a35t_0] 0]
INFO: [Labtools 27-1434] Device xc7a35t (JTAG device index = 0) is programmed with a design that has no supported debug core(s) in it.
set_property PROBES.FILE {} [get_hw_devices xc7a35t_0]
set_property FULL_PROBES.FILE {} [get_hw_devices xc7a35t_0]
set_property PROGRAM.FILE {C:/Users/tau/Documents/CA-Labs-T1/TopProcessor/lab11.runs/impl_1/TopModule.bit} [get_hw_devices xc7a35t_0]
program_hw_devices [get_hw_devices xc7a35t_0]
INFO: [Labtools 27-3164] End of startup status: HIGH
refresh_hw_device [lindex [get_hw_devices xc7a35t_0] 0]
INFO: [Labtools 27-1434] Device xc7a35t (JTAG device index = 0) is programmed with a design that has no supported debug core(s) in it.
set_property PROBES.FILE {} [get_hw_devices xc7a35t_0]
set_property FULL_PROBES.FILE {} [get_hw_devices xc7a35t_0]
set_property PROGRAM.FILE {C:/Users/tau/Documents/CA-Labs-T1/TopProcessor/lab11.runs/impl_1/TopModule.bit} [get_hw_devices xc7a35t_0]
program_hw_devices [get_hw_devices xc7a35t_0]
INFO: [Labtools 27-3164] End of startup status: HIGH
refresh_hw_device [lindex [get_hw_devices xc7a35t_0] 0]
INFO: [Labtools 27-1434] Device xc7a35t (JTAG device index = 0) is programmed with a design that has no supported debug core(s) in it.
set_property PROBES.FILE {} [get_hw_devices xc7a35t_0]
set_property FULL_PROBES.FILE {} [get_hw_devices xc7a35t_0]
set_property PROGRAM.FILE {C:/Users/tau/Documents/CA-Labs-T1/TopProcessor/lab11.runs/impl_1/TopModule.bit} [get_hw_devices xc7a35t_0]
program_hw_devices [get_hw_devices xc7a35t_0]
INFO: [Labtools 27-3164] End of startup status: HIGH
refresh_hw_device [lindex [get_hw_devices xc7a35t_0] 0]
INFO: [Labtools 27-1434] Device xc7a35t (JTAG device index = 0) is programmed with a design that has no supported debug core(s) in it.
set_property PROBES.FILE {} [get_hw_devices xc7a35t_0]
set_property FULL_PROBES.FILE {} [get_hw_devices xc7a35t_0]
set_property PROGRAM.FILE {C:/Users/tau/Documents/CA-Labs-T1/TopProcessor/lab11.runs/impl_1/TopModule.bit} [get_hw_devices xc7a35t_0]
program_hw_devices [get_hw_devices xc7a35t_0]
INFO: [Labtools 27-3164] End of startup status: HIGH
refresh_hw_device [lindex [get_hw_devices xc7a35t_0] 0]
INFO: [Labtools 27-1434] Device xc7a35t (JTAG device index = 0) is programmed with a design that has no supported debug core(s) in it.
reset_run synth_1
launch_runs impl_1 -to_step write_bitstream -jobs 6
[Thu Apr 30 11:12:05 2026] Launched synth_1...
Run output will be captured here: C:/Users/tau/Documents/CA-Labs-T1/TopProcessor/lab11.runs/synth_1/runme.log
[Thu Apr 30 11:12:05 2026] Launched impl_1...
Run output will be captured here: C:/Users/tau/Documents/CA-Labs-T1/TopProcessor/lab11.runs/impl_1/runme.log
reset_run synth_1
WARNING: [Vivado 12-1017] Problems encountered:
1. Failed to delete one or more files in run directory C:/Users/tau/Documents/CA-Labs-T1/TopProcessor/lab11.runs/synth_1

launch_runs impl_1 -to_step write_bitstream -jobs 6
[Thu Apr 30 11:14:09 2026] Launched synth_1...
Run output will be captured here: C:/Users/tau/Documents/CA-Labs-T1/TopProcessor/lab11.runs/synth_1/runme.log
[Thu Apr 30 11:14:09 2026] Launched impl_1...
Run output will be captured here: C:/Users/tau/Documents/CA-Labs-T1/TopProcessor/lab11.runs/impl_1/runme.log
set_property PROBES.FILE {} [get_hw_devices xc7a35t_0]
set_property FULL_PROBES.FILE {} [get_hw_devices xc7a35t_0]
set_property PROGRAM.FILE {C:/Users/tau/Documents/CA-Labs-T1/TopProcessor/lab11.runs/impl_1/TopModule.bit} [get_hw_devices xc7a35t_0]
program_hw_devices [get_hw_devices xc7a35t_0]
INFO: [Labtools 27-3164] End of startup status: HIGH
refresh_hw_device [lindex [get_hw_devices xc7a35t_0] 0]
INFO: [Labtools 27-1434] Device xc7a35t (JTAG device index = 0) is programmed with a design that has no supported debug core(s) in it.
launch_simulation
Command: launch_simulation 
INFO: [Vivado 12-5682] Launching behavioral simulation in 'C:/Users/tau/Documents/CA-Labs-T1/TopProcessor/lab11.sim/sim_1/behav/xsim'
INFO: [SIM-utils-51] Simulation object is 'sim_1'
INFO: [SIM-utils-54] Inspecting design source files for 'tb_task3' in fileset 'sim_1'...
INFO: [SIM-utils-43] Exported 'C:/Users/tau/Documents/CA-Labs-T1/TopProcessor/lab11.sim/sim_1/behav/xsim/instructions_task1.mem'
INFO: [SIM-utils-43] Exported 'C:/Users/tau/Documents/CA-Labs-T1/TopProcessor/lab11.sim/sim_1/behav/xsim/instructions_task2.mem'
INFO: [SIM-utils-43] Exported 'C:/Users/tau/Documents/CA-Labs-T1/TopProcessor/lab11.sim/sim_1/behav/xsim/instructions_task3.mem'
INFO: [USF-XSim-97] Finding global include files...
INFO: [USF-XSim-98] Fetching design files from 'sim_1'...
INFO: [USF-XSim-2] XSim::Compile design
INFO: [USF-XSim-61] Executing 'COMPILE and ANALYZE' step in 'C:/Users/tau/Documents/CA-Labs-T1/TopProcessor/lab11.sim/sim_1/behav/xsim'
"xvlog --incr --relax -prj tb_task3_vlog.prj"
INFO: [VRFC 10-2263] Analyzing Verilog file "C:/Users/tau/Documents/CA-Labs-T1/TopProcessor/lab11.srcs/sources_1/new/2_MUX.v" into library xil_defaultlib
INFO: [VRFC 10-311] analyzing module branch_MUX
INFO: [VRFC 10-2263] Analyzing Verilog file "C:/Users/tau/Documents/CA-Labs-T1/TopProcessor/lab11.srcs/sources_1/new/ALU.v" into library xil_defaultlib
INFO: [VRFC 10-311] analyzing module ALU
INFO: [VRFC 10-2263] Analyzing Verilog file "C:/Users/tau/Documents/CA-Labs-T1/TopProcessor/lab11.srcs/sources_1/new/ALUControl.v" into library xil_defaultlib
INFO: [VRFC 10-311] analyzing module ALUControl
INFO: [VRFC 10-2263] Analyzing Verilog file "C:/Users/tau/Documents/CA-Labs-T1/TopProcessor/lab11.srcs/sources_1/new/BranchAdd.v" into library xil_defaultlib
INFO: [VRFC 10-311] analyzing module BranchAdd
INFO: [VRFC 10-2263] Analyzing Verilog file "C:/Users/tau/Documents/CA-Labs-T1/TopProcessor/lab11.srcs/sources_1/new/DataMemory.v" into library xil_defaultlib
INFO: [VRFC 10-311] analyzing module DataMemory
INFO: [VRFC 10-2263] Analyzing Verilog file "C:/Users/tau/Documents/CA-Labs-T1/TopProcessor/lab11.srcs/sources_1/new/InstructionMemory.v" into library xil_defaultlib
INFO: [VRFC 10-311] analyzing module instructionMemory
INFO: [VRFC 10-2263] Analyzing Verilog file "C:/Users/tau/Documents/CA-Labs-T1/TopProcessor/lab11.srcs/sources_1/new/MainControl.v" into library xil_defaultlib
INFO: [VRFC 10-311] analyzing module MainControl
INFO: [VRFC 10-2263] Analyzing Verilog file "C:/Users/tau/Documents/CA-Labs-T1/TopProcessor/lab11.srcs/sources_1/new/PC.v" into library xil_defaultlib
INFO: [VRFC 10-311] analyzing module PC
INFO: [VRFC 10-2263] Analyzing Verilog file "C:/Users/tau/Documents/CA-Labs-T1/TopProcessor/lab11.srcs/sources_1/new/PCAdder.v" into library xil_defaultlib
INFO: [VRFC 10-311] analyzing module PCAdder
INFO: [VRFC 10-2263] Analyzing Verilog file "C:/Users/tau/Documents/CA-Labs-T1/TopProcessor/lab11.srcs/sources_1/new/Register.v" into library xil_defaultlib
INFO: [VRFC 10-311] analyzing module Register
INFO: [VRFC 10-2263] Analyzing Verilog file "C:/Users/tau/Documents/CA-Labs-T1/TopProcessor/lab11.srcs/sources_1/new/TopProcessor.v" into library xil_defaultlib
INFO: [VRFC 10-311] analyzing module topProcessor
INFO: [VRFC 10-2263] Analyzing Verilog file "C:/Users/tau/Documents/CA-Labs-T1/TopProcessor/lab11.srcs/sources_1/new/immGen.v" into library xil_defaultlib
INFO: [VRFC 10-311] analyzing module immGen
INFO: [VRFC 10-2263] Analyzing Verilog file "C:/Users/tau/Documents/CA-Labs-T1/TopProcessor/lab11.srcs/sources_1/new/sevensegment.v" into library xil_defaultlib
INFO: [VRFC 10-311] analyzing module SevenSegment
INFO: [VRFC 10-2263] Analyzing Verilog file "C:/Users/tau/Documents/CA-Labs-T1/TopProcessor/lab11.srcs/sim_1/new/tb_task3.v" into library xil_defaultlib
INFO: [VRFC 10-311] analyzing module tb_task3
INFO: [USF-XSim-69] 'compile' step finished in '2' seconds
INFO: [USF-XSim-3] XSim::Elaborate design
INFO: [USF-XSim-61] Executing 'ELABORATE' step in 'C:/Users/tau/Documents/CA-Labs-T1/TopProcessor/lab11.sim/sim_1/behav/xsim'
"xelab -wto f8d01134f7dc4a89acf0d8e4e2a22205 --incr --debug typical --relax --mt 2 -L xil_defaultlib -L unisims_ver -L unimacro_ver -L secureip --snapshot tb_task3_behav xil_defaultlib.tb_task3 xil_defaultlib.glbl -log elaborate.log"
Vivado Simulator 2020.1
Copyright 1986-1999, 2001-2020 Xilinx, Inc. All Rights Reserved.
Running: C:/Xilinx/Vivado/2020.1/bin/unwrapped/win64.o/xelab.exe -wto f8d01134f7dc4a89acf0d8e4e2a22205 --incr --debug typical --relax --mt 2 -L xil_defaultlib -L unisims_ver -L unimacro_ver -L secureip --snapshot tb_task3_behav xil_defaultlib.tb_task3 xil_defaultlib.glbl -log elaborate.log 
Using 2 slave threads.
Starting static elaboration
Pass Through NonSizing Optimizer
WARNING: [VRFC 10-5021] port 'fast_clk' is not connected on this instance [C:/Users/tau/Documents/CA-Labs-T1/TopProcessor/lab11.srcs/sim_1/new/tb_task3.v:32]
Completed static elaboration
Starting simulation data flow analysis
Completed simulation data flow analysis
Time Resolution for simulation is 1ps
Compiling module xil_defaultlib.ALU
Compiling module xil_defaultlib.Register
Compiling module xil_defaultlib.DataMemory
Compiling module xil_defaultlib.MainControl
Compiling module xil_defaultlib.ALUControl
Compiling module xil_defaultlib.instructionMemory
Compiling module xil_defaultlib.branch_MUX
Compiling module xil_defaultlib.PC
Compiling module xil_defaultlib.PCAdder
Compiling module xil_defaultlib.BranchAdd
Compiling module xil_defaultlib.immGen
Compiling module xil_defaultlib.SevenSegment
Compiling module xil_defaultlib.topProcessor
Compiling module xil_defaultlib.tb_task3
Compiling module xil_defaultlib.glbl
Built simulation snapshot tb_task3_behav
INFO: [USF-XSim-69] 'elaborate' step finished in '2' seconds
INFO: [USF-XSim-4] XSim::Simulate design
INFO: [USF-XSim-61] Executing 'SIMULATE' step in 'C:/Users/tau/Documents/CA-Labs-T1/TopProcessor/lab11.sim/sim_1/behav/xsim'
INFO: [USF-XSim-98] *** Running xsim
   with args "tb_task3_behav -key {Behavioral:sim_1:Functional:tb_task3} -tclbatch {tb_task3.tcl} -log {simulate.log}"
INFO: [USF-XSim-8] Loading simulator feature
Vivado Simulator 2020.1
Time resolution is 1 ps
source tb_task3.tcl
# set curr_wave [current_wave_config]
# if { [string length $curr_wave] == 0 } {
#   if { [llength [get_objects]] > 0} {
#     add_wave /
#     set_property needs_save false [current_wave_config]
#   } else {
#      send_msg_id Add_Wave-1 WARNING "No top level signals found. Simulator will start without a wave window. If you want to open a wave window go to 'File->New Waveform Configuration' or type 'create_wave_config' in the TCL console."
#   }
# }
# run 1000ns
0	| fffff0b7	| 00000000	| 0		| 0		| 1111000000000000	| 0
=== TASK 3 - SHIFT LEFT PROGRAM ===
PC	| inst		| x1(limit)	| x2(value)	| x5(ret)	| LEDs			| mem[8]
------------------------------------------------------------------------
4	| 00100113	| fffff000	| 0		| 0		| 0000000000000001	| 0
8	| 00111113	| fffff000	| 1		| 0		| 0000000000000010	| 0
12	| 010002ef	| fffff000	| 2		| 0		| 0000000000000000	| 0
28	| 00202423	| fffff000	| 2		| 16		| 0000000000001000	| 0
32	| fe9ff2ef	| fffff000	| 2		| 16		| 0000000000000000	| 2
8	| 00111113	| fffff000	| 2		| 36		| 0000000000000100	| 2
12	| 010002ef	| fffff000	| 4		| 36		| 0000000000000000	| 2
28	| 00202423	| fffff000	| 4		| 16		| 0000000000001000	| 2
32	| fe9ff2ef	| fffff000	| 4		| 16		| 0000000000000000	| 4
8	| 00111113	| fffff000	| 4		| 36		| 0000000000001000	| 4
12	| 010002ef	| fffff000	| 8		| 36		| 0000000000000000	| 4
28	| 00202423	| fffff000	| 8		| 16		| 0000000000001000	| 4
32	| fe9ff2ef	| fffff000	| 8		| 16		| 0000000000000000	| 8
8	| 00111113	| fffff000	| 8		| 36		| 0000000000010000	| 8
12	| 010002ef	| fffff000	| 16		| 36		| 0000000000000000	| 8
28	| 00202423	| fffff000	| 16		| 16		| 0000000000001000	| 8
32	| fe9ff2ef	| fffff000	| 16		| 16		| 0000000000000000	| 16
8	| 00111113	| fffff000	| 16		| 36		| 0000000000100000	| 16
12	| 010002ef	| fffff000	| 32		| 36		| 0000000000000000	| 16
28	| 00202423	| fffff000	| 32		| 16		| 0000000000001000	| 16
32	| fe9ff2ef	| fffff000	| 32		| 16		| 0000000000000000	| 32
8	| 00111113	| fffff000	| 32		| 36		| 0000000001000000	| 32
12	| 010002ef	| fffff000	| 64		| 36		| 0000000000000000	| 32
28	| 00202423	| fffff000	| 64		| 16		| 0000000000001000	| 32
32	| fe9ff2ef	| fffff000	| 64		| 16		| 0000000000000000	| 64
8	| 00111113	| fffff000	| 64		| 36		| 0000000010000000	| 64
12	| 010002ef	| fffff000	| 128		| 36		| 0000000000000000	| 64
28	| 00202423	| fffff000	| 128		| 16		| 0000000000001000	| 64
32	| fe9ff2ef	| fffff000	| 128		| 16		| 0000000000000000	| 128
8	| 00111113	| fffff000	| 128		| 36		| 0000000100000000	| 128
12	| 010002ef	| fffff000	| 256		| 36		| 0000000000000000	| 128
28	| 00202423	| fffff000	| 256		| 16		| 0000000000001000	| 128
32	| fe9ff2ef	| fffff000	| 256		| 16		| 0000000000000000	| 0
8	| 00111113	| fffff000	| 256		| 36		| 0000001000000000	| 0
12	| 010002ef	| fffff000	| 512		| 36		| 0000000000000000	| 0
28	| 00202423	| fffff000	| 512		| 16		| 0000000000001000	| 0
32	| fe9ff2ef	| fffff000	| 512		| 16		| 0000000000000000	| 0
8	| 00111113	| fffff000	| 512		| 36		| 0000010000000000	| 0
12	| 010002ef	| fffff000	| 1024		| 36		| 0000000000000000	| 0
28	| 00202423	| fffff000	| 1024		| 16		| 0000000000001000	| 0
32	| fe9ff2ef	| fffff000	| 1024		| 16		| 0000000000000000	| 0
8	| 00111113	| fffff000	| 1024		| 36		| 0000100000000000	| 0
12	| 010002ef	| fffff000	| 2048		| 36		| 0000000000000000	| 0
28	| 00202423	| fffff000	| 2048		| 16		| 0000000000001000	| 0
32	| fe9ff2ef	| fffff000	| 2048		| 16		| 0000000000000000	| 0
8	| 00111113	| fffff000	| 2048		| 36		| 0001000000000000	| 0
12	| 010002ef	| fffff000	| 4096		| 36		| 0000000000000000	| 0
28	| 00202423	| fffff000	| 4096		| 16		| 0000000000001000	| 0
32	| fe9ff2ef	| fffff000	| 4096		| 16		| 0000000000000000	| 0
8	| 00111113	| fffff000	| 4096		| 36		| 0010000000000000	| 0
12	| 010002ef	| fffff000	| 8192		| 36		| 0000000000000000	| 0
28	| 00202423	| fffff000	| 8192		| 16		| 0000000000001000	| 0
32	| fe9ff2ef	| fffff000	| 8192		| 16		| 0000000000000000	| 0
8	| 00111113	| fffff000	| 8192		| 36		| 0100000000000000	| 0
12	| 010002ef	| fffff000	| 16384		| 36		| 0000000000000000	| 0
28	| 00202423	| fffff000	| 16384		| 16		| 0000000000001000	| 0
32	| fe9ff2ef	| fffff000	| 16384		| 16		| 0000000000000000	| 0
8	| 00111113	| fffff000	| 16384		| 36		| 1000000000000000	| 0
12	| 010002ef	| fffff000	| 32768		| 36		| 0000000000000000	| 0
28	| 00202423	| fffff000	| 32768		| 16		| 0000000000001000	| 0
32	| fe9ff2ef	| fffff000	| 32768		| 16		| 0000000000000000	| 0
8	| 00111113	| fffff000	| 32768		| 36		| 0000000000000000	| 0
12	| 010002ef	| fffff000	| 65536		| 36		| 0000000000000000	| 0
28	| 00202423	| fffff000	| 65536		| 16		| 0000000000001000	| 0
32	| fe9ff2ef	| fffff000	| 65536		| 16		| 0000000000000000	| 0
8	| 00111113	| fffff000	| 65536		| 36		| 0000000000000000	| 0
12	| 010002ef	| fffff000	| 131072		| 36		| 0000000000000000	| 0
28	| 00202423	| fffff000	| 131072		| 16		| 0000000000001000	| 0
32	| fe9ff2ef	| fffff000	| 131072		| 16		| 0000000000000000	| 0
8	| 00111113	| fffff000	| 131072		| 36		| 0000000000000000	| 0
12	| 010002ef	| fffff000	| 262144		| 36		| 0000000000000000	| 0
28	| 00202423	| fffff000	| 262144		| 16		| 0000000000001000	| 0
32	| fe9ff2ef	| fffff000	| 262144		| 16		| 0000000000000000	| 0
8	| 00111113	| fffff000	| 262144		| 36		| 0000000000000000	| 0
12	| 010002ef	| fffff000	| 524288		| 36		| 0000000000000000	| 0
28	| 00202423	| fffff000	| 524288		| 16		| 0000000000001000	| 0
32	| fe9ff2ef	| fffff000	| 524288		| 16		| 0000000000000000	| 0
8	| 00111113	| fffff000	| 524288		| 36		| 0000000000000000	| 0
12	| 010002ef	| fffff000	| 1048576		| 36		| 0000000000000000	| 0
28	| 00202423	| fffff000	| 1048576		| 16		| 0000000000001000	| 0
32	| fe9ff2ef	| fffff000	| 1048576		| 16		| 0000000000000000	| 0
8	| 00111113	| fffff000	| 1048576		| 36		| 0000000000000000	| 0
12	| 010002ef	| fffff000	| 2097152		| 36		| 0000000000000000	| 0
28	| 00202423	| fffff000	| 2097152		| 16		| 0000000000001000	| 0
32	| fe9ff2ef	| fffff000	| 2097152		| 16		| 0000000000000000	| 0
8	| 00111113	| fffff000	| 2097152		| 36		| 0000000000000000	| 0
12	| 010002ef	| fffff000	| 4194304		| 36		| 0000000000000000	| 0
28	| 00202423	| fffff000	| 4194304		| 16		| 0000000000001000	| 0
32	| fe9ff2ef	| fffff000	| 4194304		| 16		| 0000000000000000	| 0
8	| 00111113	| fffff000	| 4194304		| 36		| 0000000000000000	| 0
12	| 010002ef	| fffff000	| 8388608		| 36		| 0000000000000000	| 0
28	| 00202423	| fffff000	| 8388608		| 16		| 0000000000001000	| 0
32	| fe9ff2ef	| fffff000	| 8388608		| 16		| 0000000000000000	| 0
8	| 00111113	| fffff000	| 8388608		| 36		| 0000000000000000	| 0
12	| 010002ef	| fffff000	| 16777216		| 36		| 0000000000000000	| 0
28	| 00202423	| fffff000	| 16777216		| 16		| 0000000000001000	| 0
32	| fe9ff2ef	| fffff000	| 16777216		| 16		| 0000000000000000	| 0
8	| 00111113	| fffff000	| 16777216		| 36		| 0000000000000000	| 0
INFO: [USF-XSim-96] XSim completed. Design snapshot 'tb_task3_behav' loaded.
INFO: [USF-XSim-97] XSim simulation ran for 1000ns
launch_simulation: Time (s): cpu = 00:00:04 ; elapsed = 00:00:07 . Memory (MB): peak = 3442.324 ; gain = 0.000
reset_run synth_1
WARNING: [Vivado 12-1017] Problems encountered:
1. Failed to delete one or more files in run directory C:/Users/tau/Documents/CA-Labs-T1/TopProcessor/lab11.runs/synth_1

launch_runs impl_1 -to_step write_bitstream -jobs 6
[Thu Apr 30 11:28:50 2026] Launched synth_1...
Run output will be captured here: C:/Users/tau/Documents/CA-Labs-T1/TopProcessor/lab11.runs/synth_1/runme.log
[Thu Apr 30 11:28:50 2026] Launched impl_1...
Run output will be captured here: C:/Users/tau/Documents/CA-Labs-T1/TopProcessor/lab11.runs/impl_1/runme.log
update_compile_order -fileset sources_1
update_compile_order -fileset sources_1
close_sim
INFO: [Simtcl 6-16] Simulation closed
exit
INFO: [Common 17-206] Exiting Vivado at Thu Apr 30 11:47:32 2026...
