#-----------------------------------------------------------
# Vivado v2020.1 (64-bit)
# SW Build 2902540 on Wed May 27 19:54:49 MDT 2020
# IP Build 2902112 on Wed May 27 22:43:36 MDT 2020
# Start of session at: Sun Apr 19 20:52:04 2026
# Process ID: 6844
# Current directory: C:/Users/tau/Documents/Labs-CA-T1/LAB11
# Command line: vivado.exe -gui_launcher_event rodinguilauncherevent17264 C:\Users\tau\Documents\Labs-CA-T1\LAB11\lab11.xpr
# Log file: C:/Users/tau/Documents/Labs-CA-T1/LAB11/vivado.log
# Journal file: C:/Users/tau/Documents/Labs-CA-T1/LAB11\vivado.jou
#-----------------------------------------------------------
start_gui
open_project C:/Users/tau/Documents/Labs-CA-T1/LAB11/lab11.xpr
Scanning sources...
Finished scanning sources
INFO: [IP_Flow 19-234] Refreshing IP repositories
INFO: [IP_Flow 19-1704] No user IP repositories specified
INFO: [IP_Flow 19-2313] Loaded Vivado IP repository 'C:/Xilinx/Vivado/2020.1/data/ip'.
update_compile_order -fileset sources_1
launch_simulation
Command: launch_simulation 
INFO: [Vivado 12-5682] Launching behavioral simulation in 'C:/Users/tau/Documents/Labs-CA-T1/LAB11/lab11.sim/sim_1/behav/xsim'
INFO: [SIM-utils-51] Simulation object is 'sim_1'
INFO: [SIM-utils-54] Inspecting design source files for 'tb_TopLevelProcessor' in fileset 'sim_1'...
INFO: [SIM-utils-43] Exported 'C:/Users/tau/Documents/Labs-CA-T1/LAB11/lab11.sim/sim_1/behav/xsim/instructions.mem'
INFO: [SIM-utils-43] Exported 'C:/Users/tau/Documents/Labs-CA-T1/LAB11/lab11.sim/sim_1/behav/xsim/instructions.mem'
INFO: [USF-XSim-97] Finding global include files...
INFO: [USF-XSim-98] Fetching design files from 'sim_1'...
INFO: [USF-XSim-2] XSim::Compile design
INFO: [USF-XSim-61] Executing 'COMPILE and ANALYZE' step in 'C:/Users/tau/Documents/Labs-CA-T1/LAB11/lab11.sim/sim_1/behav/xsim'
"xvlog --incr --relax -prj tb_TopLevelProcessor_vlog.prj"
INFO: [USF-XSim-69] 'compile' step finished in '1' seconds
INFO: [USF-XSim-3] XSim::Elaborate design
INFO: [USF-XSim-61] Executing 'ELABORATE' step in 'C:/Users/tau/Documents/Labs-CA-T1/LAB11/lab11.sim/sim_1/behav/xsim'
"xelab -wto f8d01134f7dc4a89acf0d8e4e2a22205 --incr --debug typical --relax --mt 2 -L xil_defaultlib -L unisims_ver -L unimacro_ver -L secureip --snapshot tb_TopLevelProcessor_behav xil_defaultlib.tb_TopLevelProcessor xil_defaultlib.glbl -log elaborate.log"
Vivado Simulator 2020.1
Copyright 1986-1999, 2001-2020 Xilinx, Inc. All Rights Reserved.
Running: C:/Xilinx/Vivado/2020.1/bin/unwrapped/win64.o/xelab.exe -wto f8d01134f7dc4a89acf0d8e4e2a22205 --incr --debug typical --relax --mt 2 -L xil_defaultlib -L unisims_ver -L unimacro_ver -L secureip --snapshot tb_TopLevelProcessor_behav xil_defaultlib.tb_TopLevelProcessor xil_defaultlib.glbl -log elaborate.log 
Using 2 slave threads.
Starting static elaboration
Pass Through NonSizing Optimizer
Completed static elaboration
INFO: [XSIM 43-4323] No Change in HDL. Linking previously generated obj files to create kernel
INFO: [USF-XSim-69] 'elaborate' step finished in '2' seconds
INFO: [USF-XSim-4] XSim::Simulate design
INFO: [USF-XSim-61] Executing 'SIMULATE' step in 'C:/Users/tau/Documents/Labs-CA-T1/LAB11/lab11.sim/sim_1/behav/xsim'
INFO: [USF-XSim-98] *** Running xsim
   with args "tb_TopLevelProcessor_behav -key {Behavioral:sim_1:Functional:tb_TopLevelProcessor} -tclbatch {tb_TopLevelProcessor.tcl} -log {simulate.log}"
INFO: [USF-XSim-8] Loading simulator feature
Vivado Simulator 2020.1
Time resolution is 1 ps
source tb_TopLevelProcessor.tcl
# set curr_wave [current_wave_config]
# if { [string length $curr_wave] == 0 } {
#   if { [llength [get_objects]] > 0} {
#     add_wave /
#     set_property needs_save false [current_wave_config]
#   } else {
#      send_msg_id Add_Wave-1 WARNING "No top level signals found. Simulator will start without a wave window. If you want to open a wave window go to 'File->New Waveform Configuration' or type 'create_wave_config' in the TCL console."
#   }
# }
# run 1000ns
Time=0 | PC=x | Instruction=xxxxxxxx | ALUResult=x | LEDs=xxxxxxxxxxxxxxxx
Time=5000 | PC=0 | Instruction=00500093 | ALUResult=0 | LEDs=0000000000000000
Time=25000 | PC=4 | Instruction=xxxxxxxx | ALUResult=x | LEDs=xxxxxxxxxxxxxxxx
Time=35000 | PC=8 | Instruction=xxxxxxxx | ALUResult=x | LEDs=xxxxxxxxxxxxxxxx
Time=45000 | PC=12 | Instruction=xxxxxxxx | ALUResult=x | LEDs=xxxxxxxxxxxxxxxx
Time=55000 | PC=16 | Instruction=xxxxxxxx | ALUResult=x | LEDs=xxxxxxxxxxxxxxxx
Time=65000 | PC=20 | Instruction=xxxxxxxx | ALUResult=x | LEDs=xxxxxxxxxxxxxxxx
Time=75000 | PC=24 | Instruction=xxxxxxxx | ALUResult=x | LEDs=xxxxxxxxxxxxxxxx
Time=85000 | PC=28 | Instruction=xxxxxxxx | ALUResult=x | LEDs=xxxxxxxxxxxxxxxx
Time=95000 | PC=32 | Instruction=xxxxxxxx | ALUResult=x | LEDs=xxxxxxxxxxxxxxxx
Time=105000 | PC=36 | Instruction=xxxxxxxx | ALUResult=x | LEDs=xxxxxxxxxxxxxxxx
Time=115000 | PC=40 | Instruction=xxxxxxxx | ALUResult=x | LEDs=xxxxxxxxxxxxxxxx
Time=125000 | PC=44 | Instruction=xxxxxxxx | ALUResult=x | LEDs=xxxxxxxxxxxxxxxx
Time=135000 | PC=48 | Instruction=xxxxxxxx | ALUResult=x | LEDs=xxxxxxxxxxxxxxxx
Time=145000 | PC=52 | Instruction=xxxxxxxx | ALUResult=x | LEDs=xxxxxxxxxxxxxxxx
Time=155000 | PC=56 | Instruction=xxxxxxxx | ALUResult=x | LEDs=xxxxxxxxxxxxxxxx
Time=165000 | PC=60 | Instruction=xxxxxxxx | ALUResult=x | LEDs=xxxxxxxxxxxxxxxx
Time=175000 | PC=64 | Instruction=xxxxxxxx | ALUResult=x | LEDs=xxxxxxxxxxxxxxxx
Time=185000 | PC=68 | Instruction=xxxxxxxx | ALUResult=x | LEDs=xxxxxxxxxxxxxxxx
Time=195000 | PC=72 | Instruction=xxxxxxxx | ALUResult=x | LEDs=xxxxxxxxxxxxxxxx
Time=205000 | PC=76 | Instruction=xxxxxxxx | ALUResult=x | LEDs=xxxxxxxxxxxxxxxx
Time=215000 | PC=80 | Instruction=xxxxxxxx | ALUResult=x | LEDs=xxxxxxxxxxxxxxxx
Time=225000 | PC=84 | Instruction=xxxxxxxx | ALUResult=x | LEDs=xxxxxxxxxxxxxxxx
Time=235000 | PC=88 | Instruction=xxxxxxxx | ALUResult=x | LEDs=xxxxxxxxxxxxxxxx
Time=245000 | PC=92 | Instruction=xxxxxxxx | ALUResult=x | LEDs=xxxxxxxxxxxxxxxx
Time=255000 | PC=96 | Instruction=xxxxxxxx | ALUResult=x | LEDs=xxxxxxxxxxxxxxxx
Time=265000 | PC=100 | Instruction=xxxxxxxx | ALUResult=x | LEDs=xxxxxxxxxxxxxxxx
Time=275000 | PC=104 | Instruction=xxxxxxxx | ALUResult=x | LEDs=xxxxxxxxxxxxxxxx
Time=285000 | PC=108 | Instruction=xxxxxxxx | ALUResult=x | LEDs=xxxxxxxxxxxxxxxx
Time=295000 | PC=112 | Instruction=xxxxxxxx | ALUResult=x | LEDs=xxxxxxxxxxxxxxxx
Time=305000 | PC=116 | Instruction=xxxxxxxx | ALUResult=x | LEDs=xxxxxxxxxxxxxxxx
Time=315000 | PC=120 | Instruction=xxxxxxxx | ALUResult=x | LEDs=xxxxxxxxxxxxxxxx
Time=325000 | PC=124 | Instruction=xxxxxxxx | ALUResult=x | LEDs=xxxxxxxxxxxxxxxx
Time=335000 | PC=128 | Instruction=xxxxxxxx | ALUResult=x | LEDs=xxxxxxxxxxxxxxxx
Time=345000 | PC=132 | Instruction=xxxxxxxx | ALUResult=x | LEDs=xxxxxxxxxxxxxxxx
Time=355000 | PC=136 | Instruction=xxxxxxxx | ALUResult=x | LEDs=xxxxxxxxxxxxxxxx
Time=365000 | PC=140 | Instruction=xxxxxxxx | ALUResult=x | LEDs=xxxxxxxxxxxxxxxx
Time=375000 | PC=144 | Instruction=xxxxxxxx | ALUResult=x | LEDs=xxxxxxxxxxxxxxxx
Time=385000 | PC=148 | Instruction=xxxxxxxx | ALUResult=x | LEDs=xxxxxxxxxxxxxxxx
Time=395000 | PC=152 | Instruction=xxxxxxxx | ALUResult=x | LEDs=xxxxxxxxxxxxxxxx
Time=405000 | PC=156 | Instruction=xxxxxxxx | ALUResult=x | LEDs=xxxxxxxxxxxxxxxx
Time=415000 | PC=160 | Instruction=xxxxxxxx | ALUResult=x | LEDs=xxxxxxxxxxxxxxxx
Time=425000 | PC=164 | Instruction=xxxxxxxx | ALUResult=x | LEDs=xxxxxxxxxxxxxxxx
Time=435000 | PC=168 | Instruction=xxxxxxxx | ALUResult=x | LEDs=xxxxxxxxxxxxxxxx
Time=445000 | PC=172 | Instruction=xxxxxxxx | ALUResult=x | LEDs=xxxxxxxxxxxxxxxx
Time=455000 | PC=176 | Instruction=xxxxxxxx | ALUResult=x | LEDs=xxxxxxxxxxxxxxxx
Time=465000 | PC=180 | Instruction=xxxxxxxx | ALUResult=x | LEDs=xxxxxxxxxxxxxxxx
Time=475000 | PC=184 | Instruction=xxxxxxxx | ALUResult=x | LEDs=xxxxxxxxxxxxxxxx
Time=485000 | PC=188 | Instruction=xxxxxxxx | ALUResult=x | LEDs=xxxxxxxxxxxxxxxx
Time=495000 | PC=192 | Instruction=xxxxxxxx | ALUResult=x | LEDs=xxxxxxxxxxxxxxxx
Time=505000 | PC=196 | Instruction=xxxxxxxx | ALUResult=x | LEDs=xxxxxxxxxxxxxxxx
Time=515000 | PC=200 | Instruction=xxxxxxxx | ALUResult=x | LEDs=xxxxxxxxxxxxxxxx
Time=525000 | PC=204 | Instruction=xxxxxxxx | ALUResult=x | LEDs=xxxxxxxxxxxxxxxx
Time=535000 | PC=208 | Instruction=xxxxxxxx | ALUResult=x | LEDs=xxxxxxxxxxxxxxxx
Time=545000 | PC=212 | Instruction=xxxxxxxx | ALUResult=x | LEDs=xxxxxxxxxxxxxxxx
Time=555000 | PC=216 | Instruction=xxxxxxxx | ALUResult=x | LEDs=xxxxxxxxxxxxxxxx
Time=565000 | PC=220 | Instruction=xxxxxxxx | ALUResult=x | LEDs=xxxxxxxxxxxxxxxx
Time=575000 | PC=224 | Instruction=xxxxxxxx | ALUResult=x | LEDs=xxxxxxxxxxxxxxxx
Time=585000 | PC=228 | Instruction=xxxxxxxx | ALUResult=x | LEDs=xxxxxxxxxxxxxxxx
Time=595000 | PC=232 | Instruction=xxxxxxxx | ALUResult=x | LEDs=xxxxxxxxxxxxxxxx
Time=605000 | PC=236 | Instruction=xxxxxxxx | ALUResult=x | LEDs=xxxxxxxxxxxxxxxx
Time=615000 | PC=240 | Instruction=xxxxxxxx | ALUResult=x | LEDs=xxxxxxxxxxxxxxxx
Time=625000 | PC=244 | Instruction=xxxxxxxx | ALUResult=x | LEDs=xxxxxxxxxxxxxxxx
Time=635000 | PC=248 | Instruction=xxxxxxxx | ALUResult=x | LEDs=xxxxxxxxxxxxxxxx
Time=645000 | PC=252 | Instruction=xxxxxxxx | ALUResult=x | LEDs=xxxxxxxxxxxxxxxx
Time=655000 | PC=256 | Instruction=xxxxxxxx | ALUResult=x | LEDs=xxxxxxxxxxxxxxxx
Time=665000 | PC=260 | Instruction=xxxxxxxx | ALUResult=x | LEDs=xxxxxxxxxxxxxxxx
Time=675000 | PC=264 | Instruction=xxxxxxxx | ALUResult=x | LEDs=xxxxxxxxxxxxxxxx
Time=685000 | PC=268 | Instruction=xxxxxxxx | ALUResult=x | LEDs=xxxxxxxxxxxxxxxx
Time=695000 | PC=272 | Instruction=xxxxxxxx | ALUResult=x | LEDs=xxxxxxxxxxxxxxxx
Time=705000 | PC=276 | Instruction=xxxxxxxx | ALUResult=x | LEDs=xxxxxxxxxxxxxxxx
Time=715000 | PC=280 | Instruction=xxxxxxxx | ALUResult=x | LEDs=xxxxxxxxxxxxxxxx
Time=725000 | PC=284 | Instruction=xxxxxxxx | ALUResult=x | LEDs=xxxxxxxxxxxxxxxx
Time=735000 | PC=288 | Instruction=xxxxxxxx | ALUResult=x | LEDs=xxxxxxxxxxxxxxxx
Time=745000 | PC=292 | Instruction=xxxxxxxx | ALUResult=x | LEDs=xxxxxxxxxxxxxxxx
Time=755000 | PC=296 | Instruction=xxxxxxxx | ALUResult=x | LEDs=xxxxxxxxxxxxxxxx
Time=765000 | PC=300 | Instruction=xxxxxxxx | ALUResult=x | LEDs=xxxxxxxxxxxxxxxx
Time=775000 | PC=304 | Instruction=xxxxxxxx | ALUResult=x | LEDs=xxxxxxxxxxxxxxxx
Time=785000 | PC=308 | Instruction=xxxxxxxx | ALUResult=x | LEDs=xxxxxxxxxxxxxxxx
Time=795000 | PC=312 | Instruction=xxxxxxxx | ALUResult=x | LEDs=xxxxxxxxxxxxxxxx
Time=805000 | PC=316 | Instruction=xxxxxxxx | ALUResult=x | LEDs=xxxxxxxxxxxxxxxx
Time=815000 | PC=320 | Instruction=xxxxxxxx | ALUResult=x | LEDs=xxxxxxxxxxxxxxxx
Time=825000 | PC=324 | Instruction=xxxxxxxx | ALUResult=x | LEDs=xxxxxxxxxxxxxxxx
Time=835000 | PC=328 | Instruction=xxxxxxxx | ALUResult=x | LEDs=xxxxxxxxxxxxxxxx
Time=845000 | PC=332 | Instruction=xxxxxxxx | ALUResult=x | LEDs=xxxxxxxxxxxxxxxx
Time=855000 | PC=336 | Instruction=xxxxxxxx | ALUResult=x | LEDs=xxxxxxxxxxxxxxxx
Time=865000 | PC=340 | Instruction=xxxxxxxx | ALUResult=x | LEDs=xxxxxxxxxxxxxxxx
Time=875000 | PC=344 | Instruction=xxxxxxxx | ALUResult=x | LEDs=xxxxxxxxxxxxxxxx
Time=885000 | PC=348 | Instruction=xxxxxxxx | ALUResult=x | LEDs=xxxxxxxxxxxxxxxx
Time=895000 | PC=352 | Instruction=xxxxxxxx | ALUResult=x | LEDs=xxxxxxxxxxxxxxxx
Time=905000 | PC=356 | Instruction=xxxxxxxx | ALUResult=x | LEDs=xxxxxxxxxxxxxxxx
Time=915000 | PC=360 | Instruction=xxxxxxxx | ALUResult=x | LEDs=xxxxxxxxxxxxxxxx
Time=925000 | PC=364 | Instruction=xxxxxxxx | ALUResult=x | LEDs=xxxxxxxxxxxxxxxx
Time=935000 | PC=368 | Instruction=xxxxxxxx | ALUResult=x | LEDs=xxxxxxxxxxxxxxxx
Time=945000 | PC=372 | Instruction=xxxxxxxx | ALUResult=x | LEDs=xxxxxxxxxxxxxxxx
Time=955000 | PC=376 | Instruction=xxxxxxxx | ALUResult=x | LEDs=xxxxxxxxxxxxxxxx
Time=965000 | PC=380 | Instruction=xxxxxxxx | ALUResult=x | LEDs=xxxxxxxxxxxxxxxx
Time=975000 | PC=384 | Instruction=xxxxxxxx | ALUResult=x | LEDs=xxxxxxxxxxxxxxxx
Time=985000 | PC=388 | Instruction=xxxxxxxx | ALUResult=x | LEDs=xxxxxxxxxxxxxxxx
Time=995000 | PC=392 | Instruction=xxxxxxxx | ALUResult=x | LEDs=xxxxxxxxxxxxxxxx
INFO: [USF-XSim-96] XSim completed. Design snapshot 'tb_TopLevelProcessor_behav' loaded.
INFO: [USF-XSim-97] XSim simulation ran for 1000ns
launch_simulation: Time (s): cpu = 00:00:07 ; elapsed = 00:00:06 . Memory (MB): peak = 1028.238 ; gain = 0.000
close_sim
INFO: [Simtcl 6-16] Simulation closed
launch_simulation
Command: launch_simulation 
INFO: [Vivado 12-5682] Launching behavioral simulation in 'C:/Users/tau/Documents/Labs-CA-T1/LAB11/lab11.sim/sim_1/behav/xsim'
INFO: [SIM-utils-51] Simulation object is 'sim_1'
INFO: [SIM-utils-54] Inspecting design source files for 'tb_TopLevelProcessor' in fileset 'sim_1'...
INFO: [SIM-utils-43] Exported 'C:/Users/tau/Documents/Labs-CA-T1/LAB11/lab11.sim/sim_1/behav/xsim/instructions.mem'
INFO: [SIM-utils-43] Exported 'C:/Users/tau/Documents/Labs-CA-T1/LAB11/lab11.sim/sim_1/behav/xsim/instructions.mem'
INFO: [USF-XSim-97] Finding global include files...
INFO: [USF-XSim-98] Fetching design files from 'sim_1'...
INFO: [USF-XSim-2] XSim::Compile design
INFO: [USF-XSim-61] Executing 'COMPILE and ANALYZE' step in 'C:/Users/tau/Documents/Labs-CA-T1/LAB11/lab11.sim/sim_1/behav/xsim'
"xvlog --incr --relax -prj tb_TopLevelProcessor_vlog.prj"
INFO: [USF-XSim-69] 'compile' step finished in '1' seconds
INFO: [USF-XSim-3] XSim::Elaborate design
INFO: [USF-XSim-61] Executing 'ELABORATE' step in 'C:/Users/tau/Documents/Labs-CA-T1/LAB11/lab11.sim/sim_1/behav/xsim'
"xelab -wto f8d01134f7dc4a89acf0d8e4e2a22205 --incr --debug typical --relax --mt 2 -L xil_defaultlib -L unisims_ver -L unimacro_ver -L secureip --snapshot tb_TopLevelProcessor_behav xil_defaultlib.tb_TopLevelProcessor xil_defaultlib.glbl -log elaborate.log"
Vivado Simulator 2020.1
Copyright 1986-1999, 2001-2020 Xilinx, Inc. All Rights Reserved.
Running: C:/Xilinx/Vivado/2020.1/bin/unwrapped/win64.o/xelab.exe -wto f8d01134f7dc4a89acf0d8e4e2a22205 --incr --debug typical --relax --mt 2 -L xil_defaultlib -L unisims_ver -L unimacro_ver -L secureip --snapshot tb_TopLevelProcessor_behav xil_defaultlib.tb_TopLevelProcessor xil_defaultlib.glbl -log elaborate.log 
Using 2 slave threads.
Starting static elaboration
Pass Through NonSizing Optimizer
Completed static elaboration
INFO: [XSIM 43-4323] No Change in HDL. Linking previously generated obj files to create kernel
INFO: [USF-XSim-69] 'elaborate' step finished in '1' seconds
INFO: [USF-XSim-4] XSim::Simulate design
INFO: [USF-XSim-61] Executing 'SIMULATE' step in 'C:/Users/tau/Documents/Labs-CA-T1/LAB11/lab11.sim/sim_1/behav/xsim'
INFO: [USF-XSim-98] *** Running xsim
   with args "tb_TopLevelProcessor_behav -key {Behavioral:sim_1:Functional:tb_TopLevelProcessor} -tclbatch {tb_TopLevelProcessor.tcl} -log {simulate.log}"
INFO: [USF-XSim-8] Loading simulator feature
Vivado Simulator 2020.1
Time resolution is 1 ps
source tb_TopLevelProcessor.tcl
# set curr_wave [current_wave_config]
# if { [string length $curr_wave] == 0 } {
#   if { [llength [get_objects]] > 0} {
#     add_wave /
#     set_property needs_save false [current_wave_config]
#   } else {
#      send_msg_id Add_Wave-1 WARNING "No top level signals found. Simulator will start without a wave window. If you want to open a wave window go to 'File->New Waveform Configuration' or type 'create_wave_config' in the TCL console."
#   }
# }
# run 1000ns
Time=0 | PC=x | Instruction=xxxxxxxx | ALUResult=x | LEDs=xxxxxxxxxxxxxxxx
Time=5000 | PC=0 | Instruction=00500093 | ALUResult=0 | LEDs=0000000000000000
Time=25000 | PC=4 | Instruction=xxxxxxxx | ALUResult=x | LEDs=xxxxxxxxxxxxxxxx
Time=35000 | PC=8 | Instruction=xxxxxxxx | ALUResult=x | LEDs=xxxxxxxxxxxxxxxx
Time=45000 | PC=12 | Instruction=xxxxxxxx | ALUResult=x | LEDs=xxxxxxxxxxxxxxxx
Time=55000 | PC=16 | Instruction=xxxxxxxx | ALUResult=x | LEDs=xxxxxxxxxxxxxxxx
Time=65000 | PC=20 | Instruction=xxxxxxxx | ALUResult=x | LEDs=xxxxxxxxxxxxxxxx
Time=75000 | PC=24 | Instruction=xxxxxxxx | ALUResult=x | LEDs=xxxxxxxxxxxxxxxx
Time=85000 | PC=28 | Instruction=xxxxxxxx | ALUResult=x | LEDs=xxxxxxxxxxxxxxxx
Time=95000 | PC=32 | Instruction=xxxxxxxx | ALUResult=x | LEDs=xxxxxxxxxxxxxxxx
Time=105000 | PC=36 | Instruction=xxxxxxxx | ALUResult=x | LEDs=xxxxxxxxxxxxxxxx
Time=115000 | PC=40 | Instruction=xxxxxxxx | ALUResult=x | LEDs=xxxxxxxxxxxxxxxx
Time=125000 | PC=44 | Instruction=xxxxxxxx | ALUResult=x | LEDs=xxxxxxxxxxxxxxxx
Time=135000 | PC=48 | Instruction=xxxxxxxx | ALUResult=x | LEDs=xxxxxxxxxxxxxxxx
Time=145000 | PC=52 | Instruction=xxxxxxxx | ALUResult=x | LEDs=xxxxxxxxxxxxxxxx
Time=155000 | PC=56 | Instruction=xxxxxxxx | ALUResult=x | LEDs=xxxxxxxxxxxxxxxx
Time=165000 | PC=60 | Instruction=xxxxxxxx | ALUResult=x | LEDs=xxxxxxxxxxxxxxxx
Time=175000 | PC=64 | Instruction=xxxxxxxx | ALUResult=x | LEDs=xxxxxxxxxxxxxxxx
Time=185000 | PC=68 | Instruction=xxxxxxxx | ALUResult=x | LEDs=xxxxxxxxxxxxxxxx
Time=195000 | PC=72 | Instruction=xxxxxxxx | ALUResult=x | LEDs=xxxxxxxxxxxxxxxx
Time=205000 | PC=76 | Instruction=xxxxxxxx | ALUResult=x | LEDs=xxxxxxxxxxxxxxxx
Time=215000 | PC=80 | Instruction=xxxxxxxx | ALUResult=x | LEDs=xxxxxxxxxxxxxxxx
Time=225000 | PC=84 | Instruction=xxxxxxxx | ALUResult=x | LEDs=xxxxxxxxxxxxxxxx
Time=235000 | PC=88 | Instruction=xxxxxxxx | ALUResult=x | LEDs=xxxxxxxxxxxxxxxx
Time=245000 | PC=92 | Instruction=xxxxxxxx | ALUResult=x | LEDs=xxxxxxxxxxxxxxxx
Time=255000 | PC=96 | Instruction=xxxxxxxx | ALUResult=x | LEDs=xxxxxxxxxxxxxxxx
Time=265000 | PC=100 | Instruction=xxxxxxxx | ALUResult=x | LEDs=xxxxxxxxxxxxxxxx
Time=275000 | PC=104 | Instruction=xxxxxxxx | ALUResult=x | LEDs=xxxxxxxxxxxxxxxx
Time=285000 | PC=108 | Instruction=xxxxxxxx | ALUResult=x | LEDs=xxxxxxxxxxxxxxxx
Time=295000 | PC=112 | Instruction=xxxxxxxx | ALUResult=x | LEDs=xxxxxxxxxxxxxxxx
Time=305000 | PC=116 | Instruction=xxxxxxxx | ALUResult=x | LEDs=xxxxxxxxxxxxxxxx
Time=315000 | PC=120 | Instruction=xxxxxxxx | ALUResult=x | LEDs=xxxxxxxxxxxxxxxx
Time=325000 | PC=124 | Instruction=xxxxxxxx | ALUResult=x | LEDs=xxxxxxxxxxxxxxxx
Time=335000 | PC=128 | Instruction=xxxxxxxx | ALUResult=x | LEDs=xxxxxxxxxxxxxxxx
Time=345000 | PC=132 | Instruction=xxxxxxxx | ALUResult=x | LEDs=xxxxxxxxxxxxxxxx
Time=355000 | PC=136 | Instruction=xxxxxxxx | ALUResult=x | LEDs=xxxxxxxxxxxxxxxx
Time=365000 | PC=140 | Instruction=xxxxxxxx | ALUResult=x | LEDs=xxxxxxxxxxxxxxxx
Time=375000 | PC=144 | Instruction=xxxxxxxx | ALUResult=x | LEDs=xxxxxxxxxxxxxxxx
Time=385000 | PC=148 | Instruction=xxxxxxxx | ALUResult=x | LEDs=xxxxxxxxxxxxxxxx
Time=395000 | PC=152 | Instruction=xxxxxxxx | ALUResult=x | LEDs=xxxxxxxxxxxxxxxx
Time=405000 | PC=156 | Instruction=xxxxxxxx | ALUResult=x | LEDs=xxxxxxxxxxxxxxxx
Time=415000 | PC=160 | Instruction=xxxxxxxx | ALUResult=x | LEDs=xxxxxxxxxxxxxxxx
Time=425000 | PC=164 | Instruction=xxxxxxxx | ALUResult=x | LEDs=xxxxxxxxxxxxxxxx
Time=435000 | PC=168 | Instruction=xxxxxxxx | ALUResult=x | LEDs=xxxxxxxxxxxxxxxx
Time=445000 | PC=172 | Instruction=xxxxxxxx | ALUResult=x | LEDs=xxxxxxxxxxxxxxxx
Time=455000 | PC=176 | Instruction=xxxxxxxx | ALUResult=x | LEDs=xxxxxxxxxxxxxxxx
Time=465000 | PC=180 | Instruction=xxxxxxxx | ALUResult=x | LEDs=xxxxxxxxxxxxxxxx
Time=475000 | PC=184 | Instruction=xxxxxxxx | ALUResult=x | LEDs=xxxxxxxxxxxxxxxx
Time=485000 | PC=188 | Instruction=xxxxxxxx | ALUResult=x | LEDs=xxxxxxxxxxxxxxxx
Time=495000 | PC=192 | Instruction=xxxxxxxx | ALUResult=x | LEDs=xxxxxxxxxxxxxxxx
Time=505000 | PC=196 | Instruction=xxxxxxxx | ALUResult=x | LEDs=xxxxxxxxxxxxxxxx
Time=515000 | PC=200 | Instruction=xxxxxxxx | ALUResult=x | LEDs=xxxxxxxxxxxxxxxx
Time=525000 | PC=204 | Instruction=xxxxxxxx | ALUResult=x | LEDs=xxxxxxxxxxxxxxxx
Time=535000 | PC=208 | Instruction=xxxxxxxx | ALUResult=x | LEDs=xxxxxxxxxxxxxxxx
Time=545000 | PC=212 | Instruction=xxxxxxxx | ALUResult=x | LEDs=xxxxxxxxxxxxxxxx
Time=555000 | PC=216 | Instruction=xxxxxxxx | ALUResult=x | LEDs=xxxxxxxxxxxxxxxx
Time=565000 | PC=220 | Instruction=xxxxxxxx | ALUResult=x | LEDs=xxxxxxxxxxxxxxxx
Time=575000 | PC=224 | Instruction=xxxxxxxx | ALUResult=x | LEDs=xxxxxxxxxxxxxxxx
Time=585000 | PC=228 | Instruction=xxxxxxxx | ALUResult=x | LEDs=xxxxxxxxxxxxxxxx
Time=595000 | PC=232 | Instruction=xxxxxxxx | ALUResult=x | LEDs=xxxxxxxxxxxxxxxx
Time=605000 | PC=236 | Instruction=xxxxxxxx | ALUResult=x | LEDs=xxxxxxxxxxxxxxxx
Time=615000 | PC=240 | Instruction=xxxxxxxx | ALUResult=x | LEDs=xxxxxxxxxxxxxxxx
Time=625000 | PC=244 | Instruction=xxxxxxxx | ALUResult=x | LEDs=xxxxxxxxxxxxxxxx
Time=635000 | PC=248 | Instruction=xxxxxxxx | ALUResult=x | LEDs=xxxxxxxxxxxxxxxx
Time=645000 | PC=252 | Instruction=xxxxxxxx | ALUResult=x | LEDs=xxxxxxxxxxxxxxxx
Time=655000 | PC=256 | Instruction=xxxxxxxx | ALUResult=x | LEDs=xxxxxxxxxxxxxxxx
Time=665000 | PC=260 | Instruction=xxxxxxxx | ALUResult=x | LEDs=xxxxxxxxxxxxxxxx
Time=675000 | PC=264 | Instruction=xxxxxxxx | ALUResult=x | LEDs=xxxxxxxxxxxxxxxx
Time=685000 | PC=268 | Instruction=xxxxxxxx | ALUResult=x | LEDs=xxxxxxxxxxxxxxxx
Time=695000 | PC=272 | Instruction=xxxxxxxx | ALUResult=x | LEDs=xxxxxxxxxxxxxxxx
Time=705000 | PC=276 | Instruction=xxxxxxxx | ALUResult=x | LEDs=xxxxxxxxxxxxxxxx
Time=715000 | PC=280 | Instruction=xxxxxxxx | ALUResult=x | LEDs=xxxxxxxxxxxxxxxx
Time=725000 | PC=284 | Instruction=xxxxxxxx | ALUResult=x | LEDs=xxxxxxxxxxxxxxxx
Time=735000 | PC=288 | Instruction=xxxxxxxx | ALUResult=x | LEDs=xxxxxxxxxxxxxxxx
Time=745000 | PC=292 | Instruction=xxxxxxxx | ALUResult=x | LEDs=xxxxxxxxxxxxxxxx
Time=755000 | PC=296 | Instruction=xxxxxxxx | ALUResult=x | LEDs=xxxxxxxxxxxxxxxx
Time=765000 | PC=300 | Instruction=xxxxxxxx | ALUResult=x | LEDs=xxxxxxxxxxxxxxxx
Time=775000 | PC=304 | Instruction=xxxxxxxx | ALUResult=x | LEDs=xxxxxxxxxxxxxxxx
Time=785000 | PC=308 | Instruction=xxxxxxxx | ALUResult=x | LEDs=xxxxxxxxxxxxxxxx
Time=795000 | PC=312 | Instruction=xxxxxxxx | ALUResult=x | LEDs=xxxxxxxxxxxxxxxx
Time=805000 | PC=316 | Instruction=xxxxxxxx | ALUResult=x | LEDs=xxxxxxxxxxxxxxxx
Time=815000 | PC=320 | Instruction=xxxxxxxx | ALUResult=x | LEDs=xxxxxxxxxxxxxxxx
Time=825000 | PC=324 | Instruction=xxxxxxxx | ALUResult=x | LEDs=xxxxxxxxxxxxxxxx
Time=835000 | PC=328 | Instruction=xxxxxxxx | ALUResult=x | LEDs=xxxxxxxxxxxxxxxx
Time=845000 | PC=332 | Instruction=xxxxxxxx | ALUResult=x | LEDs=xxxxxxxxxxxxxxxx
Time=855000 | PC=336 | Instruction=xxxxxxxx | ALUResult=x | LEDs=xxxxxxxxxxxxxxxx
Time=865000 | PC=340 | Instruction=xxxxxxxx | ALUResult=x | LEDs=xxxxxxxxxxxxxxxx
Time=875000 | PC=344 | Instruction=xxxxxxxx | ALUResult=x | LEDs=xxxxxxxxxxxxxxxx
Time=885000 | PC=348 | Instruction=xxxxxxxx | ALUResult=x | LEDs=xxxxxxxxxxxxxxxx
Time=895000 | PC=352 | Instruction=xxxxxxxx | ALUResult=x | LEDs=xxxxxxxxxxxxxxxx
Time=905000 | PC=356 | Instruction=xxxxxxxx | ALUResult=x | LEDs=xxxxxxxxxxxxxxxx
Time=915000 | PC=360 | Instruction=xxxxxxxx | ALUResult=x | LEDs=xxxxxxxxxxxxxxxx
Time=925000 | PC=364 | Instruction=xxxxxxxx | ALUResult=x | LEDs=xxxxxxxxxxxxxxxx
Time=935000 | PC=368 | Instruction=xxxxxxxx | ALUResult=x | LEDs=xxxxxxxxxxxxxxxx
Time=945000 | PC=372 | Instruction=xxxxxxxx | ALUResult=x | LEDs=xxxxxxxxxxxxxxxx
Time=955000 | PC=376 | Instruction=xxxxxxxx | ALUResult=x | LEDs=xxxxxxxxxxxxxxxx
Time=965000 | PC=380 | Instruction=xxxxxxxx | ALUResult=x | LEDs=xxxxxxxxxxxxxxxx
Time=975000 | PC=384 | Instruction=xxxxxxxx | ALUResult=x | LEDs=xxxxxxxxxxxxxxxx
Time=985000 | PC=388 | Instruction=xxxxxxxx | ALUResult=x | LEDs=xxxxxxxxxxxxxxxx
Time=995000 | PC=392 | Instruction=xxxxxxxx | ALUResult=x | LEDs=xxxxxxxxxxxxxxxx
INFO: [USF-XSim-96] XSim completed. Design snapshot 'tb_TopLevelProcessor_behav' loaded.
INFO: [USF-XSim-97] XSim simulation ran for 1000ns
launch_simulation: Time (s): cpu = 00:00:03 ; elapsed = 00:00:05 . Memory (MB): peak = 1028.238 ; gain = 0.000
close_sim
INFO: [Simtcl 6-16] Simulation closed
reset_run synth_1
launch_runs impl_1 -jobs 6
[Sun Apr 19 21:00:38 2026] Launched synth_1...
Run output will be captured here: C:/Users/tau/Documents/Labs-CA-T1/LAB11/lab11.runs/synth_1/runme.log
[Sun Apr 19 21:00:39 2026] Launched impl_1...
Run output will be captured here: C:/Users/tau/Documents/Labs-CA-T1/LAB11/lab11.runs/impl_1/runme.log
open_run impl_1
INFO: [Device 21-403] Loading part xc7a35tcpg236-1
Netlist sorting complete. Time (s): cpu = 00:00:00 ; elapsed = 00:00:00 . Memory (MB): peak = 1262.062 ; gain = 0.000
INFO: [Netlist 29-17] Analyzing 8 Unisim elements for replacement
INFO: [Netlist 29-28] Unisim Transformation completed in 0 CPU seconds
INFO: [Project 1-479] Netlist was created with Vivado 2020.1
INFO: [Project 1-570] Preparing netlist for logic optimization
INFO: [Timing 38-478] Restoring timing data from binary archive.
INFO: [Timing 38-479] Binary timing data restore complete.
INFO: [Project 1-856] Restoring constraints from binary archive.
INFO: [Project 1-853] Binary constraint restore complete.
Reading XDEF placement.
Reading placer database...
Reading XDEF routing.
Read XDEF File: Time (s): cpu = 00:00:00 ; elapsed = 00:00:00.037 . Memory (MB): peak = 1904.035 ; gain = 0.000
Restored from archive | CPU: 0.000000 secs | Memory: 0.000000 MB |
Finished XDEF File Restore: Time (s): cpu = 00:00:00 ; elapsed = 00:00:00.038 . Memory (MB): peak = 1904.035 ; gain = 0.000
Netlist sorting complete. Time (s): cpu = 00:00:00 ; elapsed = 00:00:00 . Memory (MB): peak = 1904.035 ; gain = 0.000
INFO: [Project 1-111] Unisim Transformation Summary:
No Unisim elements were transformed.

open_run: Time (s): cpu = 00:00:23 ; elapsed = 00:00:20 . Memory (MB): peak = 2009.457 ; gain = 981.219
report_utilization -name utilization_1
reset_run synth_1
launch_runs impl_1 -jobs 6
[Sun Apr 19 21:06:29 2026] Launched synth_1...
Run output will be captured here: C:/Users/tau/Documents/Labs-CA-T1/LAB11/lab11.runs/synth_1/runme.log
[Sun Apr 19 21:06:29 2026] Launched impl_1...
Run output will be captured here: C:/Users/tau/Documents/Labs-CA-T1/LAB11/lab11.runs/impl_1/runme.log
report_utilization -name utilization_2
close_design
open_run impl_1
Netlist sorting complete. Time (s): cpu = 00:00:00 ; elapsed = 00:00:00 . Memory (MB): peak = 2228.227 ; gain = 0.000
INFO: [Netlist 29-17] Analyzing 8 Unisim elements for replacement
INFO: [Netlist 29-28] Unisim Transformation completed in 0 CPU seconds
INFO: [Project 1-479] Netlist was created with Vivado 2020.1
INFO: [Project 1-570] Preparing netlist for logic optimization
INFO: [Timing 38-478] Restoring timing data from binary archive.
INFO: [Timing 38-479] Binary timing data restore complete.
INFO: [Project 1-856] Restoring constraints from binary archive.
INFO: [Project 1-853] Binary constraint restore complete.
Reading XDEF placement.
Reading placer database...
Reading XDEF routing.
Read XDEF File: Time (s): cpu = 00:00:00 ; elapsed = 00:00:00.037 . Memory (MB): peak = 2228.227 ; gain = 0.000
Restored from archive | CPU: 0.000000 secs | Memory: 0.000000 MB |
Finished XDEF File Restore: Time (s): cpu = 00:00:00 ; elapsed = 00:00:00.037 . Memory (MB): peak = 2228.227 ; gain = 0.000
Netlist sorting complete. Time (s): cpu = 00:00:00 ; elapsed = 00:00:00 . Memory (MB): peak = 2228.227 ; gain = 0.000
INFO: [Project 1-111] Unisim Transformation Summary:
No Unisim elements were transformed.

report_utilization -name utilization_1
report_utilization -name utilization_2
exit
INFO: [Common 17-206] Exiting Vivado at Sun Apr 19 21:17:42 2026...
