#-----------------------------------------------------------
# Vivado v2020.1 (64-bit)
# SW Build 2902540 on Wed May 27 19:54:49 MDT 2020
# IP Build 2902112 on Wed May 27 22:43:36 MDT 2020
# Start of session at: Wed Apr 29 13:57:36 2026
# Process ID: 14988
# Current directory: C:/Users/ha10609/Downloads/CA-Labs-T1/TopProcessor
# Command line: vivado.exe -gui_launcher_event rodinguilauncherevent8256 C:\Users\ha10609\Downloads\CA-Labs-T1\TopProcessor\lab11.xpr
# Log file: C:/Users/ha10609/Downloads/CA-Labs-T1/TopProcessor/vivado.log
# Journal file: C:/Users/ha10609/Downloads/CA-Labs-T1/TopProcessor\vivado.jou
#-----------------------------------------------------------
start_gui
open_project C:/Users/ha10609/Downloads/CA-Labs-T1/TopProcessor/lab11.xpr
Scanning sources...
Finished scanning sources
INFO: [IP_Flow 19-234] Refreshing IP repositories
INFO: [IP_Flow 19-1704] No user IP repositories specified
INFO: [IP_Flow 19-2313] Loaded Vivado IP repository 'C:/Xilinx/Vivado/2020.1/data/ip'.
update_compile_order -fileset sources_1
launch_runs synth_1 -jobs 7
[Wed Apr 29 13:58:16 2026] Launched synth_1...
Run output will be captured here: C:/Users/ha10609/Downloads/CA-Labs-T1/TopProcessor/lab11.runs/synth_1/runme.log
launch_runs synth_1_copy_1 -jobs 7
[Wed Apr 29 13:59:28 2026] Launched synth_1_copy_1...
Run output will be captured here: C:/Users/ha10609/Downloads/CA-Labs-T1/TopProcessor/lab11.runs/synth_1_copy_1/runme.log
reset_run synth_1
reset_run synth_1_copy_1
set_property top TopModule [get_filesets sim_1]
set_property top_lib xil_defaultlib [get_filesets sim_1]
update_compile_order -fileset sim_1
launch_runs synth_1 -jobs 7
[Wed Apr 29 14:01:54 2026] Launched synth_1...
Run output will be captured here: C:/Users/ha10609/Downloads/CA-Labs-T1/TopProcessor/lab11.runs/synth_1/runme.log
add_files -norecurse {C:/Users/ha10609/Downloads/CA-Labs-T1/TopProcessor/lab11.sim/sim_1/behav/xsim/instructions_task2.mem C:/Users/ha10609/Downloads/CA-Labs-T1/TopProcessor/lab11.sim/sim_1/behav/xsim/instructions_task3.mem C:/Users/ha10609/Downloads/CA-Labs-T1/TopProcessor/lab11.sim/sim_1/behav/xsim/instructions_task1.mem}
add_files -norecurse {C:/Users/ha10609/Downloads/CA-Labs-T1/TopProcessor/lab11.sim/sim_1/behav/xsim/instructions_task2.mem C:/Users/ha10609/Downloads/CA-Labs-T1/TopProcessor/lab11.sim/sim_1/behav/xsim/instructions_task3.mem C:/Users/ha10609/Downloads/CA-Labs-T1/TopProcessor/lab11.sim/sim_1/behav/xsim/instructions_task1.mem}
WARNING: [filemgmt 56-12] File 'C:/Users/ha10609/Downloads/CA-Labs-T1/TopProcessor/lab11.sim/sim_1/behav/xsim/instructions_task2.mem' cannot be added to the project because it already exists in the project, skipping this file
WARNING: [filemgmt 56-12] File 'C:/Users/ha10609/Downloads/CA-Labs-T1/TopProcessor/lab11.sim/sim_1/behav/xsim/instructions_task3.mem' cannot be added to the project because it already exists in the project, skipping this file
WARNING: [filemgmt 56-12] File 'C:/Users/ha10609/Downloads/CA-Labs-T1/TopProcessor/lab11.sim/sim_1/behav/xsim/instructions_task1.mem' cannot be added to the project because it already exists in the project, skipping this file
export_ip_user_files -of_objects  [get_files C:/Users/ha10609/Downloads/CA-Labs-T1/TopProcessor/lab11.sim/sim_1/behav/xsim/instructions_task2.mem] -no_script -reset -force -quiet
remove_files  C:/Users/ha10609/Downloads/CA-Labs-T1/TopProcessor/lab11.sim/sim_1/behav/xsim/instructions_task2.mem
export_ip_user_files -of_objects  [get_files C:/Users/ha10609/Downloads/CA-Labs-T1/TopProcessor/lab11.srcs/sim_1/new/instructions_task1.mem] -no_script -reset -force -quiet
remove_files  -fileset sim_1 C:/Users/ha10609/Downloads/CA-Labs-T1/TopProcessor/lab11.srcs/sim_1/new/instructions_task1.mem
export_ip_user_files -of_objects  [get_files C:/Users/ha10609/Downloads/CA-Labs-T1/TopProcessor/lab11.sim/sim_1/behav/xsim/instructions_task3.mem] -no_script -reset -force -quiet
remove_files  C:/Users/ha10609/Downloads/CA-Labs-T1/TopProcessor/lab11.sim/sim_1/behav/xsim/instructions_task3.mem
add_files -norecurse C:/Users/ha10609/Downloads/CA-Labs-T1/TopProcessor/lab11.sim/sim_1/behav/xsim/instructions_task2.mem
add_files -norecurse C:/Users/ha10609/Downloads/CA-Labs-T1/TopProcessor/lab11.sim/sim_1/behav/xsim/instructions_task3.mem
export_ip_user_files -of_objects  [get_files C:/Users/ha10609/Downloads/CA-Labs-T1/TopProcessor/lab11.srcs/sim_1/new/instructions_task2.mem] -no_script -reset -force -quiet
remove_files  -fileset sim_1 C:/Users/ha10609/Downloads/CA-Labs-T1/TopProcessor/lab11.srcs/sim_1/new/instructions_task2.mem
export_ip_user_files -of_objects  [get_files C:/Users/ha10609/Downloads/CA-Labs-T1/TopProcessor/lab11.sim/sim_1/behav/xsim/instructions_task3.mem] -no_script -reset -force -quiet
remove_files  C:/Users/ha10609/Downloads/CA-Labs-T1/TopProcessor/lab11.sim/sim_1/behav/xsim/instructions_task3.mem
add_files -norecurse C:/Users/ha10609/Downloads/CA-Labs-T1/TopProcessor/lab11.sim/sim_1/behav/xsim/instructions_task3.mem
export_ip_user_files -of_objects  [get_files C:/Users/ha10609/Downloads/CA-Labs-T1/TopProcessor/lab11.srcs/sim_1/new/instructions_task3.mem] -no_script -reset -force -quiet
remove_files  -fileset sim_1 C:/Users/ha10609/Downloads/CA-Labs-T1/TopProcessor/lab11.srcs/sim_1/new/instructions_task3.mem
reset_run synth_1
WARNING: [Vivado 12-1017] Problems encountered:
1. Failed to delete one or more files in run directory C:/Users/ha10609/Downloads/CA-Labs-T1/TopProcessor/lab11.runs/synth_1

exit
INFO: [Common 17-206] Exiting Vivado at Wed Apr 29 14:09:37 2026...
