#-----------------------------------------------------------
# Vivado v2020.1 (64-bit)
# SW Build 2902540 on Wed May 27 19:54:49 MDT 2020
# IP Build 2902112 on Wed May 27 22:43:36 MDT 2020
# Start of session at: Wed Apr 29 12:40:37 2026
# Process ID: 16148
# Current directory: C:/Users/ha10609/Downloads/CA-Labs-T1/TopProcessor
# Command line: vivado.exe -gui_launcher_event rodinguilauncherevent13308 C:\Users\ha10609\Downloads\CA-Labs-T1\TopProcessor\lab11.xpr
# Log file: C:/Users/ha10609/Downloads/CA-Labs-T1/TopProcessor/vivado.log
# Journal file: C:/Users/ha10609/Downloads/CA-Labs-T1/TopProcessor\vivado.jou
#-----------------------------------------------------------
start_gui
open_project C:/Users/ha10609/Downloads/CA-Labs-T1/TopProcessor/lab11.xpr
update_compile_order -fileset sources_1
close [ open C:/Users/ha10609/Downloads/CA-Labs-T1/TopProcessor/lab11.srcs/sources_1/new/clockdivider.v w ]
add_files C:/Users/ha10609/Downloads/CA-Labs-T1/TopProcessor/lab11.srcs/sources_1/new/clockdivider.v
update_compile_order -fileset sources_1
close [ open C:/Users/ha10609/Downloads/CA-Labs-T1/TopProcessor/lab11.srcs/sources_1/new/top_module.v w ]
add_files C:/Users/ha10609/Downloads/CA-Labs-T1/TopProcessor/lab11.srcs/sources_1/new/top_module.v
update_compile_order -fileset sources_1
update_compile_order -fileset sources_1
# Disabling source management mode.  This is to allow the top design properties to be set without GUI intervention.
set_property source_mgmt_mode None [current_project]
set_property top tb_countdown [get_filesets sim_1]
set_property top_lib xil_defaultlib [get_filesets sim_1]
# Re-enabling previously disabled source management mode.
set_property source_mgmt_mode All [current_project]
update_compile_order -fileset sim_1
launch_simulation
source tb_countdown.tcl
launch_runs synth_1 -jobs 7
wait_on_run synth_1
reset_run synth_1
# Disabling source management mode.  This is to allow the top design properties to be set without GUI intervention.
set_property source_mgmt_mode None [current_project]
set_property top TopModule [get_filesets sim_1]
set_property top_lib xil_defaultlib [get_filesets sim_1]
# Re-enabling previously disabled source management mode.
set_property source_mgmt_mode All [current_project]
update_compile_order -fileset sim_1
# Disabling source management mode.  This is to allow the top design properties to be set without GUI intervention.
set_property source_mgmt_mode None [current_project]
set_property top tb_countdown [get_filesets sim_1]
set_property top_lib xil_defaultlib [get_filesets sim_1]
# Re-enabling previously disabled source management mode.
set_property source_mgmt_mode All [current_project]
update_compile_order -fileset sim_1
launch_runs synth_1 -jobs 7
wait_on_run synth_1
reset_run synth_1
launch_runs synth_1 -jobs 7
wait_on_run synth_1
close_sim
reset_run synth_1
launch_runs synth_1 -jobs 7
wait_on_run synth_1
reset_run synth_1
launch_runs impl_1 -to_step write_bitstream -jobs 7
wait_on_run impl_1
reset_run impl_1
reset_run synth_1
