#-----------------------------------------------------------
# Vivado v2020.1 (64-bit)
# SW Build 2902540 on Wed May 27 19:54:49 MDT 2020
# IP Build 2902112 on Wed May 27 22:43:36 MDT 2020
# Start of session at: Sun Apr 19 19:34:19 2026
# Process ID: 6992
# Current directory: C:/Users/tau/Documents/Labs-CA-T1/LAB11
# Command line: vivado.exe -gui_launcher_event rodinguilauncherevent7456 C:\Users\tau\Documents\Labs-CA-T1\LAB11\lab11.xpr
# Log file: C:/Users/tau/Documents/Labs-CA-T1/LAB11/vivado.log
# Journal file: C:/Users/tau/Documents/Labs-CA-T1/LAB11\vivado.jou
#-----------------------------------------------------------
start_gui
open_project C:/Users/tau/Documents/Labs-CA-T1/LAB11/lab11.xpr
Scanning sources...
Finished scanning sources
INFO: [IP_Flow 19-234] Refreshing IP repositories
INFO: [IP_Flow 19-1704] No user IP repositories specified
INFO: [IP_Flow 19-2313] Loaded Vivado IP repository 'C:/Xilinx/Vivado/2020.1/data/ip'.
update_compile_order -fileset sources_1
reset_run synth_1
launch_runs synth_1 -jobs 6
[Sun Apr 19 19:34:47 2026] Launched synth_1...
Run output will be captured here: C:/Users/tau/Documents/Labs-CA-T1/LAB11/lab11.runs/synth_1/runme.log
open_run synth_1 -name synth_1
Design is defaulting to impl run constrset: constrs_1
Design is defaulting to synth run part: xc7a35tcpg236-1
INFO: [Device 21-403] Loading part xc7a35tcpg236-1
Netlist sorting complete. Time (s): cpu = 00:00:00 ; elapsed = 00:00:00 . Memory (MB): peak = 1348.371 ; gain = 0.000
INFO: [Project 1-479] Netlist was created with Vivado 2020.1
INFO: [Project 1-570] Preparing netlist for logic optimization
INFO: [Opt 31-138] Pushed 0 inverter(s) to 0 load pin(s).
Netlist sorting complete. Time (s): cpu = 00:00:00 ; elapsed = 00:00:00 . Memory (MB): peak = 1348.371 ; gain = 0.000
INFO: [Project 1-111] Unisim Transformation Summary:
No Unisim elements were transformed.

open_run: Time (s): cpu = 00:00:13 ; elapsed = 00:00:09 . Memory (MB): peak = 1423.316 ; gain = 326.051
report_utilization -name utilization_1
report_methodology -name ultrafast_methodology_1 -checks {PDRC-204 PDRC-190 TIMING-53 TIMING-52 TIMING-51 TIMING-50 TIMING-49 TIMING-48 TIMING-47 TIMING-46 TIMING-45 TIMING-44 TIMING-43 TIMING-42 TIMING-41 TIMING-40 TIMING-39 TIMING-38 TIMING-37 TIMING-36 TIMING-35 TIMING-34 TIMING-33 TIMING-32 TIMING-31 TIMING-30 TIMING-29 TIMING-28 TIMING-27 TIMING-26 TIMING-25 TIMING-24 TIMING-23 TIMING-22 TIMING-21 TIMING-20 TIMING-19 TIMING-18 TIMING-17 TIMING-16 TIMING-15 TIMING-14 TIMING-13 TIMING-12 TIMING-11 TIMING-10 TIMING-9 TIMING-8 TIMING-7 TIMING-6 TIMING-5 TIMING-4 TIMING-3 TIMING-2 TIMING-1 ULMTCS-2 ULMTCS-1 XDCV-2 XDCV-1 XDCH-2 XDCH-1 XDCC-8 XDCC-7 XDCC-6 XDCC-5 XDCC-4 XDCC-3 XDCC-2 XDCC-1 XDCB-6 XDCB-5 XDCB-4 XDCB-3 XDCB-2 XDCB-1 CLKC-77 CLKC-76 CLKC-54 CLKC-53 CLKC-78 CLKC-9 CLKC-5 CLKC-38 CLKC-37 CLKC-36 CLKC-35 CLKC-4 CLKC-18 CLKC-3 CLKC-2 CLKC-1 HPDR-1 DPIR-1 SYNTH-14 SYNTH-13 SYNTH-12 SYNTH-11 SYNTH-10 SYNTH-9 SYNTH-16 SYNTH-15 SYNTH-6 SYNTH-5 SYNTH-4}
Command: report_methodology -name ultrafast_methodology_1 -checks {PDRC-204 PDRC-190 TIMING-53 TIMING-52 TIMING-51 TIMING-50 TIMING-49 TIMING-48 TIMING-47 TIMING-46 TIMING-45 TIMING-44 TIMING-43 TIMING-42 TIMING-41 TIMING-40 TIMING-39 TIMING-38 TIMING-37 TIMING-36 TIMING-35 TIMING-34 TIMING-33 TIMING-32 TIMING-31 TIMING-30 TIMING-29 TIMING-28 TIMING-27 TIMING-26 TIMING-25 TIMING-24 TIMING-23 TIMING-22 TIMING-21 TIMING-20 TIMING-19 TIMING-18 TIMING-17 TIMING-16 TIMING-15 TIMING-14 TIMING-13 TIMING-12 TIMING-11 TIMING-10 TIMING-9 TIMING-8 TIMING-7 TIMING-6 TIMING-5 TIMING-4 TIMING-3 TIMING-2 TIMING-1 ULMTCS-2 ULMTCS-1 XDCV-2 XDCV-1 XDCH-2 XDCH-1 XDCC-8 XDCC-7 XDCC-6 XDCC-5 XDCC-4 XDCC-3 XDCC-2 XDCC-1 XDCB-6 XDCB-5 XDCB-4 XDCB-3 XDCB-2 XDCB-1 CLKC-77 CLKC-76 CLKC-54 CLKC-53 CLKC-78 CLKC-9 CLKC-5 CLKC-38 CLKC-37 CLKC-36 CLKC-35 CLKC-4 CLKC-18 CLKC-3 CLKC-2 CLKC-1 HPDR-1 DPIR-1 SYNTH-14 SYNTH-13 SYNTH-12 SYNTH-11 SYNTH-10 SYNTH-9 SYNTH-16 SYNTH-15 SYNTH-6 SYNTH-5 SYNTH-4}
INFO: [Timing 38-35] Done setting XDC timing constraints.
INFO: [DRC 23-133] Running Methodology with 2 threads
report_methodology completed successfully
report_utilization -name utilization_2
report_timing_summary -delay_type min_max -report_unconstrained -check_timing_verbose -max_paths 10 -input_pins -routable_nets -name timing_1
INFO: [Timing 38-35] Done setting XDC timing constraints.
INFO: [Timing 38-91] UpdateTimingParams: Speed grade: -1, Delay Type: min_max.
INFO: [Timing 38-191] Multithreading enabled for timing update using a maximum of 2 CPUs
report_utilization -name utilization_3
launch_runs impl_1 -jobs 6
WARNING: [Constraints 18-5210] No constraints selected for write.
Resolution: This message can indicate that there are no constraints for the design, or it can indicate that the used_in flags are set such that the constraints are ignored. This later case is used when running synth_design to not write synthesis constraints to the resulting checkpoint. Instead, project constraints are read when the synthesized design is opened.
[Sun Apr 19 19:42:37 2026] Launched impl_1...
Run output will be captured here: C:/Users/tau/Documents/Labs-CA-T1/LAB11/lab11.runs/impl_1/runme.log
file mkdir C:/Users/tau/Documents/Labs-CA-T1/LAB11/lab11.srcs/constrs_1
file mkdir C:/Users/tau/Documents/Labs-CA-T1/LAB11/lab11.srcs/constrs_1/new
close [ open C:/Users/tau/Documents/Labs-CA-T1/LAB11/lab11.srcs/constrs_1/new/const.xdc w ]
add_files -fileset constrs_1 C:/Users/tau/Documents/Labs-CA-T1/LAB11/lab11.srcs/constrs_1/new/const.xdc
close_design
reset_run synth_1
launch_runs impl_1 -jobs 6
[Sun Apr 19 19:49:54 2026] Launched synth_1...
Run output will be captured here: C:/Users/tau/Documents/Labs-CA-T1/LAB11/lab11.runs/synth_1/runme.log
[Sun Apr 19 19:49:55 2026] Launched impl_1...
Run output will be captured here: C:/Users/tau/Documents/Labs-CA-T1/LAB11/lab11.runs/impl_1/runme.log
open_run impl_1
Netlist sorting complete. Time (s): cpu = 00:00:00 ; elapsed = 00:00:00.001 . Memory (MB): peak = 2071.562 ; gain = 0.000
INFO: [Netlist 29-17] Analyzing 8 Unisim elements for replacement
INFO: [Netlist 29-28] Unisim Transformation completed in 0 CPU seconds
INFO: [Project 1-479] Netlist was created with Vivado 2020.1
INFO: [Project 1-570] Preparing netlist for logic optimization
INFO: [Timing 38-478] Restoring timing data from binary archive.
INFO: [Timing 38-479] Binary timing data restore complete.
INFO: [Project 1-856] Restoring constraints from binary archive.
INFO: [Project 1-853] Binary constraint restore complete.
Reading XDEF placement.
Reading placer database...
Reading XDEF routing.
Read XDEF File: Time (s): cpu = 00:00:00 ; elapsed = 00:00:00.036 . Memory (MB): peak = 2071.562 ; gain = 0.000
Restored from archive | CPU: 0.000000 secs | Memory: 0.000000 MB |
Finished XDEF File Restore: Time (s): cpu = 00:00:00 ; elapsed = 00:00:00.037 . Memory (MB): peak = 2071.562 ; gain = 0.000
Netlist sorting complete. Time (s): cpu = 00:00:00 ; elapsed = 00:00:00 . Memory (MB): peak = 2071.562 ; gain = 0.000
INFO: [Project 1-111] Unisim Transformation Summary:
No Unisim elements were transformed.

open_run synth_1 -name synth_1
Design is defaulting to impl run constrset: constrs_1
Design is defaulting to synth run part: xc7a35tcpg236-1
Netlist sorting complete. Time (s): cpu = 00:00:00 ; elapsed = 00:00:00.001 . Memory (MB): peak = 2126.914 ; gain = 0.000
INFO: [Netlist 29-17] Analyzing 8 Unisim elements for replacement
INFO: [Netlist 29-28] Unisim Transformation completed in 0 CPU seconds
INFO: [Project 1-479] Netlist was created with Vivado 2020.1
INFO: [Project 1-570] Preparing netlist for logic optimization
Parsing XDC File [C:/Users/tau/Documents/Labs-CA-T1/LAB11/lab11.srcs/constrs_1/new/const.xdc]
Finished Parsing XDC File [C:/Users/tau/Documents/Labs-CA-T1/LAB11/lab11.srcs/constrs_1/new/const.xdc]
INFO: [Opt 31-138] Pushed 0 inverter(s) to 0 load pin(s).
Netlist sorting complete. Time (s): cpu = 00:00:00 ; elapsed = 00:00:00 . Memory (MB): peak = 2202.914 ; gain = 0.000
INFO: [Project 1-111] Unisim Transformation Summary:
No Unisim elements were transformed.

report_utilization -name utilization_1
close_design
set_property SOURCE_SET sources_1 [get_filesets sim_1]
close [ open C:/Users/tau/Documents/Labs-CA-T1/LAB11/lab11.srcs/sim_1/new/toptb.v w ]
add_files -fileset sim_1 C:/Users/tau/Documents/Labs-CA-T1/LAB11/lab11.srcs/sim_1/new/toptb.v
update_compile_order -fileset sim_1
set_property top tb_TopLevelProcessor [get_filesets sim_1]
set_property top_lib xil_defaultlib [get_filesets sim_1]
update_compile_order -fileset sim_1
launch_simulation
Command: launch_simulation 
INFO: [Vivado 12-5682] Launching behavioral simulation in 'C:/Users/tau/Documents/Labs-CA-T1/LAB11/lab11.sim/sim_1/behav/xsim'
INFO: [SIM-utils-51] Simulation object is 'sim_1'
INFO: [SIM-utils-54] Inspecting design source files for 'tb_TopLevelProcessor' in fileset 'sim_1'...
INFO: [USF-XSim-97] Finding global include files...
INFO: [USF-XSim-98] Fetching design files from 'sim_1'...
INFO: [USF-XSim-2] XSim::Compile design
INFO: [USF-XSim-61] Executing 'COMPILE and ANALYZE' step in 'C:/Users/tau/Documents/Labs-CA-T1/LAB11/lab11.sim/sim_1/behav/xsim'
"xvlog --incr --relax -prj tb_TopLevelProcessor_vlog.prj"
INFO: [VRFC 10-2263] Analyzing Verilog file "C:/Users/tau/Documents/Labs-CA-T1/LAB11/lab11.srcs/sim_1/new/toptb.v" into library xil_defaultlib
INFO: [VRFC 10-311] analyzing module tb_TopLevelProcessor
INFO: [VRFC 10-2263] Analyzing Verilog file "C:/Users/tau/Documents/Labs-CA-T1/LAB11/lab11.sim/sim_1/behav/xsim/glbl.v" into library xil_defaultlib
INFO: [VRFC 10-311] analyzing module glbl
INFO: [USF-XSim-69] 'compile' step finished in '2' seconds
INFO: [USF-XSim-3] XSim::Elaborate design
INFO: [USF-XSim-61] Executing 'ELABORATE' step in 'C:/Users/tau/Documents/Labs-CA-T1/LAB11/lab11.sim/sim_1/behav/xsim'
"xelab -wto f8d01134f7dc4a89acf0d8e4e2a22205 --incr --debug typical --relax --mt 2 -L xil_defaultlib -L unisims_ver -L unimacro_ver -L secureip --snapshot tb_TopLevelProcessor_behav xil_defaultlib.tb_TopLevelProcessor xil_defaultlib.glbl -log elaborate.log"
Vivado Simulator 2020.1
Copyright 1986-1999, 2001-2020 Xilinx, Inc. All Rights Reserved.
Running: C:/Xilinx/Vivado/2020.1/bin/unwrapped/win64.o/xelab.exe -wto f8d01134f7dc4a89acf0d8e4e2a22205 --incr --debug typical --relax --mt 2 -L xil_defaultlib -L unisims_ver -L unimacro_ver -L secureip --snapshot tb_TopLevelProcessor_behav xil_defaultlib.tb_TopLevelProcessor xil_defaultlib.glbl -log elaborate.log 
Using 2 slave threads.
Starting static elaboration
Pass Through NonSizing Optimizer
ERROR: [VRFC 10-2063] Module <TopLevelProcessor> not found while processing module instance <uut> [C:/Users/tau/Documents/Labs-CA-T1/LAB11/lab11.srcs/sim_1/new/toptb.v:34]
ERROR: [XSIM 43-3322] Static elaboration of top level Verilog design unit(s) in library work failed.
INFO: [USF-XSim-69] 'elaborate' step finished in '2' seconds
INFO: [USF-XSim-99] Step results log file:'C:/Users/tau/Documents/Labs-CA-T1/LAB11/lab11.sim/sim_1/behav/xsim/elaborate.log'
ERROR: [USF-XSim-62] 'elaborate' step failed with error(s). Please check the Tcl console output or 'C:/Users/tau/Documents/Labs-CA-T1/LAB11/lab11.sim/sim_1/behav/xsim/elaborate.log' file for more information.
ERROR: [Vivado 12-4473] Detected error while running simulation. Please correct the issue and retry this operation.
ERROR: [Common 17-39] 'launch_simulation' failed due to earlier errors.
reset_run synth_1
launch_runs synth_1 -jobs 6
[Sun Apr 19 20:11:02 2026] Launched synth_1...
Run output will be captured here: C:/Users/tau/Documents/Labs-CA-T1/LAB11/lab11.runs/synth_1/runme.log
close_design
reset_run synth_1
launch_runs synth_1 -jobs 6
[Sun Apr 19 20:13:49 2026] Launched synth_1...
Run output will be captured here: C:/Users/tau/Documents/Labs-CA-T1/LAB11/lab11.runs/synth_1/runme.log
launch_simulation
Command: launch_simulation 
INFO: [Vivado 12-5682] Launching behavioral simulation in 'C:/Users/tau/Documents/Labs-CA-T1/LAB11/lab11.sim/sim_1/behav/xsim'
INFO: [SIM-utils-51] Simulation object is 'sim_1'
INFO: [SIM-utils-54] Inspecting design source files for 'tb_TopLevelProcessor' in fileset 'sim_1'...
INFO: [USF-XSim-97] Finding global include files...
INFO: [USF-XSim-98] Fetching design files from 'sim_1'...
INFO: [USF-XSim-2] XSim::Compile design
INFO: [USF-XSim-61] Executing 'COMPILE and ANALYZE' step in 'C:/Users/tau/Documents/Labs-CA-T1/LAB11/lab11.sim/sim_1/behav/xsim'
"xvlog --incr --relax -prj tb_TopLevelProcessor_vlog.prj"
INFO: [USF-XSim-69] 'compile' step finished in '1' seconds
INFO: [USF-XSim-3] XSim::Elaborate design
INFO: [USF-XSim-61] Executing 'ELABORATE' step in 'C:/Users/tau/Documents/Labs-CA-T1/LAB11/lab11.sim/sim_1/behav/xsim'
"xelab -wto f8d01134f7dc4a89acf0d8e4e2a22205 --incr --debug typical --relax --mt 2 -L xil_defaultlib -L unisims_ver -L unimacro_ver -L secureip --snapshot tb_TopLevelProcessor_behav xil_defaultlib.tb_TopLevelProcessor xil_defaultlib.glbl -log elaborate.log"
Vivado Simulator 2020.1
Copyright 1986-1999, 2001-2020 Xilinx, Inc. All Rights Reserved.
Running: C:/Xilinx/Vivado/2020.1/bin/unwrapped/win64.o/xelab.exe -wto f8d01134f7dc4a89acf0d8e4e2a22205 --incr --debug typical --relax --mt 2 -L xil_defaultlib -L unisims_ver -L unimacro_ver -L secureip --snapshot tb_TopLevelProcessor_behav xil_defaultlib.tb_TopLevelProcessor xil_defaultlib.glbl -log elaborate.log 
Using 2 slave threads.
Starting static elaboration
Pass Through NonSizing Optimizer
ERROR: [VRFC 10-2063] Module <TopLevelProcessor> not found while processing module instance <uut> [C:/Users/tau/Documents/Labs-CA-T1/LAB11/lab11.srcs/sim_1/new/toptb.v:34]
ERROR: [XSIM 43-3322] Static elaboration of top level Verilog design unit(s) in library work failed.
INFO: [USF-XSim-69] 'elaborate' step finished in '2' seconds
INFO: [USF-XSim-99] Step results log file:'C:/Users/tau/Documents/Labs-CA-T1/LAB11/lab11.sim/sim_1/behav/xsim/elaborate.log'
ERROR: [USF-XSim-62] 'elaborate' step failed with error(s). Please check the Tcl console output or 'C:/Users/tau/Documents/Labs-CA-T1/LAB11/lab11.sim/sim_1/behav/xsim/elaborate.log' file for more information.
ERROR: [Vivado 12-4473] Detected error while running simulation. Please correct the issue and retry this operation.
ERROR: [Common 17-39] 'launch_simulation' failed due to earlier errors.
launch_simulation
Command: launch_simulation 
INFO: [Vivado 12-5682] Launching behavioral simulation in 'C:/Users/tau/Documents/Labs-CA-T1/LAB11/lab11.sim/sim_1/behav/xsim'
INFO: [SIM-utils-51] Simulation object is 'sim_1'
INFO: [SIM-utils-54] Inspecting design source files for 'tb_TopLevelProcessor' in fileset 'sim_1'...
INFO: [USF-XSim-97] Finding global include files...
INFO: [USF-XSim-98] Fetching design files from 'sim_1'...
INFO: [USF-XSim-2] XSim::Compile design
INFO: [USF-XSim-61] Executing 'COMPILE and ANALYZE' step in 'C:/Users/tau/Documents/Labs-CA-T1/LAB11/lab11.sim/sim_1/behav/xsim'
"xvlog --incr --relax -prj tb_TopLevelProcessor_vlog.prj"
INFO: [VRFC 10-2263] Analyzing Verilog file "C:/Users/tau/Documents/Labs-CA-T1/LAB11/lab11.srcs/sources_1/new/2_MUX.v" into library xil_defaultlib
INFO: [VRFC 10-311] analyzing module branch_MUX
INFO: [VRFC 10-2263] Analyzing Verilog file "C:/Users/tau/Documents/Labs-CA-T1/LAB11/lab11.srcs/sources_1/new/ALU.v" into library xil_defaultlib
INFO: [VRFC 10-311] analyzing module ALU
INFO: [VRFC 10-2263] Analyzing Verilog file "C:/Users/tau/Documents/Labs-CA-T1/LAB11/lab11.srcs/sources_1/new/ALUControl.v" into library xil_defaultlib
INFO: [VRFC 10-311] analyzing module ALUControl
INFO: [VRFC 10-2263] Analyzing Verilog file "C:/Users/tau/Documents/Labs-CA-T1/LAB11/lab11.srcs/sources_1/new/BranchAdd.v" into library xil_defaultlib
INFO: [VRFC 10-311] analyzing module BranchAdd
INFO: [VRFC 10-2263] Analyzing Verilog file "C:/Users/tau/Documents/Labs-CA-T1/LAB11/lab11.srcs/sources_1/new/DataMemory.v" into library xil_defaultlib
INFO: [VRFC 10-311] analyzing module DataMemory
INFO: [VRFC 10-2263] Analyzing Verilog file "C:/Users/tau/Documents/Labs-CA-T1/LAB11/lab11.srcs/sources_1/new/InstructionMemory.v" into library xil_defaultlib
INFO: [VRFC 10-311] analyzing module instructionMemory
INFO: [VRFC 10-2263] Analyzing Verilog file "C:/Users/tau/Documents/Labs-CA-T1/LAB11/lab11.srcs/sources_1/new/MainControl.v" into library xil_defaultlib
INFO: [VRFC 10-311] analyzing module MainControl
INFO: [VRFC 10-2263] Analyzing Verilog file "C:/Users/tau/Documents/Labs-CA-T1/LAB11/lab11.srcs/sources_1/new/PC.v" into library xil_defaultlib
INFO: [VRFC 10-311] analyzing module PC
INFO: [VRFC 10-2263] Analyzing Verilog file "C:/Users/tau/Documents/Labs-CA-T1/LAB11/lab11.srcs/sources_1/new/PCAdder.v" into library xil_defaultlib
INFO: [VRFC 10-311] analyzing module PCAdder
INFO: [VRFC 10-2263] Analyzing Verilog file "C:/Users/tau/Documents/Labs-CA-T1/LAB11/lab11.srcs/sources_1/new/Register.v" into library xil_defaultlib
INFO: [VRFC 10-311] analyzing module Register
INFO: [VRFC 10-2263] Analyzing Verilog file "C:/Users/tau/Documents/Labs-CA-T1/LAB11/lab11.srcs/sources_1/new/TopProcessor.v" into library xil_defaultlib
INFO: [VRFC 10-311] analyzing module topProcessor
INFO: [VRFC 10-2263] Analyzing Verilog file "C:/Users/tau/Documents/Labs-CA-T1/LAB11/lab11.srcs/sources_1/new/immGen.v" into library xil_defaultlib
INFO: [VRFC 10-311] analyzing module immGen
INFO: [VRFC 10-2263] Analyzing Verilog file "C:/Users/tau/Documents/Labs-CA-T1/LAB11/lab11.srcs/sim_1/new/toptb.v" into library xil_defaultlib
INFO: [VRFC 10-311] analyzing module tb_TopLevelProcessor
INFO: [USF-XSim-69] 'compile' step finished in '1' seconds
INFO: [USF-XSim-3] XSim::Elaborate design
INFO: [USF-XSim-61] Executing 'ELABORATE' step in 'C:/Users/tau/Documents/Labs-CA-T1/LAB11/lab11.sim/sim_1/behav/xsim'
"xelab -wto f8d01134f7dc4a89acf0d8e4e2a22205 --incr --debug typical --relax --mt 2 -L xil_defaultlib -L unisims_ver -L unimacro_ver -L secureip --snapshot tb_TopLevelProcessor_behav xil_defaultlib.tb_TopLevelProcessor xil_defaultlib.glbl -log elaborate.log"
Vivado Simulator 2020.1
Copyright 1986-1999, 2001-2020 Xilinx, Inc. All Rights Reserved.
Running: C:/Xilinx/Vivado/2020.1/bin/unwrapped/win64.o/xelab.exe -wto f8d01134f7dc4a89acf0d8e4e2a22205 --incr --debug typical --relax --mt 2 -L xil_defaultlib -L unisims_ver -L unimacro_ver -L secureip --snapshot tb_TopLevelProcessor_behav xil_defaultlib.tb_TopLevelProcessor xil_defaultlib.glbl -log elaborate.log 
Using 2 slave threads.
Starting static elaboration
Pass Through NonSizing Optimizer
Completed static elaboration
Starting simulation data flow analysis
Completed simulation data flow analysis
Time Resolution for simulation is 1ps
Compiling module xil_defaultlib.ALU
Compiling module xil_defaultlib.Register
Compiling module xil_defaultlib.DataMemory
Compiling module xil_defaultlib.MainControl
Compiling module xil_defaultlib.ALUControl
Compiling module xil_defaultlib.instructionMemory
Compiling module xil_defaultlib.branch_MUX
Compiling module xil_defaultlib.PC
Compiling module xil_defaultlib.PCAdder
Compiling module xil_defaultlib.BranchAdd
Compiling module xil_defaultlib.immGen
Compiling module xil_defaultlib.topProcessor
Compiling module xil_defaultlib.tb_TopLevelProcessor
Compiling module xil_defaultlib.glbl
Built simulation snapshot tb_TopLevelProcessor_behav

****** Webtalk v2020.1 (64-bit)
  **** SW Build 2902540 on Wed May 27 19:54:49 MDT 2020
  **** IP Build 2902112 on Wed May 27 22:43:36 MDT 2020
    ** Copyright 1986-2020 Xilinx, Inc. All Rights Reserved.

source C:/Users/tau/Documents/Labs-CA-T1/LAB11/lab11.sim/sim_1/behav/xsim/xsim.dir/tb_TopLevelProcessor_behav/webtalk/xsim_webtalk.tcl -notrace
INFO: [Common 17-206] Exiting Webtalk at Sun Apr 19 20:16:28 2026...
run_program: Time (s): cpu = 00:00:00 ; elapsed = 00:00:07 . Memory (MB): peak = 2315.582 ; gain = 0.000
INFO: [USF-XSim-69] 'elaborate' step finished in '7' seconds
INFO: [USF-XSim-4] XSim::Simulate design
INFO: [USF-XSim-61] Executing 'SIMULATE' step in 'C:/Users/tau/Documents/Labs-CA-T1/LAB11/lab11.sim/sim_1/behav/xsim'
INFO: [USF-XSim-98] *** Running xsim
   with args "tb_TopLevelProcessor_behav -key {Behavioral:sim_1:Functional:tb_TopLevelProcessor} -tclbatch {tb_TopLevelProcessor.tcl} -log {simulate.log}"
INFO: [USF-XSim-8] Loading simulator feature
Vivado Simulator 2020.1
Time resolution is 1 ps
source tb_TopLevelProcessor.tcl
# set curr_wave [current_wave_config]
# if { [string length $curr_wave] == 0 } {
#   if { [llength [get_objects]] > 0} {
#     add_wave /
#     set_property needs_save false [current_wave_config]
#   } else {
#      send_msg_id Add_Wave-1 WARNING "No top level signals found. Simulator will start without a wave window. If you want to open a wave window go to 'File->New Waveform Configuration' or type 'create_wave_config' in the TCL console."
#   }
# }
# run 1000ns
WARNING: File instructions.mem referenced on C:/Users/tau/Documents/Labs-CA-T1/LAB11/lab11.srcs/sources_1/new/InstructionMemory.v at line 42 cannot be opened for reading. Please ensure that this file is available in the current working directory.
Time=0 | PC=x | LEDs=xxxxxxxxxxxxxxxx | LEDs_decimal=x
Time=5000 | PC=0 | LEDs=xxxxxxxxxxxxxxxx | LEDs_decimal=x
Time=25000 | PC=x | LEDs=xxxxxxxxxxxxxxxx | LEDs_decimal=x
INFO: [USF-XSim-96] XSim completed. Design snapshot 'tb_TopLevelProcessor_behav' loaded.
INFO: [USF-XSim-97] XSim simulation ran for 1000ns
launch_simulation: Time (s): cpu = 00:00:05 ; elapsed = 00:00:11 . Memory (MB): peak = 2315.582 ; gain = 0.000
set_property SOURCE_SET sources_1 [get_filesets sim_1]
add_files -fileset sim_1 -norecurse C:/Users/tau/Documents/Labs-CA-T1/LAB11/instructions.mem
close_sim
INFO: [Simtcl 6-16] Simulation closed
launch_simulation
Command: launch_simulation 
INFO: [Vivado 12-5682] Launching behavioral simulation in 'C:/Users/tau/Documents/Labs-CA-T1/LAB11/lab11.sim/sim_1/behav/xsim'
INFO: [SIM-utils-51] Simulation object is 'sim_1'
INFO: [SIM-utils-54] Inspecting design source files for 'tb_TopLevelProcessor' in fileset 'sim_1'...
INFO: [SIM-utils-43] Exported 'C:/Users/tau/Documents/Labs-CA-T1/LAB11/lab11.sim/sim_1/behav/xsim/instructions.mem'
INFO: [SIM-utils-43] Exported 'C:/Users/tau/Documents/Labs-CA-T1/LAB11/lab11.sim/sim_1/behav/xsim/instructions.mem'
INFO: [USF-XSim-97] Finding global include files...
INFO: [USF-XSim-98] Fetching design files from 'sim_1'...
INFO: [USF-XSim-2] XSim::Compile design
INFO: [USF-XSim-61] Executing 'COMPILE and ANALYZE' step in 'C:/Users/tau/Documents/Labs-CA-T1/LAB11/lab11.sim/sim_1/behav/xsim'
"xvlog --incr --relax -prj tb_TopLevelProcessor_vlog.prj"
INFO: [USF-XSim-69] 'compile' step finished in '2' seconds
INFO: [USF-XSim-3] XSim::Elaborate design
INFO: [USF-XSim-61] Executing 'ELABORATE' step in 'C:/Users/tau/Documents/Labs-CA-T1/LAB11/lab11.sim/sim_1/behav/xsim'
"xelab -wto f8d01134f7dc4a89acf0d8e4e2a22205 --incr --debug typical --relax --mt 2 -L xil_defaultlib -L unisims_ver -L unimacro_ver -L secureip --snapshot tb_TopLevelProcessor_behav xil_defaultlib.tb_TopLevelProcessor xil_defaultlib.glbl -log elaborate.log"
Vivado Simulator 2020.1
Copyright 1986-1999, 2001-2020 Xilinx, Inc. All Rights Reserved.
Running: C:/Xilinx/Vivado/2020.1/bin/unwrapped/win64.o/xelab.exe -wto f8d01134f7dc4a89acf0d8e4e2a22205 --incr --debug typical --relax --mt 2 -L xil_defaultlib -L unisims_ver -L unimacro_ver -L secureip --snapshot tb_TopLevelProcessor_behav xil_defaultlib.tb_TopLevelProcessor xil_defaultlib.glbl -log elaborate.log 
Using 2 slave threads.
Starting static elaboration
Pass Through NonSizing Optimizer
Completed static elaboration
INFO: [XSIM 43-4323] No Change in HDL. Linking previously generated obj files to create kernel
INFO: [USF-XSim-69] 'elaborate' step finished in '1' seconds
INFO: [USF-XSim-4] XSim::Simulate design
INFO: [USF-XSim-61] Executing 'SIMULATE' step in 'C:/Users/tau/Documents/Labs-CA-T1/LAB11/lab11.sim/sim_1/behav/xsim'
INFO: [USF-XSim-98] *** Running xsim
   with args "tb_TopLevelProcessor_behav -key {Behavioral:sim_1:Functional:tb_TopLevelProcessor} -tclbatch {tb_TopLevelProcessor.tcl} -log {simulate.log}"
INFO: [USF-XSim-8] Loading simulator feature
Vivado Simulator 2020.1
Time resolution is 1 ps
source tb_TopLevelProcessor.tcl
# set curr_wave [current_wave_config]
# if { [string length $curr_wave] == 0 } {
#   if { [llength [get_objects]] > 0} {
#     add_wave /
#     set_property needs_save false [current_wave_config]
#   } else {
#      send_msg_id Add_Wave-1 WARNING "No top level signals found. Simulator will start without a wave window. If you want to open a wave window go to 'File->New Waveform Configuration' or type 'create_wave_config' in the TCL console."
#   }
# }
# run 1000ns
Time=0 | PC=x | LEDs=xxxxxxxxxxxxxxxx | LEDs_decimal=x
Time=5000 | PC=0 | LEDs=0000000000000000 | LEDs_decimal=0
Time=25000 | PC=4 | LEDs=xxxxxxxxxxxxxxxx | LEDs_decimal=x
Time=35000 | PC=8 | LEDs=xxxxxxxxxxxxxxxx | LEDs_decimal=x
Time=45000 | PC=12 | LEDs=xxxxxxxxxxxxxxxx | LEDs_decimal=x
Time=55000 | PC=16 | LEDs=xxxxxxxxxxxxxxxx | LEDs_decimal=x
Time=65000 | PC=20 | LEDs=xxxxxxxxxxxxxxxx | LEDs_decimal=x
Time=75000 | PC=24 | LEDs=xxxxxxxxxxxxxxxx | LEDs_decimal=x
Time=85000 | PC=28 | LEDs=xxxxxxxxxxxxxxxx | LEDs_decimal=x
Time=95000 | PC=32 | LEDs=xxxxxxxxxxxxxxxx | LEDs_decimal=x
Time=105000 | PC=36 | LEDs=xxxxxxxxxxxxxxxx | LEDs_decimal=x
Time=115000 | PC=40 | LEDs=xxxxxxxxxxxxxxxx | LEDs_decimal=x
Time=125000 | PC=44 | LEDs=xxxxxxxxxxxxxxxx | LEDs_decimal=x
Time=135000 | PC=48 | LEDs=xxxxxxxxxxxxxxxx | LEDs_decimal=x
Time=145000 | PC=52 | LEDs=xxxxxxxxxxxxxxxx | LEDs_decimal=x
Time=155000 | PC=56 | LEDs=xxxxxxxxxxxxxxxx | LEDs_decimal=x
Time=165000 | PC=60 | LEDs=xxxxxxxxxxxxxxxx | LEDs_decimal=x
Time=175000 | PC=64 | LEDs=xxxxxxxxxxxxxxxx | LEDs_decimal=x
Time=185000 | PC=68 | LEDs=xxxxxxxxxxxxxxxx | LEDs_decimal=x
Time=195000 | PC=72 | LEDs=xxxxxxxxxxxxxxxx | LEDs_decimal=x
Time=205000 | PC=76 | LEDs=xxxxxxxxxxxxxxxx | LEDs_decimal=x
Time=215000 | PC=80 | LEDs=xxxxxxxxxxxxxxxx | LEDs_decimal=x
Time=225000 | PC=84 | LEDs=xxxxxxxxxxxxxxxx | LEDs_decimal=x
Time=235000 | PC=88 | LEDs=xxxxxxxxxxxxxxxx | LEDs_decimal=x
Time=245000 | PC=92 | LEDs=xxxxxxxxxxxxxxxx | LEDs_decimal=x
Time=255000 | PC=96 | LEDs=xxxxxxxxxxxxxxxx | LEDs_decimal=x
Time=265000 | PC=100 | LEDs=xxxxxxxxxxxxxxxx | LEDs_decimal=x
Time=275000 | PC=104 | LEDs=xxxxxxxxxxxxxxxx | LEDs_decimal=x
Time=285000 | PC=108 | LEDs=xxxxxxxxxxxxxxxx | LEDs_decimal=x
Time=295000 | PC=112 | LEDs=xxxxxxxxxxxxxxxx | LEDs_decimal=x
Time=305000 | PC=116 | LEDs=xxxxxxxxxxxxxxxx | LEDs_decimal=x
Time=315000 | PC=120 | LEDs=xxxxxxxxxxxxxxxx | LEDs_decimal=x
Time=325000 | PC=124 | LEDs=xxxxxxxxxxxxxxxx | LEDs_decimal=x
Time=335000 | PC=128 | LEDs=xxxxxxxxxxxxxxxx | LEDs_decimal=x
Time=345000 | PC=132 | LEDs=xxxxxxxxxxxxxxxx | LEDs_decimal=x
Time=355000 | PC=136 | LEDs=xxxxxxxxxxxxxxxx | LEDs_decimal=x
Time=365000 | PC=140 | LEDs=xxxxxxxxxxxxxxxx | LEDs_decimal=x
Time=375000 | PC=144 | LEDs=xxxxxxxxxxxxxxxx | LEDs_decimal=x
Time=385000 | PC=148 | LEDs=xxxxxxxxxxxxxxxx | LEDs_decimal=x
Time=395000 | PC=152 | LEDs=xxxxxxxxxxxxxxxx | LEDs_decimal=x
Time=405000 | PC=156 | LEDs=xxxxxxxxxxxxxxxx | LEDs_decimal=x
Time=415000 | PC=160 | LEDs=xxxxxxxxxxxxxxxx | LEDs_decimal=x
Time=425000 | PC=164 | LEDs=xxxxxxxxxxxxxxxx | LEDs_decimal=x
Time=435000 | PC=168 | LEDs=xxxxxxxxxxxxxxxx | LEDs_decimal=x
Time=445000 | PC=172 | LEDs=xxxxxxxxxxxxxxxx | LEDs_decimal=x
Time=455000 | PC=176 | LEDs=xxxxxxxxxxxxxxxx | LEDs_decimal=x
Time=465000 | PC=180 | LEDs=xxxxxxxxxxxxxxxx | LEDs_decimal=x
Time=475000 | PC=184 | LEDs=xxxxxxxxxxxxxxxx | LEDs_decimal=x
Time=485000 | PC=188 | LEDs=xxxxxxxxxxxxxxxx | LEDs_decimal=x
Time=495000 | PC=192 | LEDs=xxxxxxxxxxxxxxxx | LEDs_decimal=x
Time=505000 | PC=196 | LEDs=xxxxxxxxxxxxxxxx | LEDs_decimal=x
Time=515000 | PC=200 | LEDs=xxxxxxxxxxxxxxxx | LEDs_decimal=x
Time=525000 | PC=204 | LEDs=xxxxxxxxxxxxxxxx | LEDs_decimal=x
Time=535000 | PC=208 | LEDs=xxxxxxxxxxxxxxxx | LEDs_decimal=x
Time=545000 | PC=212 | LEDs=xxxxxxxxxxxxxxxx | LEDs_decimal=x
Time=555000 | PC=216 | LEDs=xxxxxxxxxxxxxxxx | LEDs_decimal=x
Time=565000 | PC=220 | LEDs=xxxxxxxxxxxxxxxx | LEDs_decimal=x
Time=575000 | PC=224 | LEDs=xxxxxxxxxxxxxxxx | LEDs_decimal=x
Time=585000 | PC=228 | LEDs=xxxxxxxxxxxxxxxx | LEDs_decimal=x
Time=595000 | PC=232 | LEDs=xxxxxxxxxxxxxxxx | LEDs_decimal=x
Time=605000 | PC=236 | LEDs=xxxxxxxxxxxxxxxx | LEDs_decimal=x
Time=615000 | PC=240 | LEDs=xxxxxxxxxxxxxxxx | LEDs_decimal=x
Time=625000 | PC=244 | LEDs=xxxxxxxxxxxxxxxx | LEDs_decimal=x
Time=635000 | PC=248 | LEDs=xxxxxxxxxxxxxxxx | LEDs_decimal=x
Time=645000 | PC=252 | LEDs=xxxxxxxxxxxxxxxx | LEDs_decimal=x
Time=655000 | PC=256 | LEDs=xxxxxxxxxxxxxxxx | LEDs_decimal=x
Time=665000 | PC=260 | LEDs=xxxxxxxxxxxxxxxx | LEDs_decimal=x
Time=675000 | PC=264 | LEDs=xxxxxxxxxxxxxxxx | LEDs_decimal=x
Time=685000 | PC=268 | LEDs=xxxxxxxxxxxxxxxx | LEDs_decimal=x
Time=695000 | PC=272 | LEDs=xxxxxxxxxxxxxxxx | LEDs_decimal=x
Time=705000 | PC=276 | LEDs=xxxxxxxxxxxxxxxx | LEDs_decimal=x
Time=715000 | PC=280 | LEDs=xxxxxxxxxxxxxxxx | LEDs_decimal=x
Time=725000 | PC=284 | LEDs=xxxxxxxxxxxxxxxx | LEDs_decimal=x
Time=735000 | PC=288 | LEDs=xxxxxxxxxxxxxxxx | LEDs_decimal=x
Time=745000 | PC=292 | LEDs=xxxxxxxxxxxxxxxx | LEDs_decimal=x
Time=755000 | PC=296 | LEDs=xxxxxxxxxxxxxxxx | LEDs_decimal=x
Time=765000 | PC=300 | LEDs=xxxxxxxxxxxxxxxx | LEDs_decimal=x
Time=775000 | PC=304 | LEDs=xxxxxxxxxxxxxxxx | LEDs_decimal=x
Time=785000 | PC=308 | LEDs=xxxxxxxxxxxxxxxx | LEDs_decimal=x
Time=795000 | PC=312 | LEDs=xxxxxxxxxxxxxxxx | LEDs_decimal=x
Time=805000 | PC=316 | LEDs=xxxxxxxxxxxxxxxx | LEDs_decimal=x
Time=815000 | PC=320 | LEDs=xxxxxxxxxxxxxxxx | LEDs_decimal=x
Time=825000 | PC=324 | LEDs=xxxxxxxxxxxxxxxx | LEDs_decimal=x
Time=835000 | PC=328 | LEDs=xxxxxxxxxxxxxxxx | LEDs_decimal=x
Time=845000 | PC=332 | LEDs=xxxxxxxxxxxxxxxx | LEDs_decimal=x
Time=855000 | PC=336 | LEDs=xxxxxxxxxxxxxxxx | LEDs_decimal=x
Time=865000 | PC=340 | LEDs=xxxxxxxxxxxxxxxx | LEDs_decimal=x
Time=875000 | PC=344 | LEDs=xxxxxxxxxxxxxxxx | LEDs_decimal=x
Time=885000 | PC=348 | LEDs=xxxxxxxxxxxxxxxx | LEDs_decimal=x
Time=895000 | PC=352 | LEDs=xxxxxxxxxxxxxxxx | LEDs_decimal=x
Time=905000 | PC=356 | LEDs=xxxxxxxxxxxxxxxx | LEDs_decimal=x
Time=915000 | PC=360 | LEDs=xxxxxxxxxxxxxxxx | LEDs_decimal=x
Time=925000 | PC=364 | LEDs=xxxxxxxxxxxxxxxx | LEDs_decimal=x
Time=935000 | PC=368 | LEDs=xxxxxxxxxxxxxxxx | LEDs_decimal=x
Time=945000 | PC=372 | LEDs=xxxxxxxxxxxxxxxx | LEDs_decimal=x
Time=955000 | PC=376 | LEDs=xxxxxxxxxxxxxxxx | LEDs_decimal=x
Time=965000 | PC=380 | LEDs=xxxxxxxxxxxxxxxx | LEDs_decimal=x
Time=975000 | PC=384 | LEDs=xxxxxxxxxxxxxxxx | LEDs_decimal=x
Time=985000 | PC=388 | LEDs=xxxxxxxxxxxxxxxx | LEDs_decimal=x
Time=995000 | PC=392 | LEDs=xxxxxxxxxxxxxxxx | LEDs_decimal=x
INFO: [USF-XSim-96] XSim completed. Design snapshot 'tb_TopLevelProcessor_behav' loaded.
INFO: [USF-XSim-97] XSim simulation ran for 1000ns
launch_simulation: Time (s): cpu = 00:00:02 ; elapsed = 00:00:05 . Memory (MB): peak = 2315.582 ; gain = 0.000
close_sim
INFO: [Simtcl 6-16] Simulation closed
launch_simulation
Command: launch_simulation 
INFO: [Vivado 12-5682] Launching behavioral simulation in 'C:/Users/tau/Documents/Labs-CA-T1/LAB11/lab11.sim/sim_1/behav/xsim'
INFO: [SIM-utils-51] Simulation object is 'sim_1'
INFO: [SIM-utils-54] Inspecting design source files for 'tb_TopLevelProcessor' in fileset 'sim_1'...
INFO: [SIM-utils-43] Exported 'C:/Users/tau/Documents/Labs-CA-T1/LAB11/lab11.sim/sim_1/behav/xsim/instructions.mem'
INFO: [SIM-utils-43] Exported 'C:/Users/tau/Documents/Labs-CA-T1/LAB11/lab11.sim/sim_1/behav/xsim/instructions.mem'
INFO: [USF-XSim-97] Finding global include files...
INFO: [USF-XSim-98] Fetching design files from 'sim_1'...
INFO: [USF-XSim-2] XSim::Compile design
INFO: [USF-XSim-61] Executing 'COMPILE and ANALYZE' step in 'C:/Users/tau/Documents/Labs-CA-T1/LAB11/lab11.sim/sim_1/behav/xsim'
"xvlog --incr --relax -prj tb_TopLevelProcessor_vlog.prj"
INFO: [USF-XSim-69] 'compile' step finished in '1' seconds
INFO: [USF-XSim-3] XSim::Elaborate design
INFO: [USF-XSim-61] Executing 'ELABORATE' step in 'C:/Users/tau/Documents/Labs-CA-T1/LAB11/lab11.sim/sim_1/behav/xsim'
"xelab -wto f8d01134f7dc4a89acf0d8e4e2a22205 --incr --debug typical --relax --mt 2 -L xil_defaultlib -L unisims_ver -L unimacro_ver -L secureip --snapshot tb_TopLevelProcessor_behav xil_defaultlib.tb_TopLevelProcessor xil_defaultlib.glbl -log elaborate.log"
Vivado Simulator 2020.1
Copyright 1986-1999, 2001-2020 Xilinx, Inc. All Rights Reserved.
Running: C:/Xilinx/Vivado/2020.1/bin/unwrapped/win64.o/xelab.exe -wto f8d01134f7dc4a89acf0d8e4e2a22205 --incr --debug typical --relax --mt 2 -L xil_defaultlib -L unisims_ver -L unimacro_ver -L secureip --snapshot tb_TopLevelProcessor_behav xil_defaultlib.tb_TopLevelProcessor xil_defaultlib.glbl -log elaborate.log 
Using 2 slave threads.
Starting static elaboration
Pass Through NonSizing Optimizer
Completed static elaboration
INFO: [XSIM 43-4323] No Change in HDL. Linking previously generated obj files to create kernel
INFO: [USF-XSim-69] 'elaborate' step finished in '2' seconds
INFO: [USF-XSim-4] XSim::Simulate design
INFO: [USF-XSim-61] Executing 'SIMULATE' step in 'C:/Users/tau/Documents/Labs-CA-T1/LAB11/lab11.sim/sim_1/behav/xsim'
INFO: [USF-XSim-98] *** Running xsim
   with args "tb_TopLevelProcessor_behav -key {Behavioral:sim_1:Functional:tb_TopLevelProcessor} -tclbatch {tb_TopLevelProcessor.tcl} -log {simulate.log}"
INFO: [USF-XSim-8] Loading simulator feature
Vivado Simulator 2020.1
Time resolution is 1 ps
source tb_TopLevelProcessor.tcl
# set curr_wave [current_wave_config]
# if { [string length $curr_wave] == 0 } {
#   if { [llength [get_objects]] > 0} {
#     add_wave /
#     set_property needs_save false [current_wave_config]
#   } else {
#      send_msg_id Add_Wave-1 WARNING "No top level signals found. Simulator will start without a wave window. If you want to open a wave window go to 'File->New Waveform Configuration' or type 'create_wave_config' in the TCL console."
#   }
# }
# run 1000ns
Time=0 | PC=x | LEDs=xxxxxxxxxxxxxxxx | LEDs_decimal=x
Time=5000 | PC=0 | LEDs=0000000000000000 | LEDs_decimal=0
Time=25000 | PC=4 | LEDs=xxxxxxxxxxxxxxxx | LEDs_decimal=x
Time=35000 | PC=8 | LEDs=xxxxxxxxxxxxxxxx | LEDs_decimal=x
Time=45000 | PC=12 | LEDs=xxxxxxxxxxxxxxxx | LEDs_decimal=x
Time=55000 | PC=16 | LEDs=xxxxxxxxxxxxxxxx | LEDs_decimal=x
Time=65000 | PC=20 | LEDs=xxxxxxxxxxxxxxxx | LEDs_decimal=x
Time=75000 | PC=24 | LEDs=xxxxxxxxxxxxxxxx | LEDs_decimal=x
Time=85000 | PC=28 | LEDs=xxxxxxxxxxxxxxxx | LEDs_decimal=x
Time=95000 | PC=32 | LEDs=xxxxxxxxxxxxxxxx | LEDs_decimal=x
Time=105000 | PC=36 | LEDs=xxxxxxxxxxxxxxxx | LEDs_decimal=x
Time=115000 | PC=40 | LEDs=xxxxxxxxxxxxxxxx | LEDs_decimal=x
Time=125000 | PC=44 | LEDs=xxxxxxxxxxxxxxxx | LEDs_decimal=x
Time=135000 | PC=48 | LEDs=xxxxxxxxxxxxxxxx | LEDs_decimal=x
Time=145000 | PC=52 | LEDs=xxxxxxxxxxxxxxxx | LEDs_decimal=x
Time=155000 | PC=56 | LEDs=xxxxxxxxxxxxxxxx | LEDs_decimal=x
Time=165000 | PC=60 | LEDs=xxxxxxxxxxxxxxxx | LEDs_decimal=x
Time=175000 | PC=64 | LEDs=xxxxxxxxxxxxxxxx | LEDs_decimal=x
Time=185000 | PC=68 | LEDs=xxxxxxxxxxxxxxxx | LEDs_decimal=x
Time=195000 | PC=72 | LEDs=xxxxxxxxxxxxxxxx | LEDs_decimal=x
Time=205000 | PC=76 | LEDs=xxxxxxxxxxxxxxxx | LEDs_decimal=x
Time=215000 | PC=80 | LEDs=xxxxxxxxxxxxxxxx | LEDs_decimal=x
Time=225000 | PC=84 | LEDs=xxxxxxxxxxxxxxxx | LEDs_decimal=x
Time=235000 | PC=88 | LEDs=xxxxxxxxxxxxxxxx | LEDs_decimal=x
Time=245000 | PC=92 | LEDs=xxxxxxxxxxxxxxxx | LEDs_decimal=x
Time=255000 | PC=96 | LEDs=xxxxxxxxxxxxxxxx | LEDs_decimal=x
Time=265000 | PC=100 | LEDs=xxxxxxxxxxxxxxxx | LEDs_decimal=x
Time=275000 | PC=104 | LEDs=xxxxxxxxxxxxxxxx | LEDs_decimal=x
Time=285000 | PC=108 | LEDs=xxxxxxxxxxxxxxxx | LEDs_decimal=x
Time=295000 | PC=112 | LEDs=xxxxxxxxxxxxxxxx | LEDs_decimal=x
Time=305000 | PC=116 | LEDs=xxxxxxxxxxxxxxxx | LEDs_decimal=x
Time=315000 | PC=120 | LEDs=xxxxxxxxxxxxxxxx | LEDs_decimal=x
Time=325000 | PC=124 | LEDs=xxxxxxxxxxxxxxxx | LEDs_decimal=x
Time=335000 | PC=128 | LEDs=xxxxxxxxxxxxxxxx | LEDs_decimal=x
Time=345000 | PC=132 | LEDs=xxxxxxxxxxxxxxxx | LEDs_decimal=x
Time=355000 | PC=136 | LEDs=xxxxxxxxxxxxxxxx | LEDs_decimal=x
Time=365000 | PC=140 | LEDs=xxxxxxxxxxxxxxxx | LEDs_decimal=x
Time=375000 | PC=144 | LEDs=xxxxxxxxxxxxxxxx | LEDs_decimal=x
Time=385000 | PC=148 | LEDs=xxxxxxxxxxxxxxxx | LEDs_decimal=x
Time=395000 | PC=152 | LEDs=xxxxxxxxxxxxxxxx | LEDs_decimal=x
Time=405000 | PC=156 | LEDs=xxxxxxxxxxxxxxxx | LEDs_decimal=x
Time=415000 | PC=160 | LEDs=xxxxxxxxxxxxxxxx | LEDs_decimal=x
Time=425000 | PC=164 | LEDs=xxxxxxxxxxxxxxxx | LEDs_decimal=x
Time=435000 | PC=168 | LEDs=xxxxxxxxxxxxxxxx | LEDs_decimal=x
Time=445000 | PC=172 | LEDs=xxxxxxxxxxxxxxxx | LEDs_decimal=x
Time=455000 | PC=176 | LEDs=xxxxxxxxxxxxxxxx | LEDs_decimal=x
Time=465000 | PC=180 | LEDs=xxxxxxxxxxxxxxxx | LEDs_decimal=x
Time=475000 | PC=184 | LEDs=xxxxxxxxxxxxxxxx | LEDs_decimal=x
Time=485000 | PC=188 | LEDs=xxxxxxxxxxxxxxxx | LEDs_decimal=x
Time=495000 | PC=192 | LEDs=xxxxxxxxxxxxxxxx | LEDs_decimal=x
Time=505000 | PC=196 | LEDs=xxxxxxxxxxxxxxxx | LEDs_decimal=x
Time=515000 | PC=200 | LEDs=xxxxxxxxxxxxxxxx | LEDs_decimal=x
Time=525000 | PC=204 | LEDs=xxxxxxxxxxxxxxxx | LEDs_decimal=x
Time=535000 | PC=208 | LEDs=xxxxxxxxxxxxxxxx | LEDs_decimal=x
Time=545000 | PC=212 | LEDs=xxxxxxxxxxxxxxxx | LEDs_decimal=x
Time=555000 | PC=216 | LEDs=xxxxxxxxxxxxxxxx | LEDs_decimal=x
Time=565000 | PC=220 | LEDs=xxxxxxxxxxxxxxxx | LEDs_decimal=x
Time=575000 | PC=224 | LEDs=xxxxxxxxxxxxxxxx | LEDs_decimal=x
Time=585000 | PC=228 | LEDs=xxxxxxxxxxxxxxxx | LEDs_decimal=x
Time=595000 | PC=232 | LEDs=xxxxxxxxxxxxxxxx | LEDs_decimal=x
Time=605000 | PC=236 | LEDs=xxxxxxxxxxxxxxxx | LEDs_decimal=x
Time=615000 | PC=240 | LEDs=xxxxxxxxxxxxxxxx | LEDs_decimal=x
Time=625000 | PC=244 | LEDs=xxxxxxxxxxxxxxxx | LEDs_decimal=x
Time=635000 | PC=248 | LEDs=xxxxxxxxxxxxxxxx | LEDs_decimal=x
Time=645000 | PC=252 | LEDs=xxxxxxxxxxxxxxxx | LEDs_decimal=x
Time=655000 | PC=256 | LEDs=xxxxxxxxxxxxxxxx | LEDs_decimal=x
Time=665000 | PC=260 | LEDs=xxxxxxxxxxxxxxxx | LEDs_decimal=x
Time=675000 | PC=264 | LEDs=xxxxxxxxxxxxxxxx | LEDs_decimal=x
Time=685000 | PC=268 | LEDs=xxxxxxxxxxxxxxxx | LEDs_decimal=x
Time=695000 | PC=272 | LEDs=xxxxxxxxxxxxxxxx | LEDs_decimal=x
Time=705000 | PC=276 | LEDs=xxxxxxxxxxxxxxxx | LEDs_decimal=x
Time=715000 | PC=280 | LEDs=xxxxxxxxxxxxxxxx | LEDs_decimal=x
Time=725000 | PC=284 | LEDs=xxxxxxxxxxxxxxxx | LEDs_decimal=x
Time=735000 | PC=288 | LEDs=xxxxxxxxxxxxxxxx | LEDs_decimal=x
Time=745000 | PC=292 | LEDs=xxxxxxxxxxxxxxxx | LEDs_decimal=x
Time=755000 | PC=296 | LEDs=xxxxxxxxxxxxxxxx | LEDs_decimal=x
Time=765000 | PC=300 | LEDs=xxxxxxxxxxxxxxxx | LEDs_decimal=x
Time=775000 | PC=304 | LEDs=xxxxxxxxxxxxxxxx | LEDs_decimal=x
Time=785000 | PC=308 | LEDs=xxxxxxxxxxxxxxxx | LEDs_decimal=x
Time=795000 | PC=312 | LEDs=xxxxxxxxxxxxxxxx | LEDs_decimal=x
Time=805000 | PC=316 | LEDs=xxxxxxxxxxxxxxxx | LEDs_decimal=x
Time=815000 | PC=320 | LEDs=xxxxxxxxxxxxxxxx | LEDs_decimal=x
Time=825000 | PC=324 | LEDs=xxxxxxxxxxxxxxxx | LEDs_decimal=x
Time=835000 | PC=328 | LEDs=xxxxxxxxxxxxxxxx | LEDs_decimal=x
Time=845000 | PC=332 | LEDs=xxxxxxxxxxxxxxxx | LEDs_decimal=x
Time=855000 | PC=336 | LEDs=xxxxxxxxxxxxxxxx | LEDs_decimal=x
Time=865000 | PC=340 | LEDs=xxxxxxxxxxxxxxxx | LEDs_decimal=x
Time=875000 | PC=344 | LEDs=xxxxxxxxxxxxxxxx | LEDs_decimal=x
Time=885000 | PC=348 | LEDs=xxxxxxxxxxxxxxxx | LEDs_decimal=x
Time=895000 | PC=352 | LEDs=xxxxxxxxxxxxxxxx | LEDs_decimal=x
Time=905000 | PC=356 | LEDs=xxxxxxxxxxxxxxxx | LEDs_decimal=x
Time=915000 | PC=360 | LEDs=xxxxxxxxxxxxxxxx | LEDs_decimal=x
Time=925000 | PC=364 | LEDs=xxxxxxxxxxxxxxxx | LEDs_decimal=x
Time=935000 | PC=368 | LEDs=xxxxxxxxxxxxxxxx | LEDs_decimal=x
Time=945000 | PC=372 | LEDs=xxxxxxxxxxxxxxxx | LEDs_decimal=x
Time=955000 | PC=376 | LEDs=xxxxxxxxxxxxxxxx | LEDs_decimal=x
Time=965000 | PC=380 | LEDs=xxxxxxxxxxxxxxxx | LEDs_decimal=x
Time=975000 | PC=384 | LEDs=xxxxxxxxxxxxxxxx | LEDs_decimal=x
Time=985000 | PC=388 | LEDs=xxxxxxxxxxxxxxxx | LEDs_decimal=x
Time=995000 | PC=392 | LEDs=xxxxxxxxxxxxxxxx | LEDs_decimal=x
INFO: [USF-XSim-96] XSim completed. Design snapshot 'tb_TopLevelProcessor_behav' loaded.
INFO: [USF-XSim-97] XSim simulation ran for 1000ns
launch_simulation: Time (s): cpu = 00:00:02 ; elapsed = 00:00:06 . Memory (MB): peak = 2315.582 ; gain = 0.000
close_sim
INFO: [Simtcl 6-16] Simulation closed
launch_simulation
Command: launch_simulation 
INFO: [Vivado 12-5682] Launching behavioral simulation in 'C:/Users/tau/Documents/Labs-CA-T1/LAB11/lab11.sim/sim_1/behav/xsim'
INFO: [SIM-utils-51] Simulation object is 'sim_1'
INFO: [SIM-utils-54] Inspecting design source files for 'tb_TopLevelProcessor' in fileset 'sim_1'...
INFO: [SIM-utils-43] Exported 'C:/Users/tau/Documents/Labs-CA-T1/LAB11/lab11.sim/sim_1/behav/xsim/instructions.mem'
INFO: [SIM-utils-43] Exported 'C:/Users/tau/Documents/Labs-CA-T1/LAB11/lab11.sim/sim_1/behav/xsim/instructions.mem'
INFO: [USF-XSim-97] Finding global include files...
INFO: [USF-XSim-98] Fetching design files from 'sim_1'...
INFO: [USF-XSim-2] XSim::Compile design
INFO: [USF-XSim-61] Executing 'COMPILE and ANALYZE' step in 'C:/Users/tau/Documents/Labs-CA-T1/LAB11/lab11.sim/sim_1/behav/xsim'
"xvlog --incr --relax -prj tb_TopLevelProcessor_vlog.prj"
INFO: [VRFC 10-2263] Analyzing Verilog file "C:/Users/tau/Documents/Labs-CA-T1/LAB11/lab11.srcs/sources_1/new/2_MUX.v" into library xil_defaultlib
INFO: [VRFC 10-311] analyzing module branch_MUX
INFO: [VRFC 10-2263] Analyzing Verilog file "C:/Users/tau/Documents/Labs-CA-T1/LAB11/lab11.srcs/sources_1/new/ALU.v" into library xil_defaultlib
INFO: [VRFC 10-311] analyzing module ALU
INFO: [VRFC 10-2263] Analyzing Verilog file "C:/Users/tau/Documents/Labs-CA-T1/LAB11/lab11.srcs/sources_1/new/ALUControl.v" into library xil_defaultlib
INFO: [VRFC 10-311] analyzing module ALUControl
INFO: [VRFC 10-2263] Analyzing Verilog file "C:/Users/tau/Documents/Labs-CA-T1/LAB11/lab11.srcs/sources_1/new/BranchAdd.v" into library xil_defaultlib
INFO: [VRFC 10-311] analyzing module BranchAdd
INFO: [VRFC 10-2263] Analyzing Verilog file "C:/Users/tau/Documents/Labs-CA-T1/LAB11/lab11.srcs/sources_1/new/DataMemory.v" into library xil_defaultlib
INFO: [VRFC 10-311] analyzing module DataMemory
INFO: [VRFC 10-2263] Analyzing Verilog file "C:/Users/tau/Documents/Labs-CA-T1/LAB11/lab11.srcs/sources_1/new/InstructionMemory.v" into library xil_defaultlib
INFO: [VRFC 10-311] analyzing module instructionMemory
INFO: [VRFC 10-2263] Analyzing Verilog file "C:/Users/tau/Documents/Labs-CA-T1/LAB11/lab11.srcs/sources_1/new/MainControl.v" into library xil_defaultlib
INFO: [VRFC 10-311] analyzing module MainControl
INFO: [VRFC 10-2263] Analyzing Verilog file "C:/Users/tau/Documents/Labs-CA-T1/LAB11/lab11.srcs/sources_1/new/PC.v" into library xil_defaultlib
INFO: [VRFC 10-311] analyzing module PC
INFO: [VRFC 10-2263] Analyzing Verilog file "C:/Users/tau/Documents/Labs-CA-T1/LAB11/lab11.srcs/sources_1/new/PCAdder.v" into library xil_defaultlib
INFO: [VRFC 10-311] analyzing module PCAdder
INFO: [VRFC 10-2263] Analyzing Verilog file "C:/Users/tau/Documents/Labs-CA-T1/LAB11/lab11.srcs/sources_1/new/Register.v" into library xil_defaultlib
INFO: [VRFC 10-311] analyzing module Register
INFO: [VRFC 10-2263] Analyzing Verilog file "C:/Users/tau/Documents/Labs-CA-T1/LAB11/lab11.srcs/sources_1/new/TopProcessor.v" into library xil_defaultlib
INFO: [VRFC 10-311] analyzing module topProcessor
INFO: [VRFC 10-2263] Analyzing Verilog file "C:/Users/tau/Documents/Labs-CA-T1/LAB11/lab11.srcs/sources_1/new/immGen.v" into library xil_defaultlib
INFO: [VRFC 10-311] analyzing module immGen
INFO: [VRFC 10-2263] Analyzing Verilog file "C:/Users/tau/Documents/Labs-CA-T1/LAB11/lab11.srcs/sim_1/new/toptb.v" into library xil_defaultlib
INFO: [VRFC 10-311] analyzing module tb_TopLevelProcessor
INFO: [USF-XSim-69] 'compile' step finished in '2' seconds
INFO: [USF-XSim-3] XSim::Elaborate design
INFO: [USF-XSim-61] Executing 'ELABORATE' step in 'C:/Users/tau/Documents/Labs-CA-T1/LAB11/lab11.sim/sim_1/behav/xsim'
"xelab -wto f8d01134f7dc4a89acf0d8e4e2a22205 --incr --debug typical --relax --mt 2 -L xil_defaultlib -L unisims_ver -L unimacro_ver -L secureip --snapshot tb_TopLevelProcessor_behav xil_defaultlib.tb_TopLevelProcessor xil_defaultlib.glbl -log elaborate.log"
Vivado Simulator 2020.1
Copyright 1986-1999, 2001-2020 Xilinx, Inc. All Rights Reserved.
Running: C:/Xilinx/Vivado/2020.1/bin/unwrapped/win64.o/xelab.exe -wto f8d01134f7dc4a89acf0d8e4e2a22205 --incr --debug typical --relax --mt 2 -L xil_defaultlib -L unisims_ver -L unimacro_ver -L secureip --snapshot tb_TopLevelProcessor_behav xil_defaultlib.tb_TopLevelProcessor xil_defaultlib.glbl -log elaborate.log 
Using 2 slave threads.
Starting static elaboration
Pass Through NonSizing Optimizer
Completed static elaboration
Starting simulation data flow analysis
Completed simulation data flow analysis
Time Resolution for simulation is 1ps
Compiling module xil_defaultlib.ALU
Compiling module xil_defaultlib.Register
Compiling module xil_defaultlib.DataMemory
Compiling module xil_defaultlib.MainControl
Compiling module xil_defaultlib.ALUControl
Compiling module xil_defaultlib.instructionMemory
Compiling module xil_defaultlib.branch_MUX
Compiling module xil_defaultlib.PC
Compiling module xil_defaultlib.PCAdder
Compiling module xil_defaultlib.BranchAdd
Compiling module xil_defaultlib.immGen
Compiling module xil_defaultlib.topProcessor
Compiling module xil_defaultlib.tb_TopLevelProcessor
Compiling module xil_defaultlib.glbl
Built simulation snapshot tb_TopLevelProcessor_behav
INFO: [USF-XSim-69] 'elaborate' step finished in '2' seconds
INFO: [USF-XSim-4] XSim::Simulate design
INFO: [USF-XSim-61] Executing 'SIMULATE' step in 'C:/Users/tau/Documents/Labs-CA-T1/LAB11/lab11.sim/sim_1/behav/xsim'
INFO: [USF-XSim-98] *** Running xsim
   with args "tb_TopLevelProcessor_behav -key {Behavioral:sim_1:Functional:tb_TopLevelProcessor} -tclbatch {tb_TopLevelProcessor.tcl} -log {simulate.log}"
INFO: [USF-XSim-8] Loading simulator feature
Vivado Simulator 2020.1
Time resolution is 1 ps
source tb_TopLevelProcessor.tcl
# set curr_wave [current_wave_config]
# if { [string length $curr_wave] == 0 } {
#   if { [llength [get_objects]] > 0} {
#     add_wave /
#     set_property needs_save false [current_wave_config]
#   } else {
#      send_msg_id Add_Wave-1 WARNING "No top level signals found. Simulator will start without a wave window. If you want to open a wave window go to 'File->New Waveform Configuration' or type 'create_wave_config' in the TCL console."
#   }
# }
# run 1000ns
Time=0 | PC=x | LEDs=xxxxxxxxxxxxxxxx | LEDs_decimal=x
Time=5000 | PC=0 | LEDs=0000000000000000 | LEDs_decimal=0
Time=25000 | PC=4 | LEDs=xxxxxxxxxxxxxxxx | LEDs_decimal=x
Time=35000 | PC=8 | LEDs=xxxxxxxxxxxxxxxx | LEDs_decimal=x
Time=45000 | PC=12 | LEDs=xxxxxxxxxxxxxxxx | LEDs_decimal=x
Time=55000 | PC=16 | LEDs=xxxxxxxxxxxxxxxx | LEDs_decimal=x
Time=65000 | PC=20 | LEDs=xxxxxxxxxxxxxxxx | LEDs_decimal=x
Time=75000 | PC=24 | LEDs=xxxxxxxxxxxxxxxx | LEDs_decimal=x
Time=85000 | PC=28 | LEDs=xxxxxxxxxxxxxxxx | LEDs_decimal=x
Time=95000 | PC=32 | LEDs=xxxxxxxxxxxxxxxx | LEDs_decimal=x
Time=105000 | PC=36 | LEDs=xxxxxxxxxxxxxxxx | LEDs_decimal=x
Time=115000 | PC=40 | LEDs=xxxxxxxxxxxxxxxx | LEDs_decimal=x
Time=125000 | PC=44 | LEDs=xxxxxxxxxxxxxxxx | LEDs_decimal=x
Time=135000 | PC=48 | LEDs=xxxxxxxxxxxxxxxx | LEDs_decimal=x
Time=145000 | PC=52 | LEDs=xxxxxxxxxxxxxxxx | LEDs_decimal=x
Time=155000 | PC=56 | LEDs=xxxxxxxxxxxxxxxx | LEDs_decimal=x
Time=165000 | PC=60 | LEDs=xxxxxxxxxxxxxxxx | LEDs_decimal=x
Time=175000 | PC=64 | LEDs=xxxxxxxxxxxxxxxx | LEDs_decimal=x
Time=185000 | PC=68 | LEDs=xxxxxxxxxxxxxxxx | LEDs_decimal=x
Time=195000 | PC=72 | LEDs=xxxxxxxxxxxxxxxx | LEDs_decimal=x
Time=205000 | PC=76 | LEDs=xxxxxxxxxxxxxxxx | LEDs_decimal=x
Time=215000 | PC=80 | LEDs=xxxxxxxxxxxxxxxx | LEDs_decimal=x
Time=225000 | PC=84 | LEDs=xxxxxxxxxxxxxxxx | LEDs_decimal=x
Time=235000 | PC=88 | LEDs=xxxxxxxxxxxxxxxx | LEDs_decimal=x
Time=245000 | PC=92 | LEDs=xxxxxxxxxxxxxxxx | LEDs_decimal=x
Time=255000 | PC=96 | LEDs=xxxxxxxxxxxxxxxx | LEDs_decimal=x
Time=265000 | PC=100 | LEDs=xxxxxxxxxxxxxxxx | LEDs_decimal=x
Time=275000 | PC=104 | LEDs=xxxxxxxxxxxxxxxx | LEDs_decimal=x
Time=285000 | PC=108 | LEDs=xxxxxxxxxxxxxxxx | LEDs_decimal=x
Time=295000 | PC=112 | LEDs=xxxxxxxxxxxxxxxx | LEDs_decimal=x
Time=305000 | PC=116 | LEDs=xxxxxxxxxxxxxxxx | LEDs_decimal=x
Time=315000 | PC=120 | LEDs=xxxxxxxxxxxxxxxx | LEDs_decimal=x
Time=325000 | PC=124 | LEDs=xxxxxxxxxxxxxxxx | LEDs_decimal=x
Time=335000 | PC=128 | LEDs=xxxxxxxxxxxxxxxx | LEDs_decimal=x
Time=345000 | PC=132 | LEDs=xxxxxxxxxxxxxxxx | LEDs_decimal=x
Time=355000 | PC=136 | LEDs=xxxxxxxxxxxxxxxx | LEDs_decimal=x
Time=365000 | PC=140 | LEDs=xxxxxxxxxxxxxxxx | LEDs_decimal=x
Time=375000 | PC=144 | LEDs=xxxxxxxxxxxxxxxx | LEDs_decimal=x
Time=385000 | PC=148 | LEDs=xxxxxxxxxxxxxxxx | LEDs_decimal=x
Time=395000 | PC=152 | LEDs=xxxxxxxxxxxxxxxx | LEDs_decimal=x
Time=405000 | PC=156 | LEDs=xxxxxxxxxxxxxxxx | LEDs_decimal=x
Time=415000 | PC=160 | LEDs=xxxxxxxxxxxxxxxx | LEDs_decimal=x
Time=425000 | PC=164 | LEDs=xxxxxxxxxxxxxxxx | LEDs_decimal=x
Time=435000 | PC=168 | LEDs=xxxxxxxxxxxxxxxx | LEDs_decimal=x
Time=445000 | PC=172 | LEDs=xxxxxxxxxxxxxxxx | LEDs_decimal=x
Time=455000 | PC=176 | LEDs=xxxxxxxxxxxxxxxx | LEDs_decimal=x
Time=465000 | PC=180 | LEDs=xxxxxxxxxxxxxxxx | LEDs_decimal=x
Time=475000 | PC=184 | LEDs=xxxxxxxxxxxxxxxx | LEDs_decimal=x
Time=485000 | PC=188 | LEDs=xxxxxxxxxxxxxxxx | LEDs_decimal=x
Time=495000 | PC=192 | LEDs=xxxxxxxxxxxxxxxx | LEDs_decimal=x
Time=505000 | PC=196 | LEDs=xxxxxxxxxxxxxxxx | LEDs_decimal=x
Time=515000 | PC=200 | LEDs=xxxxxxxxxxxxxxxx | LEDs_decimal=x
Time=525000 | PC=204 | LEDs=xxxxxxxxxxxxxxxx | LEDs_decimal=x
Time=535000 | PC=208 | LEDs=xxxxxxxxxxxxxxxx | LEDs_decimal=x
Time=545000 | PC=212 | LEDs=xxxxxxxxxxxxxxxx | LEDs_decimal=x
Time=555000 | PC=216 | LEDs=xxxxxxxxxxxxxxxx | LEDs_decimal=x
Time=565000 | PC=220 | LEDs=xxxxxxxxxxxxxxxx | LEDs_decimal=x
Time=575000 | PC=224 | LEDs=xxxxxxxxxxxxxxxx | LEDs_decimal=x
Time=585000 | PC=228 | LEDs=xxxxxxxxxxxxxxxx | LEDs_decimal=x
Time=595000 | PC=232 | LEDs=xxxxxxxxxxxxxxxx | LEDs_decimal=x
Time=605000 | PC=236 | LEDs=xxxxxxxxxxxxxxxx | LEDs_decimal=x
Time=615000 | PC=240 | LEDs=xxxxxxxxxxxxxxxx | LEDs_decimal=x
Time=625000 | PC=244 | LEDs=xxxxxxxxxxxxxxxx | LEDs_decimal=x
Time=635000 | PC=248 | LEDs=xxxxxxxxxxxxxxxx | LEDs_decimal=x
Time=645000 | PC=252 | LEDs=xxxxxxxxxxxxxxxx | LEDs_decimal=x
Time=655000 | PC=256 | LEDs=xxxxxxxxxxxxxxxx | LEDs_decimal=x
Time=665000 | PC=260 | LEDs=xxxxxxxxxxxxxxxx | LEDs_decimal=x
Time=675000 | PC=264 | LEDs=xxxxxxxxxxxxxxxx | LEDs_decimal=x
Time=685000 | PC=268 | LEDs=xxxxxxxxxxxxxxxx | LEDs_decimal=x
Time=695000 | PC=272 | LEDs=xxxxxxxxxxxxxxxx | LEDs_decimal=x
Time=705000 | PC=276 | LEDs=xxxxxxxxxxxxxxxx | LEDs_decimal=x
Time=715000 | PC=280 | LEDs=xxxxxxxxxxxxxxxx | LEDs_decimal=x
Time=725000 | PC=284 | LEDs=xxxxxxxxxxxxxxxx | LEDs_decimal=x
Time=735000 | PC=288 | LEDs=xxxxxxxxxxxxxxxx | LEDs_decimal=x
Time=745000 | PC=292 | LEDs=xxxxxxxxxxxxxxxx | LEDs_decimal=x
Time=755000 | PC=296 | LEDs=xxxxxxxxxxxxxxxx | LEDs_decimal=x
Time=765000 | PC=300 | LEDs=xxxxxxxxxxxxxxxx | LEDs_decimal=x
Time=775000 | PC=304 | LEDs=xxxxxxxxxxxxxxxx | LEDs_decimal=x
Time=785000 | PC=308 | LEDs=xxxxxxxxxxxxxxxx | LEDs_decimal=x
Time=795000 | PC=312 | LEDs=xxxxxxxxxxxxxxxx | LEDs_decimal=x
Time=805000 | PC=316 | LEDs=xxxxxxxxxxxxxxxx | LEDs_decimal=x
Time=815000 | PC=320 | LEDs=xxxxxxxxxxxxxxxx | LEDs_decimal=x
Time=825000 | PC=324 | LEDs=xxxxxxxxxxxxxxxx | LEDs_decimal=x
Time=835000 | PC=328 | LEDs=xxxxxxxxxxxxxxxx | LEDs_decimal=x
Time=845000 | PC=332 | LEDs=xxxxxxxxxxxxxxxx | LEDs_decimal=x
Time=855000 | PC=336 | LEDs=xxxxxxxxxxxxxxxx | LEDs_decimal=x
Time=865000 | PC=340 | LEDs=xxxxxxxxxxxxxxxx | LEDs_decimal=x
Time=875000 | PC=344 | LEDs=xxxxxxxxxxxxxxxx | LEDs_decimal=x
Time=885000 | PC=348 | LEDs=xxxxxxxxxxxxxxxx | LEDs_decimal=x
Time=895000 | PC=352 | LEDs=xxxxxxxxxxxxxxxx | LEDs_decimal=x
Time=905000 | PC=356 | LEDs=xxxxxxxxxxxxxxxx | LEDs_decimal=x
Time=915000 | PC=360 | LEDs=xxxxxxxxxxxxxxxx | LEDs_decimal=x
Time=925000 | PC=364 | LEDs=xxxxxxxxxxxxxxxx | LEDs_decimal=x
Time=935000 | PC=368 | LEDs=xxxxxxxxxxxxxxxx | LEDs_decimal=x
Time=945000 | PC=372 | LEDs=xxxxxxxxxxxxxxxx | LEDs_decimal=x
Time=955000 | PC=376 | LEDs=xxxxxxxxxxxxxxxx | LEDs_decimal=x
Time=965000 | PC=380 | LEDs=xxxxxxxxxxxxxxxx | LEDs_decimal=x
Time=975000 | PC=384 | LEDs=xxxxxxxxxxxxxxxx | LEDs_decimal=x
Time=985000 | PC=388 | LEDs=xxxxxxxxxxxxxxxx | LEDs_decimal=x
Time=995000 | PC=392 | LEDs=xxxxxxxxxxxxxxxx | LEDs_decimal=x
INFO: [USF-XSim-96] XSim completed. Design snapshot 'tb_TopLevelProcessor_behav' loaded.
INFO: [USF-XSim-97] XSim simulation ran for 1000ns
launch_simulation: Time (s): cpu = 00:00:02 ; elapsed = 00:00:06 . Memory (MB): peak = 2315.582 ; gain = 0.000
WARNING: [filemgmt 56-199] Attempt to get parsing info during refresh. "On-the-fly" syntax checking information may be incorrect. [C:\Users\tau\Documents\Labs-CA-T1\LAB11\lab11.srcs\sim_1\new\toptb.v:]
WARNING: [filemgmt 56-199] Attempt to get parsing info during refresh. "On-the-fly" syntax checking information may be incorrect. [C:\Users\tau\Documents\Labs-CA-T1\LAB11\lab11.srcs\sources_1\new\InstructionMemory.v:]
WARNING: [filemgmt 56-199] Attempt to get parsing info during refresh. "On-the-fly" syntax checking information may be incorrect. [C:\Users\tau\Documents\Labs-CA-T1\LAB11\lab11.srcs\sources_1\new\TopProcessor.v:]
WARNING: [filemgmt 56-199] Attempt to get parsing info during refresh. "On-the-fly" syntax checking information may be incorrect. [C:\Users\tau\Documents\Labs-CA-T1\LAB11\lab11.srcs\sim_1\new\toptb.v:]
WARNING: [filemgmt 56-199] Attempt to get parsing info during refresh. "On-the-fly" syntax checking information may be incorrect. [C:\Users\tau\Documents\Labs-CA-T1\LAB11\lab11.srcs\sources_1\new\InstructionMemory.v:]
WARNING: [filemgmt 56-199] Attempt to get parsing info during refresh. "On-the-fly" syntax checking information may be incorrect. [C:\Users\tau\Documents\Labs-CA-T1\LAB11\lab11.srcs\sources_1\new\TopProcessor.v:]
ERROR: [Common 17-180] Spawn failed: No error
copy_run -name synth_1_copy_1 [get_runs synth_1] 
synth_1_copy_1
set_property {STEPS.SYNTH_DESIGN.ARGS.MORE OPTIONS} C:/Users/tau/Documents/Labs-CA-T1/LAB11/lab11.srcs/sources_1/new/ [get_runs synth_1]
reset_run synth_1
WARNING: [Vivado 12-1017] Problems encountered:
1. Failed to delete one or more files in run directory C:/Users/tau/Documents/Labs-CA-T1/LAB11/lab11.runs/synth_1

launch_runs synth_1 -jobs 6
[Sun Apr 19 20:30:40 2026] Launched synth_1...
Run output will be captured here: C:/Users/tau/Documents/Labs-CA-T1/LAB11/lab11.runs/synth_1/runme.log
close_sim
INFO: [Simtcl 6-16] Simulation closed
set_property {STEPS.SYNTH_DESIGN.ARGS.MORE OPTIONS} {} [get_runs synth_1]
reset_run synth_1
launch_runs synth_1 -jobs 6
[Sun Apr 19 20:31:44 2026] Launched synth_1...
Run output will be captured here: C:/Users/tau/Documents/Labs-CA-T1/LAB11/lab11.runs/synth_1/runme.log
launch_simulation
Command: launch_simulation 
INFO: [Vivado 12-5682] Launching behavioral simulation in 'C:/Users/tau/Documents/Labs-CA-T1/LAB11/lab11.sim/sim_1/behav/xsim'
INFO: [SIM-utils-51] Simulation object is 'sim_1'
INFO: [SIM-utils-54] Inspecting design source files for 'tb_TopLevelProcessor' in fileset 'sim_1'...
INFO: [SIM-utils-43] Exported 'C:/Users/tau/Documents/Labs-CA-T1/LAB11/lab11.sim/sim_1/behav/xsim/instructions.mem'
INFO: [SIM-utils-43] Exported 'C:/Users/tau/Documents/Labs-CA-T1/LAB11/lab11.sim/sim_1/behav/xsim/instructions.mem'
INFO: [USF-XSim-97] Finding global include files...
INFO: [USF-XSim-98] Fetching design files from 'sim_1'...
INFO: [USF-XSim-2] XSim::Compile design
INFO: [USF-XSim-61] Executing 'COMPILE and ANALYZE' step in 'C:/Users/tau/Documents/Labs-CA-T1/LAB11/lab11.sim/sim_1/behav/xsim'
"xvlog --incr --relax -prj tb_TopLevelProcessor_vlog.prj"
INFO: [USF-XSim-69] 'compile' step finished in '1' seconds
INFO: [USF-XSim-3] XSim::Elaborate design
INFO: [USF-XSim-61] Executing 'ELABORATE' step in 'C:/Users/tau/Documents/Labs-CA-T1/LAB11/lab11.sim/sim_1/behav/xsim'
"xelab -wto f8d01134f7dc4a89acf0d8e4e2a22205 --incr --debug typical --relax --mt 2 -L xil_defaultlib -L unisims_ver -L unimacro_ver -L secureip --snapshot tb_TopLevelProcessor_behav xil_defaultlib.tb_TopLevelProcessor xil_defaultlib.glbl -log elaborate.log"
Vivado Simulator 2020.1
Copyright 1986-1999, 2001-2020 Xilinx, Inc. All Rights Reserved.
Running: C:/Xilinx/Vivado/2020.1/bin/unwrapped/win64.o/xelab.exe -wto f8d01134f7dc4a89acf0d8e4e2a22205 --incr --debug typical --relax --mt 2 -L xil_defaultlib -L unisims_ver -L unimacro_ver -L secureip --snapshot tb_TopLevelProcessor_behav xil_defaultlib.tb_TopLevelProcessor xil_defaultlib.glbl -log elaborate.log 
Using 2 slave threads.
Starting static elaboration
Pass Through NonSizing Optimizer
Completed static elaboration
INFO: [XSIM 43-4323] No Change in HDL. Linking previously generated obj files to create kernel
INFO: [USF-XSim-69] 'elaborate' step finished in '2' seconds
INFO: [USF-XSim-4] XSim::Simulate design
INFO: [USF-XSim-61] Executing 'SIMULATE' step in 'C:/Users/tau/Documents/Labs-CA-T1/LAB11/lab11.sim/sim_1/behav/xsim'
INFO: [USF-XSim-98] *** Running xsim
   with args "tb_TopLevelProcessor_behav -key {Behavioral:sim_1:Functional:tb_TopLevelProcessor} -tclbatch {tb_TopLevelProcessor.tcl} -log {simulate.log}"
INFO: [USF-XSim-8] Loading simulator feature
Vivado Simulator 2020.1
Time resolution is 1 ps
source tb_TopLevelProcessor.tcl
# set curr_wave [current_wave_config]
# if { [string length $curr_wave] == 0 } {
#   if { [llength [get_objects]] > 0} {
#     add_wave /
#     set_property needs_save false [current_wave_config]
#   } else {
#      send_msg_id Add_Wave-1 WARNING "No top level signals found. Simulator will start without a wave window. If you want to open a wave window go to 'File->New Waveform Configuration' or type 'create_wave_config' in the TCL console."
#   }
# }
# run 1000ns
Time=0 | PC=x | LEDs=xxxxxxxxxxxxxxxx | LEDs_decimal=x
Time=5000 | PC=0 | LEDs=0000000000000000 | LEDs_decimal=0
Time=25000 | PC=4 | LEDs=xxxxxxxxxxxxxxxx | LEDs_decimal=x
Time=35000 | PC=8 | LEDs=xxxxxxxxxxxxxxxx | LEDs_decimal=x
Time=45000 | PC=12 | LEDs=xxxxxxxxxxxxxxxx | LEDs_decimal=x
Time=55000 | PC=16 | LEDs=xxxxxxxxxxxxxxxx | LEDs_decimal=x
Time=65000 | PC=20 | LEDs=xxxxxxxxxxxxxxxx | LEDs_decimal=x
Time=75000 | PC=24 | LEDs=xxxxxxxxxxxxxxxx | LEDs_decimal=x
Time=85000 | PC=28 | LEDs=xxxxxxxxxxxxxxxx | LEDs_decimal=x
Time=95000 | PC=32 | LEDs=xxxxxxxxxxxxxxxx | LEDs_decimal=x
Time=105000 | PC=36 | LEDs=xxxxxxxxxxxxxxxx | LEDs_decimal=x
Time=115000 | PC=40 | LEDs=xxxxxxxxxxxxxxxx | LEDs_decimal=x
Time=125000 | PC=44 | LEDs=xxxxxxxxxxxxxxxx | LEDs_decimal=x
Time=135000 | PC=48 | LEDs=xxxxxxxxxxxxxxxx | LEDs_decimal=x
Time=145000 | PC=52 | LEDs=xxxxxxxxxxxxxxxx | LEDs_decimal=x
Time=155000 | PC=56 | LEDs=xxxxxxxxxxxxxxxx | LEDs_decimal=x
Time=165000 | PC=60 | LEDs=xxxxxxxxxxxxxxxx | LEDs_decimal=x
Time=175000 | PC=64 | LEDs=xxxxxxxxxxxxxxxx | LEDs_decimal=x
Time=185000 | PC=68 | LEDs=xxxxxxxxxxxxxxxx | LEDs_decimal=x
Time=195000 | PC=72 | LEDs=xxxxxxxxxxxxxxxx | LEDs_decimal=x
Time=205000 | PC=76 | LEDs=xxxxxxxxxxxxxxxx | LEDs_decimal=x
Time=215000 | PC=80 | LEDs=xxxxxxxxxxxxxxxx | LEDs_decimal=x
Time=225000 | PC=84 | LEDs=xxxxxxxxxxxxxxxx | LEDs_decimal=x
Time=235000 | PC=88 | LEDs=xxxxxxxxxxxxxxxx | LEDs_decimal=x
Time=245000 | PC=92 | LEDs=xxxxxxxxxxxxxxxx | LEDs_decimal=x
Time=255000 | PC=96 | LEDs=xxxxxxxxxxxxxxxx | LEDs_decimal=x
Time=265000 | PC=100 | LEDs=xxxxxxxxxxxxxxxx | LEDs_decimal=x
Time=275000 | PC=104 | LEDs=xxxxxxxxxxxxxxxx | LEDs_decimal=x
Time=285000 | PC=108 | LEDs=xxxxxxxxxxxxxxxx | LEDs_decimal=x
Time=295000 | PC=112 | LEDs=xxxxxxxxxxxxxxxx | LEDs_decimal=x
Time=305000 | PC=116 | LEDs=xxxxxxxxxxxxxxxx | LEDs_decimal=x
Time=315000 | PC=120 | LEDs=xxxxxxxxxxxxxxxx | LEDs_decimal=x
Time=325000 | PC=124 | LEDs=xxxxxxxxxxxxxxxx | LEDs_decimal=x
Time=335000 | PC=128 | LEDs=xxxxxxxxxxxxxxxx | LEDs_decimal=x
Time=345000 | PC=132 | LEDs=xxxxxxxxxxxxxxxx | LEDs_decimal=x
Time=355000 | PC=136 | LEDs=xxxxxxxxxxxxxxxx | LEDs_decimal=x
Time=365000 | PC=140 | LEDs=xxxxxxxxxxxxxxxx | LEDs_decimal=x
Time=375000 | PC=144 | LEDs=xxxxxxxxxxxxxxxx | LEDs_decimal=x
Time=385000 | PC=148 | LEDs=xxxxxxxxxxxxxxxx | LEDs_decimal=x
Time=395000 | PC=152 | LEDs=xxxxxxxxxxxxxxxx | LEDs_decimal=x
Time=405000 | PC=156 | LEDs=xxxxxxxxxxxxxxxx | LEDs_decimal=x
Time=415000 | PC=160 | LEDs=xxxxxxxxxxxxxxxx | LEDs_decimal=x
Time=425000 | PC=164 | LEDs=xxxxxxxxxxxxxxxx | LEDs_decimal=x
Time=435000 | PC=168 | LEDs=xxxxxxxxxxxxxxxx | LEDs_decimal=x
Time=445000 | PC=172 | LEDs=xxxxxxxxxxxxxxxx | LEDs_decimal=x
Time=455000 | PC=176 | LEDs=xxxxxxxxxxxxxxxx | LEDs_decimal=x
Time=465000 | PC=180 | LEDs=xxxxxxxxxxxxxxxx | LEDs_decimal=x
Time=475000 | PC=184 | LEDs=xxxxxxxxxxxxxxxx | LEDs_decimal=x
Time=485000 | PC=188 | LEDs=xxxxxxxxxxxxxxxx | LEDs_decimal=x
Time=495000 | PC=192 | LEDs=xxxxxxxxxxxxxxxx | LEDs_decimal=x
Time=505000 | PC=196 | LEDs=xxxxxxxxxxxxxxxx | LEDs_decimal=x
Time=515000 | PC=200 | LEDs=xxxxxxxxxxxxxxxx | LEDs_decimal=x
Time=525000 | PC=204 | LEDs=xxxxxxxxxxxxxxxx | LEDs_decimal=x
Time=535000 | PC=208 | LEDs=xxxxxxxxxxxxxxxx | LEDs_decimal=x
Time=545000 | PC=212 | LEDs=xxxxxxxxxxxxxxxx | LEDs_decimal=x
Time=555000 | PC=216 | LEDs=xxxxxxxxxxxxxxxx | LEDs_decimal=x
Time=565000 | PC=220 | LEDs=xxxxxxxxxxxxxxxx | LEDs_decimal=x
Time=575000 | PC=224 | LEDs=xxxxxxxxxxxxxxxx | LEDs_decimal=x
Time=585000 | PC=228 | LEDs=xxxxxxxxxxxxxxxx | LEDs_decimal=x
Time=595000 | PC=232 | LEDs=xxxxxxxxxxxxxxxx | LEDs_decimal=x
Time=605000 | PC=236 | LEDs=xxxxxxxxxxxxxxxx | LEDs_decimal=x
Time=615000 | PC=240 | LEDs=xxxxxxxxxxxxxxxx | LEDs_decimal=x
Time=625000 | PC=244 | LEDs=xxxxxxxxxxxxxxxx | LEDs_decimal=x
Time=635000 | PC=248 | LEDs=xxxxxxxxxxxxxxxx | LEDs_decimal=x
Time=645000 | PC=252 | LEDs=xxxxxxxxxxxxxxxx | LEDs_decimal=x
Time=655000 | PC=256 | LEDs=xxxxxxxxxxxxxxxx | LEDs_decimal=x
Time=665000 | PC=260 | LEDs=xxxxxxxxxxxxxxxx | LEDs_decimal=x
Time=675000 | PC=264 | LEDs=xxxxxxxxxxxxxxxx | LEDs_decimal=x
Time=685000 | PC=268 | LEDs=xxxxxxxxxxxxxxxx | LEDs_decimal=x
Time=695000 | PC=272 | LEDs=xxxxxxxxxxxxxxxx | LEDs_decimal=x
Time=705000 | PC=276 | LEDs=xxxxxxxxxxxxxxxx | LEDs_decimal=x
Time=715000 | PC=280 | LEDs=xxxxxxxxxxxxxxxx | LEDs_decimal=x
Time=725000 | PC=284 | LEDs=xxxxxxxxxxxxxxxx | LEDs_decimal=x
Time=735000 | PC=288 | LEDs=xxxxxxxxxxxxxxxx | LEDs_decimal=x
Time=745000 | PC=292 | LEDs=xxxxxxxxxxxxxxxx | LEDs_decimal=x
Time=755000 | PC=296 | LEDs=xxxxxxxxxxxxxxxx | LEDs_decimal=x
Time=765000 | PC=300 | LEDs=xxxxxxxxxxxxxxxx | LEDs_decimal=x
Time=775000 | PC=304 | LEDs=xxxxxxxxxxxxxxxx | LEDs_decimal=x
Time=785000 | PC=308 | LEDs=xxxxxxxxxxxxxxxx | LEDs_decimal=x
Time=795000 | PC=312 | LEDs=xxxxxxxxxxxxxxxx | LEDs_decimal=x
Time=805000 | PC=316 | LEDs=xxxxxxxxxxxxxxxx | LEDs_decimal=x
Time=815000 | PC=320 | LEDs=xxxxxxxxxxxxxxxx | LEDs_decimal=x
Time=825000 | PC=324 | LEDs=xxxxxxxxxxxxxxxx | LEDs_decimal=x
Time=835000 | PC=328 | LEDs=xxxxxxxxxxxxxxxx | LEDs_decimal=x
Time=845000 | PC=332 | LEDs=xxxxxxxxxxxxxxxx | LEDs_decimal=x
Time=855000 | PC=336 | LEDs=xxxxxxxxxxxxxxxx | LEDs_decimal=x
Time=865000 | PC=340 | LEDs=xxxxxxxxxxxxxxxx | LEDs_decimal=x
Time=875000 | PC=344 | LEDs=xxxxxxxxxxxxxxxx | LEDs_decimal=x
Time=885000 | PC=348 | LEDs=xxxxxxxxxxxxxxxx | LEDs_decimal=x
Time=895000 | PC=352 | LEDs=xxxxxxxxxxxxxxxx | LEDs_decimal=x
Time=905000 | PC=356 | LEDs=xxxxxxxxxxxxxxxx | LEDs_decimal=x
Time=915000 | PC=360 | LEDs=xxxxxxxxxxxxxxxx | LEDs_decimal=x
Time=925000 | PC=364 | LEDs=xxxxxxxxxxxxxxxx | LEDs_decimal=x
Time=935000 | PC=368 | LEDs=xxxxxxxxxxxxxxxx | LEDs_decimal=x
Time=945000 | PC=372 | LEDs=xxxxxxxxxxxxxxxx | LEDs_decimal=x
Time=955000 | PC=376 | LEDs=xxxxxxxxxxxxxxxx | LEDs_decimal=x
Time=965000 | PC=380 | LEDs=xxxxxxxxxxxxxxxx | LEDs_decimal=x
Time=975000 | PC=384 | LEDs=xxxxxxxxxxxxxxxx | LEDs_decimal=x
Time=985000 | PC=388 | LEDs=xxxxxxxxxxxxxxxx | LEDs_decimal=x
Time=995000 | PC=392 | LEDs=xxxxxxxxxxxxxxxx | LEDs_decimal=x
INFO: [USF-XSim-96] XSim completed. Design snapshot 'tb_TopLevelProcessor_behav' loaded.
INFO: [USF-XSim-97] XSim simulation ran for 1000ns
launch_simulation: Time (s): cpu = 00:00:04 ; elapsed = 00:00:06 . Memory (MB): peak = 3352.293 ; gain = 10.133
launch_runs impl_1 -jobs 6
[Sun Apr 19 20:36:55 2026] Launched impl_1...
Run output will be captured here: C:/Users/tau/Documents/Labs-CA-T1/LAB11/lab11.runs/impl_1/runme.log
close_sim
INFO: [Simtcl 6-16] Simulation closed
exit
INFO: [Common 17-206] Exiting Vivado at Sun Apr 19 20:38:21 2026...
