#-----------------------------------------------------------
# Vivado v2020.1 (64-bit)
# SW Build 2902540 on Wed May 27 19:54:49 MDT 2020
# IP Build 2902112 on Wed May 27 22:43:36 MDT 2020
# Start of session at: Tue Apr 28 16:43:18 2026
# Process ID: 5236
# Current directory: C:/Users/tau/Documents/CA-Labs-T1/TopProcessor
# Command line: vivado.exe -gui_launcher_event rodinguilauncherevent14280 C:\Users\tau\Documents\CA-Labs-T1\TopProcessor\lab11.xpr
# Log file: C:/Users/tau/Documents/CA-Labs-T1/TopProcessor/vivado.log
# Journal file: C:/Users/tau/Documents/CA-Labs-T1/TopProcessor\vivado.jou
#-----------------------------------------------------------
start_gui
open_project C:/Users/tau/Documents/CA-Labs-T1/TopProcessor/lab11.xpr
update_compile_order -fileset sources_1
launch_simulation
source tb_countdown.tcl
current_wave_config {Untitled 1}
add_wave {{/tb_countdown/uut/data_mem_inst/memory[8]}} 
relaunch_sim
relaunch_sim
set_property SOURCE_SET sources_1 [get_filesets sim_1]
close [ open C:/Users/tau/Documents/CA-Labs-T1/TopProcessor/lab11.srcs/sim_1/new/instructions_task3.mem w ]
add_files -fileset sim_1 C:/Users/tau/Documents/CA-Labs-T1/TopProcessor/lab11.srcs/sim_1/new/instructions_task3.mem
close_sim
