Vivado Simulator 2020.1
Copyright 1986-1999, 2001-2020 Xilinx, Inc. All Rights Reserved.
Running: C:/Xilinx/Vivado/2020.1/bin/unwrapped/win64.o/xelab.exe -wto f8d01134f7dc4a89acf0d8e4e2a22205 --incr --debug typical --relax --mt 2 -L xil_defaultlib -L unisims_ver -L unimacro_ver -L secureip --snapshot tb_task3_behav xil_defaultlib.tb_task3 xil_defaultlib.glbl -log elaborate.log 
Using 2 slave threads.
Starting static elaboration
Pass Through NonSizing Optimizer
WARNING: [VRFC 10-5021] port 'fast_clk' is not connected on this instance [C:/Users/tau/Documents/CA-Labs-T1/TopProcessor/lab11.srcs/sim_1/new/tb_task3.v:32]
Completed static elaboration
Starting simulation data flow analysis
Completed simulation data flow analysis
Time Resolution for simulation is 1ps
Compiling module xil_defaultlib.ALU
Compiling module xil_defaultlib.Register
Compiling module xil_defaultlib.DataMemory
Compiling module xil_defaultlib.MainControl
Compiling module xil_defaultlib.ALUControl
Compiling module xil_defaultlib.instructionMemory
Compiling module xil_defaultlib.branch_MUX
Compiling module xil_defaultlib.PC
Compiling module xil_defaultlib.PCAdder
Compiling module xil_defaultlib.BranchAdd
Compiling module xil_defaultlib.immGen
Compiling module xil_defaultlib.SevenSegment
Compiling module xil_defaultlib.topProcessor
Compiling module xil_defaultlib.tb_task3
Compiling module xil_defaultlib.glbl
Built simulation snapshot tb_task3_behav
